
[1m[30m[46m RUN [49m[39m[22m [36mv4.1.5 [39m[90m/app[39m
      [2mCoverage enabled with [22m[33mv8[39m

[90mstderr[2m | tests/unit/webhook/routes-handlers.test.ts[2m > [22m[2mWebhook Route Handlers[2m > [22m[2mhandleSubscribe()[2m > [22m[2mshould reject missing required fields
[22m[39m{"level":"error","message":"Cannot create property 'lastUsed' on string '{\"userId\":\"test-user\",\"role\":\"admin\",\"createdAt\":\"2026-05-11T10:22:54.320Z\"}'","timestamp":"2026-05-11T10:22:54.331Z","context":{"component":"webhook","error_class":"SystemError","phase":"init","retryable":false,"handler":"handleSubscribe"}}

[90mstderr[2m | tests/unit/webhook/routes-handlers.test.ts[2m > [22m[2mWebhook Route Handlers[2m > [22m[2mhandleSubscribe()[2m > [22m[2mshould reject missing required fields
[22m[39m{"level":"error","message":"Cannot create property 'lastUsed' on string '{\"userId\":\"test-user\",\"role\":\"admin\",\"createdAt\":\"2026-05-11T10:22:54.351Z\"}'","timestamp":"2026-05-11T10:22:54.353Z","context":{"component":"webhook","error_class":"SystemError","phase":"init","retryable":false,"handler":"handleSubscribe"}}

[90mstderr[2m | tests/unit/webhook/routes-handlers.test.ts[2m > [22m[2mWebhook Route Handlers[2m > [22m[2mhandleSubscribe()[2m > [22m[2mshould reject invalid URL
[22m[39m{"level":"error","message":"Cannot create property 'lastUsed' on string '{\"userId\":\"test-user\",\"role\":\"admin\",\"createdAt\":\"2026-05-11T10:22:54.355Z\"}'","timestamp":"2026-05-11T10:22:54.355Z","context":{"component":"webhook","error_class":"SystemError","phase":"init","retryable":false,"handler":"handleSubscribe"}}

[90mstderr[2m | tests/unit/webhook/routes-handlers.test.ts[2m > [22m[2mWebhook Route Handlers[2m > [22m[2mhandleSubscribe()[2m > [22m[2mshould reject invalid URL
[22m[39m{"level":"error","message":"Cannot create property 'lastUsed' on string '{\"userId\":\"test-user\",\"role\":\"admin\",\"createdAt\":\"2026-05-11T10:22:54.356Z\"}'","timestamp":"2026-05-11T10:22:54.357Z","context":{"component":"webhook","error_class":"SystemError","phase":"init","retryable":false,"handler":"handleSubscribe"}}

[90mstderr[2m | tests/unit/webhook/routes-handlers.test.ts[2m > [22m[2mWebhook Route Handlers[2m > [22m[2mhandleSubscribe()[2m > [22m[2mshould reject invalid event types
[22m[39m{"level":"error","message":"Cannot create property 'lastUsed' on string '{\"userId\":\"test-user\",\"role\":\"admin\",\"createdAt\":\"2026-05-11T10:22:54.359Z\"}'","timestamp":"2026-05-11T10:22:54.359Z","context":{"component":"webhook","error_class":"SystemError","phase":"init","retryable":false,"handler":"handleSubscribe"}}

[90mstderr[2m | tests/unit/webhook/routes-handlers.test.ts[2m > [22m[2mWebhook Route Handlers[2m > [22m[2mhandleSubscribe()[2m > [22m[2mshould reject invalid event types
[22m[39m{"level":"error","message":"Cannot create property 'lastUsed' on string '{\"userId\":\"test-user\",\"role\":\"admin\",\"createdAt\":\"2026-05-11T10:22:54.360Z\"}'","timestamp":"2026-05-11T10:22:54.361Z","context":{"component":"webhook","error_class":"SystemError","phase":"init","retryable":false,"handler":"handleSubscribe"}}

[90mstderr[2m | tests/unit/webhook/routes-handlers.test.ts[2m > [22m[2mWebhook Route Handlers[2m > [22m[2mhandleSubscribe()[2m > [22m[2mshould create subscription with valid input
[22m[39m{"level":"error","message":"Cannot create property 'lastUsed' on string '{\"userId\":\"test-user\",\"role\":\"admin\",\"createdAt\":\"2026-05-11T10:22:54.362Z\"}'","timestamp":"2026-05-11T10:22:54.363Z","context":{"component":"webhook","error_class":"SystemError","phase":"init","retryable":false,"handler":"handleSubscribe"}}

[90mstderr[2m | tests/unit/webhook/routes-handlers.test.ts[2m > [22m[2mWebhook Route Handlers[2m > [22m[2mhandleSubscribe()[2m > [22m[2mshould create subscription with valid input
[22m[39m{"level":"error","message":"Cannot create property 'lastUsed' on string '{\"userId\":\"test-user\",\"role\":\"admin\",\"createdAt\":\"2026-05-11T10:22:54.364Z\"}'","timestamp":"2026-05-11T10:22:54.365Z","context":{"component":"webhook","error_class":"SystemError","phase":"init","retryable":false,"handler":"handleSubscribe"}}

[90mstderr[2m | tests/unit/webhook/routes-handlers.test.ts[2m > [22m[2mWebhook Route Handlers[2m > [22m[2mhandleUnsubscribe()[2m > [22m[2mshould reject missing subscription_id
[22m[39m{"level":"error","message":"Cannot create property 'lastUsed' on string '{\"userId\":\"test-user\",\"role\":\"admin\",\"createdAt\":\"2026-05-11T10:22:54.368Z\"}'","timestamp":"2026-05-11T10:22:54.368Z","context":{"component":"webhook","error_class":"SystemError","phase":"init","retryable":false,"handler":"handleUnsubscribe"}}

[90mstderr[2m | tests/unit/webhook/routes-handlers.test.ts[2m > [22m[2mWebhook Route Handlers[2m > [22m[2mhandleUnsubscribe()[2m > [22m[2mshould reject missing subscription_id
[22m[39m{"level":"error","message":"Cannot create property 'lastUsed' on string '{\"userId\":\"test-user\",\"role\":\"admin\",\"createdAt\":\"2026-05-11T10:22:54.369Z\"}'","timestamp":"2026-05-11T10:22:54.370Z","context":{"component":"webhook","error_class":"SystemError","phase":"init","retryable":false,"handler":"handleUnsubscribe"}}

[90mstderr[2m | tests/unit/webhook/routes-handlers.test.ts[2m > [22m[2mWebhook Route Handlers[2m > [22m[2mhandleUnsubscribe()[2m > [22m[2mshould return 404 for nonexistent subscription
[22m[39m{"level":"error","message":"Cannot create property 'lastUsed' on string '{\"userId\":\"test-user\",\"role\":\"admin\",\"createdAt\":\"2026-05-11T10:22:54.371Z\"}'","timestamp":"2026-05-11T10:22:54.372Z","context":{"component":"webhook","error_class":"SystemError","phase":"init","retryable":false,"handler":"handleUnsubscribe"}}

[90mstderr[2m | tests/unit/webhook/routes-handlers.test.ts[2m > [22m[2mWebhook Route Handlers[2m > [22m[2mhandleUnsubscribe()[2m > [22m[2mshould return 404 for nonexistent subscription
[22m[39m{"level":"error","message":"Cannot create property 'lastUsed' on string '{\"userId\":\"test-user\",\"role\":\"admin\",\"createdAt\":\"2026-05-11T10:22:54.373Z\"}'","timestamp":"2026-05-11T10:22:54.374Z","context":{"component":"webhook","error_class":"SystemError","phase":"init","retryable":false,"handler":"handleUnsubscribe"}}

[90mstderr[2m | tests/unit/webhook/routes-handlers.test.ts[2m > [22m[2mWebhook Route Handlers[2m > [22m[2mhandleListSubscriptions()[2m > [22m[2mshould return empty list when no subscriptions exist
[22m[39m{"level":"error","message":"Cannot create property 'lastUsed' on string '{\"userId\":\"test-user\",\"role\":\"admin\",\"createdAt\":\"2026-05-11T10:22:54.376Z\"}'","timestamp":"2026-05-11T10:22:54.377Z","context":{"component":"webhook","error_class":"SystemError","phase":"init","retryable":false,"handler":"handleListSubscriptions"}}

[90mstderr[2m | tests/unit/webhook/routes-handlers.test.ts[2m > [22m[2mWebhook Route Handlers[2m > [22m[2mhandleListSubscriptions()[2m > [22m[2mshould return empty list when no subscriptions exist
[22m[39m{"level":"error","message":"Cannot create property 'lastUsed' on string '{\"userId\":\"test-user\",\"role\":\"admin\",\"createdAt\":\"2026-05-11T10:22:54.378Z\"}'","timestamp":"2026-05-11T10:22:54.379Z","context":{"component":"webhook","error_class":"SystemError","phase":"init","retryable":false,"handler":"handleListSubscriptions"}}

[90mstderr[2m | tests/unit/webhook/routes-handlers.test.ts[2m > [22m[2mWebhook Route Handlers[2m > [22m[2mhandleListSubscriptions()[2m > [22m[2mshould use partner_id from query params
[22m[39m{"level":"error","message":"Cannot create property 'lastUsed' on string '{\"userId\":\"test-user\",\"role\":\"admin\",\"createdAt\":\"2026-05-11T10:22:54.380Z\"}'","timestamp":"2026-05-11T10:22:54.380Z","context":{"component":"webhook","error_class":"SystemError","phase":"init","retryable":false,"handler":"handleListSubscriptions"}}

[90mstderr[2m | tests/unit/webhook/routes-handlers.test.ts[2m > [22m[2mWebhook Route Handlers[2m > [22m[2mhandleListSubscriptions()[2m > [22m[2mshould use partner_id from query params
[22m[39m{"level":"error","message":"Cannot create property 'lastUsed' on string '{\"userId\":\"test-user\",\"role\":\"admin\",\"createdAt\":\"2026-05-11T10:22:54.382Z\"}'","timestamp":"2026-05-11T10:22:54.382Z","context":{"component":"webhook","error_class":"SystemError","phase":"init","retryable":false,"handler":"handleListSubscriptions"}}

[90mstderr[2m | tests/unit/webhook/routes-handlers.test.ts[2m > [22m[2mWebhook Route Handlers[2m > [22m[2mhandleCreatePartner()[2m > [22m[2mshould reject missing name
[22m[39m{"level":"error","message":"Cannot create property 'lastUsed' on string '{\"userId\":\"test-user\",\"role\":\"admin\",\"createdAt\":\"2026-05-11T10:22:54.385Z\"}'","timestamp":"2026-05-11T10:22:54.385Z","context":{"component":"webhook","error_class":"SystemError","phase":"init","retryable":false,"handler":"handleCreatePartner"}}

[90mstderr[2m | tests/unit/webhook/routes-handlers.test.ts[2m > [22m[2mWebhook Route Handlers[2m > [22m[2mhandleCreatePartner()[2m > [22m[2mshould reject missing name
[22m[39m{"level":"error","message":"Cannot create property 'lastUsed' on string '{\"userId\":\"test-user\",\"role\":\"admin\",\"createdAt\":\"2026-05-11T10:22:54.386Z\"}'","timestamp":"2026-05-11T10:22:54.387Z","context":{"component":"webhook","error_class":"SystemError","phase":"init","retryable":false,"handler":"handleCreatePartner"}}

[90mstderr[2m | tests/unit/webhook/routes-handlers.test.ts[2m > [22m[2mWebhook Route Handlers[2m > [22m[2mhandleCreatePartner()[2m > [22m[2mshould create partner with valid input
[22m[39m{"level":"error","message":"Cannot create property 'lastUsed' on string '{\"userId\":\"test-user\",\"role\":\"admin\",\"createdAt\":\"2026-05-11T10:22:54.388Z\"}'","timestamp":"2026-05-11T10:22:54.389Z","context":{"component":"webhook","error_class":"SystemError","phase":"init","retryable":false,"handler":"handleCreatePartner"}}

[90mstderr[2m | tests/unit/webhook/routes-handlers.test.ts[2m > [22m[2mWebhook Route Handlers[2m > [22m[2mhandleCreatePartner()[2m > [22m[2mshould create partner with valid input
[22m[39m{"level":"error","message":"Cannot create property 'lastUsed' on string '{\"userId\":\"test-user\",\"role\":\"admin\",\"createdAt\":\"2026-05-11T10:22:54.390Z\"}'","timestamp":"2026-05-11T10:22:54.391Z","context":{"component":"webhook","error_class":"SystemError","phase":"init","retryable":false,"handler":"handleCreatePartner"}}

[90mstderr[2m | tests/unit/webhook/routes-handlers.test.ts[2m > [22m[2mWebhook Route Handlers[2m > [22m[2mhandleGetPartner()[2m > [22m[2mshould return 404 for nonexistent partner
[22m[39m{"level":"error","message":"Cannot create property 'lastUsed' on string '{\"userId\":\"test-user\",\"role\":\"admin\",\"createdAt\":\"2026-05-11T10:22:54.393Z\"}'","timestamp":"2026-05-11T10:22:54.393Z","context":{"component":"webhook","error_class":"SystemError","phase":"init","retryable":false,"handler":"handleGetPartner"}}

[90mstderr[2m | tests/unit/webhook/routes-handlers.test.ts[2m > [22m[2mWebhook Route Handlers[2m > [22m[2mhandleGetPartner()[2m > [22m[2mshould return 404 for nonexistent partner
[22m[39m{"level":"error","message":"Cannot create property 'lastUsed' on string '{\"userId\":\"test-user\",\"role\":\"admin\",\"createdAt\":\"2026-05-11T10:22:54.395Z\"}'","timestamp":"2026-05-11T10:22:54.395Z","context":{"component":"webhook","error_class":"SystemError","phase":"init","retryable":false,"handler":"handleGetPartner"}}

[90mstderr[2m | tests/unit/webhook/routes-handlers.test.ts[2m > [22m[2mWebhook Route Handlers[2m > [22m[2mhandleGetDeadLetterQueue()[2m > [22m[2mshould return empty DLQ
[22m[39m{"level":"error","message":"Cannot create property 'lastUsed' on string '{\"userId\":\"test-user\",\"role\":\"admin\",\"createdAt\":\"2026-05-11T10:22:54.398Z\"}'","timestamp":"2026-05-11T10:22:54.398Z","context":{"component":"webhook","error_class":"SystemError","phase":"init","retryable":false,"handler":"handleGetDeadLetterQueue"}}

[90mstderr[2m | tests/unit/webhook/routes-handlers.test.ts[2m > [22m[2mWebhook Route Handlers[2m > [22m[2mhandleGetDeadLetterQueue()[2m > [22m[2mshould return empty DLQ
[22m[39m{"level":"error","message":"Cannot create property 'lastUsed' on string '{\"userId\":\"test-user\",\"role\":\"admin\",\"createdAt\":\"2026-05-11T10:22:54.399Z\"}'","timestamp":"2026-05-11T10:22:54.400Z","context":{"component":"webhook","error_class":"SystemError","phase":"init","retryable":false,"handler":"handleGetDeadLetterQueue"}}

[90mstderr[2m | tests/unit/webhook/routes-handlers.test.ts[2m > [22m[2mWebhook Route Handlers[2m > [22m[2mhandleRetryDeadLetter()[2m > [22m[2mshould return 404 for nonexistent DLQ entry
[22m[39m{"level":"error","message":"Cannot create property 'lastUsed' on string '{\"userId\":\"test-user\",\"role\":\"admin\",\"createdAt\":\"2026-05-11T10:22:54.402Z\"}'","timestamp":"2026-05-11T10:22:54.402Z","context":{"component":"webhook","error_class":"SystemError","phase":"init","retryable":false,"handler":"handleRetryDeadLetter"}}

[90mstderr[2m | tests/unit/webhook/routes-handlers.test.ts[2m > [22m[2mWebhook Route Handlers[2m > [22m[2mhandleRetryDeadLetter()[2m > [22m[2mshould return 404 for nonexistent DLQ entry
[22m[39m{"level":"error","message":"Cannot create property 'lastUsed' on string '{\"userId\":\"test-user\",\"role\":\"admin\",\"createdAt\":\"2026-05-11T10:22:54.404Z\"}'","timestamp":"2026-05-11T10:22:54.404Z","context":{"component":"webhook","error_class":"SystemError","phase":"init","retryable":false,"handler":"handleRetryDeadLetter"}}

[90mstderr[2m | tests/unit/webhook/routes-handlers.test.ts[2m > [22m[2mWebhook Route Handlers[2m > [22m[2mhandleCreateSyncConfig()[2m > [22m[2mshould reject missing required fields
[22m[39m{"level":"error","message":"Cannot create property 'lastUsed' on string '{\"userId\":\"test-user\",\"role\":\"admin\",\"createdAt\":\"2026-05-11T10:22:54.407Z\"}'","timestamp":"2026-05-11T10:22:54.408Z","context":{"component":"webhook","error_class":"SystemError","phase":"init","retryable":false,"handler":"handleCreateSyncConfig"}}

[90mstderr[2m | tests/unit/webhook/routes-handlers.test.ts[2m > [22m[2mWebhook Route Handlers[2m > [22m[2mhandleCreateSyncConfig()[2m > [22m[2mshould reject missing required fields
[22m[39m{"level":"error","message":"Cannot create property 'lastUsed' on string '{\"userId\":\"test-user\",\"role\":\"admin\",\"createdAt\":\"2026-05-11T10:22:54.409Z\"}'","timestamp":"2026-05-11T10:22:54.410Z","context":{"component":"webhook","error_class":"SystemError","phase":"init","retryable":false,"handler":"handleCreateSyncConfig"}}

[90mstderr[2m | tests/unit/webhook/routes-handlers.test.ts[2m > [22m[2mWebhook Route Handlers[2m > [22m[2mhandleCreateSyncConfig()[2m > [22m[2mshould create sync config with valid input
[22m[39m{"level":"error","message":"Cannot create property 'lastUsed' on string '{\"userId\":\"test-user\",\"role\":\"admin\",\"createdAt\":\"2026-05-11T10:22:54.411Z\"}'","timestamp":"2026-05-11T10:22:54.412Z","context":{"component":"webhook","error_class":"SystemError","phase":"init","retryable":false,"handler":"handleCreateSyncConfig"}}

[90mstderr[2m | tests/unit/webhook/routes-handlers.test.ts[2m > [22m[2mWebhook Route Handlers[2m > [22m[2mhandleCreateSyncConfig()[2m > [22m[2mshould create sync config with valid input
[22m[39m{"level":"error","message":"Cannot create property 'lastUsed' on string '{\"userId\":\"test-user\",\"role\":\"admin\",\"createdAt\":\"2026-05-11T10:22:54.413Z\"}'","timestamp":"2026-05-11T10:22:54.414Z","context":{"component":"webhook","error_class":"SystemError","phase":"init","retryable":false,"handler":"handleCreateSyncConfig"}}

[90mstderr[2m | tests/unit/webhook/routes-handlers.test.ts[2m > [22m[2mWebhook Route Handlers[2m > [22m[2mhandleGetSyncState()[2m > [22m[2mshould return 404 when no sync state exists
[22m[39m{"level":"error","message":"Cannot create property 'lastUsed' on string '{\"userId\":\"test-user\",\"role\":\"admin\",\"createdAt\":\"2026-05-11T10:22:54.416Z\"}'","timestamp":"2026-05-11T10:22:54.417Z","context":{"component":"webhook","error_class":"SystemError","phase":"init","retryable":false,"handler":"handleGetSyncState"}}

[90mstderr[2m | tests/unit/webhook/routes-handlers.test.ts[2m > [22m[2mWebhook Route Handlers[2m > [22m[2mhandleGetSyncState()[2m > [22m[2mshould return 404 when no sync state exists
[22m[39m{"level":"error","message":"Cannot create property 'lastUsed' on string '{\"userId\":\"test-user\",\"role\":\"admin\",\"createdAt\":\"2026-05-11T10:22:54.418Z\"}'","timestamp":"2026-05-11T10:22:54.419Z","context":{"component":"webhook","error_class":"SystemError","phase":"init","retryable":false,"handler":"handleGetSyncState"}}

 [31m❯[39m tests/unit/webhook/routes-handlers.test.ts [2m([22m[2m25 tests[22m[2m | [22m[31m16 failed[39m[2m)[22m[32m 147[2mms[22m[39m
       [32m✓[39m should reject without API key[32m 41[2mms[22m[39m
[31m       [31m×[31m should reject missing required fields[39m[32m 37[2mms[22m[39m[33m (retry x1)[39m
[31m       [31m×[31m should reject invalid URL[39m[32m 4[2mms[22m[39m[33m (retry x1)[39m
[31m       [31m×[31m should reject invalid event types[39m[32m 4[2mms[22m[39m[33m (retry x1)[39m
[31m       [31m×[31m should create subscription with valid input[39m[32m 4[2mms[22m[39m[33m (retry x1)[39m
       [32m✓[39m should reject without API key[32m 1[2mms[22m[39m
[31m       [31m×[31m should reject missing subscription_id[39m[32m 4[2mms[22m[39m[33m (retry x1)[39m
[31m       [31m×[31m should return 404 for nonexistent subscription[39m[32m 4[2mms[22m[39m[33m (retry x1)[39m
       [32m✓[39m should reject without API key[32m 1[2mms[22m[39m
[31m       [31m×[31m should return empty list when no subscriptions exist[39m[32m 3[2mms[22m[39m[33m (retry x1)[39m
[31m       [31m×[31m should use partner_id from query params[39m[32m 3[2mms[22m[39m[33m (retry x1)[39m
       [32m✓[39m should reject without API key[32m 1[2mms[22m[39m
[31m       [31m×[31m should reject missing name[39m[32m 4[2mms[22m[39m[33m (retry x1)[39m
[31m       [31m×[31m should create partner with valid input[39m[32m 4[2mms[22m[39m[33m (retry x1)[39m
       [32m✓[39m should reject without API key[32m 1[2mms[22m[39m
[31m       [31m×[31m should return 404 for nonexistent partner[39m[32m 4[2mms[22m[39m[33m (retry x1)[39m
       [32m✓[39m should reject without API key[32m 1[2mms[22m[39m
[31m       [31m×[31m should return empty DLQ[39m[32m 4[2mms[22m[39m[33m (retry x1)[39m
       [32m✓[39m should reject without API key[32m 1[2mms[22m[39m
[31m       [31m×[31m should return 404 for nonexistent DLQ entry[39m[32m 4[2mms[22m[39m[33m (retry x1)[39m
       [32m✓[39m should reject without API key[32m 1[2mms[22m[39m
[31m       [31m×[31m should reject missing required fields[39m[32m 4[2mms[22m[39m[33m (retry x1)[39m
[31m       [31m×[31m should create sync config with valid input[39m[32m 4[2mms[22m[39m[33m (retry x1)[39m
       [32m✓[39m should reject without API key[32m 1[2mms[22m[39m
[31m       [31m×[31m should return 404 when no sync state exists[39m[32m 4[2mms[22m[39m[33m (retry x1)[39m
[90mstderr[2m | tests/integration/api.test.ts[2m > [22m[2mAPI Endpoints[2m > [22m[2mError handling[2m > [22m[2mshould handle KV errors gracefully
[22m[39mFailed to get production snapshot: Error: KV error
    at Object.<anonymous> [90m(/app/[39mtests/integration/api.test.ts:676:19[90m)[39m
    at Object.Mock [as get] [90m(file:///app/[39mnode_modules/[4m@vitest/spy[24m/dist/index.js:332:34[90m)[39m
    at getProductionSnapshot [90m(/app/[39mworker/lib/storage.ts:18:39[90m)[39m
    at handleHealth [90m(/app/[39mworker/routes/core/health.ts:26:5[90m)[39m
    at Object.fetch [90m(/app/[39mworker/index.ts:95:38[90m)[39m
    at [90m/app/[39mtests/integration/api.test.ts:687:39
    at [90mfile:///app/[39mnode_modules/[4m@vitest/runner[24m/dist/chunk-artifact.js:302:11
    at [90mfile:///app/[39mnode_modules/[4m@vitest/runner[24m/dist/chunk-artifact.js:1903:26
    at [90mfile:///app/[39mnode_modules/[4m@vitest/runner[24m/dist/chunk-artifact.js:2326:20
    at new Promise (<anonymous>)

 [31m❯[39m tests/integration/api.test.ts [2m([22m[2m28 tests[22m[2m | [22m[31m6 failed[39m[2m)[22m[32m 139[2mms[22m[39m
       [32m✓[39m should return 200 when system is healthy[32m 47[2mms[22m[39m
       [32m✓[39m should return 503 when snapshot is missing[32m 2[2mms[22m[39m
       [32m✓[39m should include CORS headers[32m 2[2mms[22m[39m
       [32m✓[39m should return Prometheus format metrics[32m 3[2mms[22m[39m
       [32m✓[39m should handle missing snapshot gracefully[32m 2[2mms[22m[39m
       [32m✓[39m should return array of deals[32m 4[2mms[22m[39m
       [32m✓[39m should return 404 when no snapshot exists[32m 2[2mms[22m[39m
       [32m✓[39m should filter by category[32m 3[2mms[22m[39m
       [32m✓[39m should filter by min_reward[32m 2[2mms[22m[39m
       [32m✓[39m should respect limit parameter[32m 2[2mms[22m[39m
       [32m✓[39m should return 400 for invalid query params[32m 7[2mms[22m[39m
       [32m✓[39m should return full snapshot object[32m 2[2mms[22m[39m
       [32m✓[39m should apply filters to deals within snapshot[32m 1[2mms[22m[39m
       [32m✓[39m should trigger discovery pipeline[32m 2[2mms[22m[39m
[31m       [31m×[31m should handle pipeline errors gracefully[39m[32m 15[2mms[22m[39m[33m (retry x1)[39m
       [32m✓[39m should return pipeline status[32m 2[2mms[22m[39m
       [32m✓[39m should show locked status when pipeline is running[32m 2[2mms[22m[39m
       [32m✓[39m should return recent logs[32m 2[2mms[22m[39m
       [32m✓[39m should return logs for specific run_id[32m 1[2mms[22m[39m
       [32m✓[39m should return JSONL format when requested[32m 1[2mms[22m[39m
[31m       [31m×[31m should submit a new deal[39m[32m 8[2mms[22m[39m[33m (retry x1)[39m
[31m       [31m×[31m should return 415 for non-JSON content type[39m[32m 3[2mms[22m[39m[33m (retry x1)[39m
[31m       [31m×[31m should return 400 for invalid body[39m[32m 3[2mms[22m[39m[33m (retry x1)[39m
[31m       [31m×[31m should return 409 for duplicate deal code[39m[32m 3[2mms[22m[39m[33m (retry x1)[39m
[31m       [31m×[31m should return 413 for body too large[39m[32m 4[2mms[22m[39m[33m (retry x1)[39m
       [32m✓[39m should return 404 for unknown paths[32m 2[2mms[22m[39m
       [32m✓[39m should handle KV errors gracefully[32m 7[2mms[22m[39m
       [32m✓[39m should include CORS headers on responses[32m 1[2mms[22m[39m
 [31m❯[39m tests/smoke/endpoints.test.ts [2m([22m[2m5 tests[22m[2m | [22m[31m5 failed[39m[2m)[22m[32m 103[2mms[22m[39m
[31m       [31m×[31m returns 200 or 503 with status property[39m[32m 79[2mms[22m[39m[33m (retry x1)[39m
[31m       [31m×[31m returns 200 with required metric keys (JSON format)[39m[32m 6[2mms[22m[39m[33m (retry x1)[39m
[31m       [31m×[31m returns 200 with Prometheus text format[39m[32m 5[2mms[22m[39m[33m (retry x1)[39m
[31m       [31m×[31m returns 200 or 404[39m[32m 5[2mms[22m[39m[33m (retry x1)[39m
[31m       [31m×[31m returns 404 for non-existent routes[39m[32m 5[2mms[22m[39m[33m (retry x1)[39m
[90mstdout[2m | tests/unit/webhook/routes-dispatcher.test.ts[2m > [22m[2mWebhook Route Dispatcher[2m > [22m[2mhandleIncomingWebhookRequest()[2m > [22m[2mshould process request with all required headers
[22m[39m{"level":"info","message":"Incoming webhook received: wh_1","timestamp":"2026-05-11T10:22:57.066Z","context":{"component":"webhook","partner_id":"p1","request_id":"mp11zmzt_4eb92c28"}}

[90mstdout[2m | tests/unit/webhook/routes-dispatcher.test.ts[2m > [22m[2mWebhook Route Dispatcher[2m > [22m[2mhandleIncomingWebhookRequest()[2m > [22m[2mshould include idempotency key when provided
[22m[39m{"level":"info","message":"Incoming webhook received: wh_1","timestamp":"2026-05-11T10:22:57.069Z","context":{"component":"webhook","partner_id":"p1","request_id":"mp11zmzx_93a66508"}}

[90mstdout[2m | tests/unit/webhook/routes-dispatcher.test.ts[2m > [22m[2mWebhook Route Dispatcher[2m > [22m[2mhandleIncomingWebhookRequest()[2m > [22m[2mshould return 500 on internal error
[22m[39m{"level":"info","message":"Incoming webhook received: wh_1","timestamp":"2026-05-11T10:22:57.070Z","context":{"component":"webhook","partner_id":"p1","request_id":"mp11zmzy_c8c69392"}}

 [31m❯[39m tests/unit/webhook/routes-dispatcher.test.ts [2m([22m[2m21 tests[22m[2m | [22m[31m2 failed[39m[2m)[22m[32m 88[2mms[22m[39m
       [32m✓[39m should return null for unknown path[32m 37[2mms[22m[39m
       [32m✓[39m should return null for wrong method on webhook path[32m 1[2mms[22m[39m
       [32m✓[39m should route to incoming webhook handler[32m 5[2mms[22m[39m
       [32m✓[39m should route to subscribe handler[32m 2[2mms[22m[39m
       [32m✓[39m should route to unsubscribe handler[32m 1[2mms[22m[39m
[31m       [31m×[31m should route to list subscriptions handler[39m[32m 18[2mms[22m[39m[33m (retry x1)[39m
       [32m✓[39m should route to create partner handler[32m 1[2mms[22m[39m
       [32m✓[39m should route to get partner handler[32m 1[2mms[22m[39m
[31m       [31m×[31m should route to DLQ handler[39m[32m 3[2mms[22m[39m[33m (retry x1)[39m
       [32m✓[39m should route to DLQ retry handler[32m 1[2mms[22m[39m
       [32m✓[39m should route to sync config handler[32m 1[2mms[22m[39m
       [32m✓[39m should route to sync state handler[32m 1[2mms[22m[39m
       [32m✓[39m should extract partner ID from incoming webhook path[32m 1[2mms[22m[39m
       [32m✓[39m should extract partner ID from partners path[32m 1[2mms[22m[39m
       [32m✓[39m should extract IDs from DLQ retry path[32m 1[2mms[22m[39m
       [32m✓[39m should extract partner ID from sync path[32m 1[2mms[22m[39m
       [32m✓[39m should reject non-JSON content type[32m 1[2mms[22m[39m
       [32m✓[39m should reject missing required headers[32m 1[2mms[22m[39m
       [32m✓[39m should process request with all required headers[32m 6[2mms[22m[39m
       [32m✓[39m should include idempotency key when provided[32m 1[2mms[22m[39m
       [32m✓[39m should return 500 on internal error[32m 1[2mms[22m[39m
[90mstderr[2m | tests/unit/d1-queries.test.ts[2m > [22m[2mD1 Queries[2m > [22m[2msearchDeals[2m > [22m[2mshould return empty array on database error
[22m[39mD1 query failed after 3 attempts: {
  query: [32m'\n'[39m +
    [32m'    SELECT \n'[39m +
    [32m'      d.id,\n'[39m +
    [32m'      d.deal_id,\n'[39m +
    [32m'      d.title,\n'[39m +
    [32m'      d.description,\n'[39m +
    [32m'      d.domain,\n'[39m +
    [32m'      '[39m,
  error: [32m'Database error'[39m
}

[90mstderr[2m | tests/unit/d1-queries.test.ts[2m > [22m[2mD1 Queries[2m > [22m[2mgetSearchSuggestions[2m > [22m[2mshould return empty array on error
[22m[39mD1 query failed after 3 attempts: {
  query: [32m'SELECT DISTINCT title \n'[39m +
    [32m'     FROM fts_deals \n'[39m +
    [32m"     WHERE fts_deals MATCH ? || '*'\n"[39m +
    [32m'     AND title IS NO'[39m,
  error: [32m'Database error'[39m
}

[90mstderr[2m | tests/unit/d1-queries.test.ts[2m > [22m[2mD1 Queries[2m > [22m[2mgetDealsByDomain[2m > [22m[2mshould return empty array on error
[22m[39mD1 query failed after 3 attempts: {
  query: [32m'\n'[39m +
    [32m'    SELECT \n'[39m +
    [32m'      id, deal_id, title, description, domain, code, url,\n'[39m +
    [32m'      reward_type, reward_val'[39m,
  error: [32m'Database error'[39m
}

[90mstderr[2m | tests/unit/d1-queries.test.ts[2m > [22m[2mD1 Queries[2m > [22m[2mgetDealsByCategory[2m > [22m[2mshould return empty array on error
[22m[39mD1 query failed after 3 attempts: {
  query: [32m'SELECT \n'[39m +
    [32m'      id, deal_id, title, description, domain, code, url,\n'[39m +
    [32m'      reward_type, reward_value, r'[39m,
  error: [32m'Database error'[39m
}

[90mstderr[2m | tests/unit/d1-queries.test.ts[2m > [22m[2mD1 Queries[2m > [22m[2mgetDomainsWithCounts[2m > [22m[2mshould return empty array on error
[22m[39mD1 query failed after 3 attempts: {
  query: [32m'SELECT domain, COUNT(*) as count\n'[39m +
    [32m'     FROM deals\n'[39m +
    [32m'     WHERE is_active = 1\n'[39m +
    [32m'     GROUP BY domain\n'[39m +
    [32m'     '[39m,
  error: [32m'Database error'[39m
}

[90mstderr[2m | tests/unit/d1-queries.test.ts[2m > [22m[2mD1 Queries[2m > [22m[2mgetCategoriesWithCounts[2m > [22m[2mshould return empty array on database error
[22m[39mD1 query failed after 3 attempts: {
  query: [32m'SELECT DISTINCT category as categories\n'[39m +
    [32m'     FROM deals\n'[39m +
    [32m'     WHERE category IS NOT NULL AND is_active'[39m,
  error: [32m'Database error'[39m
}

[90mstderr[2m | tests/unit/d1-queries.test.ts[2m > [22m[2mD1 Queries[2m > [22m[2mgetActiveDeals[2m > [22m[2mshould return empty array on error
[22m[39mD1 query failed after 3 attempts: {
  query: [32m'SELECT \n'[39m +
    [32m'      id, deal_id, title, description, domain, code, url,\n'[39m +
    [32m'      reward_type, reward_value, r'[39m,
  error: [32m'Database error'[39m
}

[90mstderr[2m | tests/unit/d1-queries.test.ts[2m > [22m[2mD1 Queries[2m > [22m[2mgetExpiringDeals[2m > [22m[2mshould return empty array on error
[22m[39mD1 query failed after 3 attempts: {
  query: [32m'SELECT \n'[39m +
    [32m'      d.id,\n'[39m +
    [32m'      d.deal_id,\n'[39m +
    [32m'      d.title,\n'[39m +
    [32m'      d.domain,\n'[39m +
    [32m'      d.expiry_date,\n'[39m +
    [32m'      d.cod'[39m,
  error: [32m'Database error'[39m
}

[90mstderr[2m | tests/unit/d1-queries.test.ts[2m > [22m[2mD1 Queries[2m > [22m[2mgetRecentDeals[2m > [22m[2mshould return empty array on error
[22m[39mD1 query failed after 3 attempts: {
  query: [32m'SELECT \n'[39m +
    [32m'      id, deal_id, title, description, domain, code, url,\n'[39m +
    [32m'      reward_type, reward_value, r'[39m,
  error: [32m'Database error'[39m
}

[90mstderr[2m | tests/unit/d1-queries.test.ts[2m > [22m[2mD1 Queries[2m > [22m[2mgetDealTimeSeries[2m > [22m[2mshould return empty array on error
[22m[39mD1 query failed after 3 attempts: {
  query: [32m'WITH RECURSIVE dates(date) AS (\n'[39m +
    [32m"      SELECT date('now', '-' || ? || ' days')\n"[39m +
    [32m'      UNION ALL\n'[39m +
    [32m'      '[39m,
  error: [32m'Database error'[39m
}

[90mstderr[2m | tests/unit/d1-queries.test.ts[2m > [22m[2mD1 Queries[2m > [22m[2minsertDeal[2m > [22m[2mshould return error on insert failure
[22m[39mD1 query failed after 3 attempts: {
  query: [32m'INSERT INTO deals (\n'[39m +
    [32m'      deal_id, title, description, code, url, domain, \n'[39m +
    [32m'      source_url, source_'[39m,
  error: [32m'Duplicate deal_id'[39m
}

[90mstderr[2m | tests/unit/d1-queries.test.ts[2m > [22m[2mD1 Queries[2m > [22m[2minsertDeal[2m > [22m[2mshould handle database errors
[22m[39mD1 query failed after 3 attempts: {
  query: [32m'INSERT INTO deals (\n'[39m +
    [32m'      deal_id, title, description, code, url, domain, \n'[39m +
    [32m'      source_url, source_'[39m,
  error: [32m'Connection lost'[39m
}

[90mstderr[2m | tests/unit/d1-queries.test.ts[2m > [22m[2mD1 Queries[2m > [22m[2minsertReferralCode[2m > [22m[2mshould return error on insert failure
[22m[39mD1 query failed after 3 attempts: {
  query: [32m'INSERT INTO referral_codes (\n'[39m +
    [32m'      code, deal_id, user_id, submitted_by,\n'[39m +
    [32m'      max_uses, current_use'[39m,
  error: [32m'Code already exists'[39m
}

[90mstderr[2m | tests/unit/d1-queries.test.ts[2m > [22m[2mD1 Queries[2m > [22m[2minsertReferralCode[2m > [22m[2mshould handle database errors
[22m[39mD1 query failed after 3 attempts: {
  query: [32m'INSERT INTO referral_codes (\n'[39m +
    [32m'      code, deal_id, user_id, submitted_by,\n'[39m +
    [32m'      max_uses, current_use'[39m,
  error: [32m'Database timeout'[39m
}

[90mstderr[2m | tests/unit/d1-queries.test.ts[2m > [22m[2mD1 Queries[2m > [22m[2mgetReferralCodesByDeal[2m > [22m[2mshould return empty array on error
[22m[39mD1 query failed after 3 attempts: {
  query: [32m'\n'[39m +
    [32m'    SELECT \n'[39m +
    [32m'      rc.id,\n'[39m +
    [32m'      rc.code,\n'[39m +
    [32m'      rc.deal_id,\n'[39m +
    [32m'      d.title as deal_title,\n'[39m +
    [32m'      d.doma'[39m,
  error: [32m'Database error'[39m
}

[90mstderr[2m | tests/unit/d1-queries.test.ts[2m > [22m[2mD1 Queries[2m > [22m[2mgetReferralCodeByString[2m > [22m[2mshould return null on error
[22m[39mD1 query failed after 3 attempts: {
  query: [32m'SELECT \n'[39m +
    [32m'      rc.id,\n'[39m +
    [32m'      rc.code,\n'[39m +
    [32m'      rc.deal_id,\n'[39m +
    [32m'      d.title as deal_title,\n'[39m +
    [32m'      d.domain,\n'[39m +
    [32m' '[39m,
  error: [32m'Database error'[39m
}

[90mstderr[2m | tests/unit/d1-queries.test.ts[2m > [22m[2mD1 Queries[2m > [22m[2mgetTopDomains[2m > [22m[2mshould return empty array on error
[22m[39mD1 query failed after 3 attempts: {
  query: [32m'SELECT \n'[39m +
    [32m'      d.domain,\n'[39m +
    [32m'      COUNT(DISTINCT d.id) as deals,\n'[39m +
    [32m'      COUNT(DISTINCT rc.id) as referral'[39m,
  error: [32m'Database error'[39m
}

[90mstderr[2m | tests/unit/d1-queries.test.ts[2m > [22m[2mD1 Queries[2m > [22m[2mgetReferralUsageStats[2m > [22m[2mshould return zeros on error
[22m[39mD1 query failed after 3 attempts: {
  query: [32m'SELECT COUNT(*) as count\n'[39m +
    [32m'     FROM referral_usage\n'[39m +
    [32m"     WHERE used_at >= strftime('%s', 'now', '-' ||"[39m,
  error: [32m'Database error'[39m
}

[90mstderr[2m | tests/unit/d1-queries.test.ts[2m > [22m[2mD1 Queries[2m > [22m[2mgetReferralUsageStats[2m > [22m[2mshould return zeros on error
[22m[39mD1 query failed after 3 attempts: {
  query: [32m'SELECT COUNT(DISTINCT used_by) as count\n'[39m +
    [32m'     FROM referral_usage\n'[39m +
    [32m"     WHERE used_at >= strftime('%s'"[39m,
  error: [32m'Database error'[39m
}

 [32m✓[39m tests/unit/d1-queries.test.ts [2m([22m[2m67 tests[22m[2m | [22m[33m5 skipped[39m[2m)[22m[33m 5815[2mms[22m[39m
       [33m[2m✓[22m[39m should return empty array on database error [33m 305[2mms[22m[39m
       [33m[2m✓[22m[39m should return empty array on error [33m 302[2mms[22m[39m
       [33m[2m✓[22m[39m should return empty array on error [33m 303[2mms[22m[39m
       [33m[2m✓[22m[39m should return empty array on error [33m 302[2mms[22m[39m
       [33m[2m✓[22m[39m should return empty array on error [33m 303[2mms[22m[39m
       [33m[2m✓[22m[39m should return empty array on database error [33m 302[2mms[22m[39m
       [33m[2m✓[22m[39m should return empty array on error [33m 302[2mms[22m[39m
       [33m[2m✓[22m[39m should return empty array on error [33m 302[2mms[22m[39m
       [33m[2m✓[22m[39m should return empty array on error [33m 302[2mms[22m[39m
       [33m[2m✓[22m[39m should return empty array on error [33m 303[2mms[22m[39m
       [33m[2m✓[22m[39m should return error on insert failure [33m 302[2mms[22m[39m
       [33m[2m✓[22m[39m should handle database errors [33m 302[2mms[22m[39m
       [33m[2m✓[22m[39m should return error on insert failure [33m 303[2mms[22m[39m
       [33m[2m✓[22m[39m should handle database errors [33m 302[2mms[22m[39m
       [33m[2m✓[22m[39m should return empty array on error [33m 303[2mms[22m[39m
       [33m[2m✓[22m[39m should return null on error [33m 303[2mms[22m[39m
       [33m[2m✓[22m[39m should return empty array on error [33m 302[2mms[22m[39m
       [33m[2m✓[22m[39m should return zeros on error [33m 603[2mms[22m[39m
 [32m✓[39m tests/integration/scheduled.test.ts [2m([22m[2m11 tests[22m[2m)[22m[33m 3099[2mms[22m[39m
       [33m[2m✓[22m[39m should execute pipeline on scheduled event [33m 357[2mms[22m[39m
       [33m[2m✓[22m[39m should handle successful pipeline execution [33m 307[2mms[22m[39m
       [33m[2m✓[22m[39m should handle pipeline failure gracefully [33m 303[2mms[22m[39m
       [33m[2m✓[22m[39m should catch and log pipeline errors [33m 304[2mms[22m[39m
       [33m[2m✓[22m[39m should send notification on critical failure [33m 303[2mms[22m[39m
       [33m[2m✓[22m[39m should log scheduled event trigger time [33m 304[2mms[22m[39m
       [33m[2m✓[22m[39m should log pipeline phase on failure [33m 303[2mms[22m[39m
       [33m[2m✓[22m[39m should run full discovery pipeline [33m 303[2mms[22m[39m
       [33m[2m✓[22m[39m should handle empty discovery results [33m 304[2mms[22m[39m
       [33m[2m✓[22m[39m should handle no configured sources [33m 304[2mms[22m[39m
[90mstderr[2m | tests/unit/lock.test.ts[2m > [22m[2mLock Mechanism[2m > [22m[2macquireLock[2m > [22m[2mshould acquire lock when existing lock is expired
[22m[39mLock expired for run expired-run, taking over with run-1

[90mstderr[2m | tests/unit/lock.test.ts[2m > [22m[2mLock Mechanism[2m > [22m[2mreleaseLock[2m > [22m[2mshould not throw on release error
[22m[39mFailed to release lock: Error: KV error
    at Object.<anonymous> [90m(/app/[39mtests/unit/lock.test.ts:202:15[90m)[39m
    at Object.Mock [as delete] [90m(file:///app/[39mnode_modules/[4m@vitest/spy[24m/dist/index.js:332:34[90m)[39m
    at releaseLock [90m(/app/[39mworker/lib/lock.ts:133:26[90m)[39m

 [32m✓[39m tests/unit/lock.test.ts [2m([22m[2m24 tests[22m[2m)[22m[33m 1550[2mms[22m[39m
       [33m[2m✓[22m[39m should throw when verification fails [33m 603[2mms[22m[39m
       [33m[2m✓[22m[39m should throw ConcurrencyError on KV failure [33m 604[2mms[22m[39m
       [33m[2m✓[22m[39m should mark lock acquisition errors as retryable [33m 302[2mms[22m[39m
[90mstderr[2m | tests/unit/experience-d1.test.ts[2m > [22m[2mExperience D1 Queries[2m > [22m[2msubmitExperienceEvent[2m > [22m[2mshould return error on insert failure
[22m[39mD1 query failed after 3 attempts: {
  query: [32m'INSERT INTO experience_events (id, deal_code, event_type, agent_id, score, metadata, created_at)\n'[39m +
    [32m'   '[39m,
  error: [32m'Constraint violation'[39m
}

[90mstderr[2m | tests/unit/experience-d1.test.ts[2m > [22m[2mExperience D1 Queries[2m > [22m[2mgetExperienceAggregate[2m > [22m[2mshould return error on query failure
[22m[39mD1 query failed after 3 attempts: {
  query: [32m'SELECT deal_code, total_events, positive_events, negative_events, avg_score, last_updated\n'[39m +
    [32m'     FROM '[39m,
  error: [32m'DB error'[39m
}

 [32m✓[39m tests/unit/experience-d1.test.ts [2m([22m[2m8 tests[22m[2m)[22m[33m 620[2mms[22m[39m
       [33m[2m✓[22m[39m should return error on insert failure [33m 304[2mms[22m[39m
       [33m[2m✓[22m[39m should return error on query failure [33m 302[2mms[22m[39m
 [32m✓[39m tests/unit/utils.test.ts [2m([22m[2m24 tests[22m[2m)[22m[33m 360[2mms[22m[39m
     [33m[2m✓[22m[39m should retry on failure and eventually succeed [33m 302[2mms[22m[39m
[90mstdout[2m | tests/unit/webhook/delivery.test.ts[2m > [22m[2mWebhook Delivery[2m > [22m[2msendOutgoingWebhooks()[2m > [22m[2mshould do nothing when no subscriptions exist
[22m[39m{"level":"info","message":"Sending outgoing webhooks: 0 subscriptions","timestamp":"2026-05-11T10:23:10.490Z","context":{"component":"webhook","event_type":"referral.created","event_id":"evt_test123"}}

[90mstdout[2m | tests/unit/webhook/delivery.test.ts[2m > [22m[2mWebhook Delivery[2m > [22m[2msendOutgoingWebhooks()[2m > [22m[2mshould do nothing when KV is unavailable
[22m[39m{"level":"info","message":"Sending outgoing webhooks: 0 subscriptions","timestamp":"2026-05-11T10:23:10.495Z","context":{"component":"webhook","event_type":"referral.created","event_id":"evt_test123"}}

[90mstdout[2m | tests/unit/webhook/delivery.test.ts[2m > [22m[2mWebhook Delivery[2m > [22m[2msendOutgoingWebhooks()[2m > [22m[2mshould send webhook to matching subscription
[22m[39m{"level":"info","message":"Sending outgoing webhooks: 1 subscriptions","timestamp":"2026-05-11T10:23:10.497Z","context":{"component":"webhook","event_type":"referral.created","event_id":"evt_test123"}}

[90mstdout[2m | tests/unit/webhook/delivery.test.ts[2m > [22m[2mWebhook Delivery[2m > [22m[2msendOutgoingWebhooks()[2m > [22m[2mshould send webhook to matching subscription
[22m[39m{"level":"info","message":"Webhook delivered: evt_test123 to https://example.com/webhook","timestamp":"2026-05-11T10:23:10.504Z","context":{"component":"webhook","event_id":"evt_test123","subscription_id":"sub_test123","attempts":1}}

[90mstdout[2m | tests/unit/webhook/delivery.test.ts[2m > [22m[2mWebhook Delivery[2m > [22m[2msendOutgoingWebhooks()[2m > [22m[2mshould not send to subscription with mismatched event type
[22m[39m{"level":"info","message":"Sending outgoing webhooks: 0 subscriptions","timestamp":"2026-05-11T10:23:10.510Z","context":{"component":"webhook","event_type":"referral.created","event_id":"evt_test123"}}

[90mstdout[2m | tests/unit/webhook/delivery.test.ts[2m > [22m[2mWebhook Delivery[2m > [22m[2msendOutgoingWebhooks()[2m > [22m[2mshould not send to inactive subscription
[22m[39m{"level":"info","message":"Sending outgoing webhooks: 0 subscriptions","timestamp":"2026-05-11T10:23:10.511Z","context":{"component":"webhook","event_type":"referral.created","event_id":"evt_test123"}}

[90mstdout[2m | tests/unit/webhook/delivery.test.ts[2m > [22m[2mWebhook Delivery[2m > [22m[2msendOutgoingWebhooks()[2m > [22m[2mshould filter by domain filter
[22m[39m{"level":"info","message":"Sending outgoing webhooks: 0 subscriptions","timestamp":"2026-05-11T10:23:10.512Z","context":{"component":"webhook","event_type":"referral.created","event_id":"evt_test123"}}

[90mstdout[2m | tests/unit/webhook/delivery.test.ts[2m > [22m[2mWebhook Delivery[2m > [22m[2msendOutgoingWebhooks()[2m > [22m[2mshould allow event when domain matches filter
[22m[39m{"level":"info","message":"Sending outgoing webhooks: 1 subscriptions","timestamp":"2026-05-11T10:23:10.513Z","context":{"component":"webhook","event_type":"referral.created","event_id":"evt_test123"}}

[90mstdout[2m | tests/unit/webhook/delivery.test.ts[2m > [22m[2mWebhook Delivery[2m > [22m[2msendOutgoingWebhooks()[2m > [22m[2mshould allow event when domain matches filter
[22m[39m{"level":"info","message":"Webhook delivered: evt_test123 to https://example.com/webhook","timestamp":"2026-05-11T10:23:10.514Z","context":{"component":"webhook","event_id":"evt_test123","subscription_id":"sub_test123","attempts":1}}

[90mstdout[2m | tests/unit/webhook/delivery.test.ts[2m > [22m[2mWebhook Delivery[2m > [22m[2msendOutgoingWebhooks()[2m > [22m[2mshould filter by status filter
[22m[39m{"level":"info","message":"Sending outgoing webhooks: 0 subscriptions","timestamp":"2026-05-11T10:23:10.515Z","context":{"component":"webhook","event_type":"referral.created","event_id":"evt_test123"}}

[90mstdout[2m | tests/unit/webhook/delivery.test.ts[2m > [22m[2mWebhook Delivery[2m > [22m[2msendOutgoingWebhooks()[2m > [22m[2mshould send to multiple matching subscriptions
[22m[39m{"level":"info","message":"Sending outgoing webhooks: 2 subscriptions","timestamp":"2026-05-11T10:23:10.516Z","context":{"component":"webhook","event_type":"referral.created","event_id":"evt_test123"}}

[90mstdout[2m | tests/unit/webhook/delivery.test.ts[2m > [22m[2mWebhook Delivery[2m > [22m[2msendOutgoingWebhooks()[2m > [22m[2mshould send to multiple matching subscriptions
[22m[39m{"level":"info","message":"Webhook delivered: evt_test123 to https://example.com/hook1","timestamp":"2026-05-11T10:23:10.517Z","context":{"component":"webhook","event_id":"evt_test123","subscription_id":"sub_1","attempts":1}}

[90mstdout[2m | tests/unit/webhook/delivery.test.ts[2m > [22m[2mWebhook Delivery[2m > [22m[2msendOutgoingWebhooks()[2m > [22m[2mshould send to multiple matching subscriptions
[22m[39m{"level":"info","message":"Webhook delivered: evt_test123 to https://example.com/hook2","timestamp":"2026-05-11T10:23:10.517Z","context":{"component":"webhook","event_id":"evt_test123","subscription_id":"sub_2","attempts":1}}

[90mstdout[2m | tests/unit/webhook/delivery.test.ts[2m > [22m[2mWebhook Delivery[2m > [22m[2msendOutgoingWebhooks()[2m > [22m[2mshould handle fetch errors with retries
[22m[39m{"level":"info","message":"Sending outgoing webhooks: 1 subscriptions","timestamp":"2026-05-11T10:23:10.518Z","context":{"component":"webhook","event_type":"referral.created","event_id":"evt_test123"}}

[90mstderr[2m | tests/unit/webhook/delivery.test.ts[2m > [22m[2mWebhook Delivery[2m > [22m[2msendOutgoingWebhooks()[2m > [22m[2mshould handle fetch errors with retries
[22m[39m{"level":"warn","message":"Webhook added to DLQ: evt_test123","timestamp":"2026-05-11T10:23:10.622Z","context":{"component":"webhook","event_id":"evt_test123","subscription_id":"sub_test123","attempts":2}}

[90mstdout[2m | tests/unit/webhook/delivery.test.ts[2m > [22m[2mWebhook Delivery[2m > [22m[2msendOutgoingWebhooks()[2m > [22m[2mshould save delivery record to KV on success
[22m[39m{"level":"info","message":"Sending outgoing webhooks: 1 subscriptions","timestamp":"2026-05-11T10:23:10.624Z","context":{"component":"webhook","event_type":"referral.created","event_id":"evt_test123"}}

[90mstdout[2m | tests/unit/webhook/delivery.test.ts[2m > [22m[2mWebhook Delivery[2m > [22m[2msendOutgoingWebhooks()[2m > [22m[2mshould save delivery record to KV on success
[22m[39m{"level":"info","message":"Webhook delivered: evt_test123 to https://example.com/webhook","timestamp":"2026-05-11T10:23:10.624Z","context":{"component":"webhook","event_id":"evt_test123","subscription_id":"sub_test123","attempts":1}}

[90mstdout[2m | tests/unit/webhook/delivery.test.ts[2m > [22m[2mWebhook Delivery[2m > [22m[2msendOutgoingWebhooks()[2m > [22m[2mshould add to DLQ after all retries fail
[22m[39m{"level":"info","message":"Sending outgoing webhooks: 1 subscriptions","timestamp":"2026-05-11T10:23:10.625Z","context":{"component":"webhook","event_type":"referral.created","event_id":"evt_test123"}}

[90mstderr[2m | tests/unit/webhook/delivery.test.ts[2m > [22m[2mWebhook Delivery[2m > [22m[2msendOutgoingWebhooks()[2m > [22m[2mshould add to DLQ after all retries fail
[22m[39m{"level":"warn","message":"Webhook added to DLQ: evt_test123","timestamp":"2026-05-11T10:23:10.727Z","context":{"component":"webhook","event_id":"evt_test123","subscription_id":"sub_test123","attempts":2}}

[90mstderr[2m | tests/unit/webhook/delivery.test.ts[2m > [22m[2mWebhook Delivery[2m > [22m[2mgetDeadLetterQueue()[2m > [22m[2mshould return empty array on KV error
[22m[39m{"level":"error","message":"Failed to get dead letter queue","timestamp":"2026-05-11T10:23:10.732Z","context":{"component":"webhook","error":"KV error"}}

[90mstdout[2m | tests/unit/webhook/delivery.test.ts[2m > [22m[2mWebhook Delivery[2m > [22m[2mretryDeadLetterEvent()[2m > [22m[2mshould retry DLQ event and send webhook
[22m[39m{"level":"info","message":"Webhook delivered: evt_r to https://example.com/webhook","timestamp":"2026-05-11T10:23:10.735Z","context":{"component":"webhook","event_id":"evt_r","subscription_id":"sub_retry","attempts":1}}

[90mstdout[2m | tests/unit/webhook/delivery.test.ts[2m > [22m[2mWebhook Delivery[2m > [22m[2mretryDeadLetterEvent()[2m > [22m[2mshould delete DLQ entry before retrying
[22m[39m{"level":"info","message":"Webhook delivered: evt_d to https://example.com/webhook","timestamp":"2026-05-11T10:23:10.736Z","context":{"component":"webhook","event_id":"evt_d","subscription_id":"sub_del","attempts":1}}

 [32m✓[39m tests/unit/webhook/delivery.test.ts [2m([22m[2m22 tests[22m[2m)[22m[32m 255[2mms[22m[39m
[90mstdout[2m | tests/unit/expiration.test.ts[2m > [22m[2mExpiration Module[2m > [22m[2mfindExpiringDeals[2m > [22m[2mshould find deals expiring within 7 days
[22m[39m{"level":"info","message":"Found 1 deals expiring within 7 days","timestamp":"2026-05-11T10:23:11.084Z","context":{"component":"expiration","count":1,"windowDays":7}}

[90mstdout[2m | tests/unit/expiration.test.ts[2m > [22m[2mExpiration Module[2m > [22m[2mfindExpiringDeals[2m > [22m[2mshould find deals expiring within 30 days
[22m[39m{"level":"info","message":"Found 1 deals expiring within 30 days","timestamp":"2026-05-11T10:23:11.089Z","context":{"component":"expiration","count":1,"windowDays":30}}

[90mstdout[2m | tests/unit/expiration.test.ts[2m > [22m[2mExpiration Module[2m > [22m[2mfindExpiringDeals[2m > [22m[2mshould not include already expired deals
[22m[39m{"level":"info","message":"Found 0 deals expiring within 30 days","timestamp":"2026-05-11T10:23:11.091Z","context":{"component":"expiration","count":0,"windowDays":30}}

[90mstdout[2m | tests/unit/expiration.test.ts[2m > [22m[2mExpiration Module[2m > [22m[2mfindExpiringDeals[2m > [22m[2mshould not include deals without expiry dates
[22m[39m{"level":"info","message":"Found 0 deals expiring within 30 days","timestamp":"2026-05-11T10:23:11.092Z","context":{"component":"expiration","count":0,"windowDays":30}}

[90mstdout[2m | tests/unit/expiration.test.ts[2m > [22m[2mExpiration Module[2m > [22m[2mfindExpiringDeals[2m > [22m[2mshould sort by urgency (most urgent first)
[22m[39m{"level":"info","message":"Found 3 deals expiring within 30 days","timestamp":"2026-05-11T10:23:11.093Z","context":{"component":"expiration","count":3,"windowDays":30}}

[90mstdout[2m | tests/unit/expiration.test.ts[2m > [22m[2mExpiration Module[2m > [22m[2mscheduleExpiryCheck[2m > [22m[2mshould schedule next check for tomorrow at 9am
[22m[39m{"level":"info","message":"Next expiry check scheduled for 2026-05-12T09:00:00.000Z","timestamp":"2026-05-11T10:23:11.105Z","context":{"component":"expiration","scheduled_at":"2026-05-12T09:00:00.000Z"}}

[90mstdout[2m | tests/unit/expiration.test.ts[2m > [22m[2mExpiration Module[2m > [22m[2mcheckDealExpirations[2m > [22m[2mshould return summary of expiration check
[22m[39m{"level":"info","message":"Starting deal expiration check...","timestamp":"2026-05-11T10:23:11.106Z","context":{"component":"expiration"}}

[90mstdout[2m | tests/unit/expiration.test.ts[2m > [22m[2mExpiration Module[2m > [22m[2mcheckDealExpirations[2m > [22m[2mshould return summary of expiration check
[22m[39m{"level":"info","message":"Found 1 deals expiring within 7 days","timestamp":"2026-05-11T10:23:11.106Z","context":{"component":"expiration","count":1,"windowDays":7}}

[90mstdout[2m | tests/unit/expiration.test.ts[2m > [22m[2mExpiration Module[2m > [22m[2mcheckDealExpirations[2m > [22m[2mshould return summary of expiration check
[22m[39m{"level":"info","message":"Found 1 deals expiring within 30 days","timestamp":"2026-05-11T10:23:11.107Z","context":{"component":"expiration","count":1,"windowDays":30}}

[90mstderr[2m | tests/unit/expiration.test.ts[2m > [22m[2mExpiration Module[2m > [22m[2mcheckDealExpirations[2m > [22m[2mshould return summary of expiration check
[22m[39mFailed to get recent logs: TypeError: env.DEALS_LOG.get is not a function
    at getRecentLogs [90m(/app/[39mworker/lib/logger/query.ts:104:39[90m)[39m
    at sendGitHubNotification [90m(/app/[39mworker/notify.ts:233:28[90m)[39m
    at notify [90m(/app/[39mworker/notify.ts:73:31[90m)[39m
[90m    at processTicksAndRejections (node:internal/process/task_queues:103:5)[39m
    at sendExpiryNotifications [90m(/app/[39mworker/lib/expiration/notifications.ts:57:5[90m)[39m
    at checkDealExpirations [90m(/app/[39mworker/lib/expiration/index.ts:58:3[90m)[39m
    at [90m/app/[39mtests/unit/expiration.test.ts:444:22
    at [90mfile:///app/[39mnode_modules/[4m@vitest/runner[24m/dist/chunk-artifact.js:1903:20

[90mstderr[2m | tests/unit/expiration.test.ts[2m > [22m[2mExpiration Module[2m > [22m[2mcheckDealExpirations[2m > [22m[2mshould return summary of expiration check
[22m[39mFailed to write structured log: TypeError: this.env.DEALS_LOG.get is not a function
    at StructuredLogger.log [90m(/app/[39mworker/lib/logger/structured.ts:59:35[90m)[39m
[90m    at processTicksAndRejections (node:internal/process/task_queues:103:5)[39m

[90mstderr[2m | tests/unit/expiration.test.ts[2m > [22m[2mExpiration Module[2m > [22m[2mcheckDealExpirations[2m > [22m[2mshould return summary of expiration check
[22m[39m[ERROR] [github] [gh-1778494991305] Failed to create notification issue {
  repo: [32m'test/repo'[39m,
  type: [32m'deal_expiring'[39m,
  run_id: [32m'expiry-check-1778494991107'[39m
} Error: Failed to create issue: 401
    at execute [90m(/app/[39mworker/lib/github/core.ts:212:13[90m)[39m
[90m    at processTicksAndRejections (node:internal/process/task_queues:103:5)[39m
    at createGitHubIssue [90m(/app/[39mworker/lib/github/core.ts:217:45[90m)[39m
    at notify [90m(/app/[39mworker/notify.ts:73:25[90m)[39m
    at sendExpiryNotifications [90m(/app/[39mworker/lib/expiration/notifications.ts:57:5[90m)[39m
    at checkDealExpirations [90m(/app/[39mworker/lib/expiration/index.ts:58:3[90m)[39m
    at [90m/app/[39mtests/unit/expiration.test.ts:444:22
    at [90mfile:///app/[39mnode_modules/[4m@vitest/runner[24m/dist/chunk-artifact.js:1903:20

[90mstdout[2m | tests/unit/expiration.test.ts[2m > [22m[2mExpiration Module[2m > [22m[2mcheckDealExpirations[2m > [22m[2mshould return summary of expiration check
[22m[39m{"level":"info","message":"Sent expiry notifications for 1 deals","timestamp":"2026-05-11T10:23:11.310Z","context":{"component":"expiration","count":1}}

[90mstdout[2m | tests/unit/expiration.test.ts[2m > [22m[2mExpiration Module[2m > [22m[2mcheckDealExpirations[2m > [22m[2mshould return summary of expiration check
[22m[39m{"level":"info","message":"Next expiry check scheduled for 2026-05-12T09:00:00.000Z","timestamp":"2026-05-11T10:23:11.310Z","context":{"component":"expiration","scheduled_at":"2026-05-12T09:00:00.000Z"}}

[90mstdout[2m | tests/unit/expiration.test.ts[2m > [22m[2mExpiration Module[2m > [22m[2mcheckDealExpirations[2m > [22m[2mshould return summary of expiration check
[22m[39m{"level":"info","message":"Deal expiration check completed","timestamp":"2026-05-11T10:23:11.310Z","context":{"component":"expiration","expiringFound":1,"expiredMarked":0,"notificationsSent":1}}

 [32m✓[39m tests/unit/expiration.test.ts [2m([22m[2m15 tests[22m[2m)[22m[32m 235[2mms[22m[39m
[90mstdout[2m | tests/unit/state-machine.test.ts[2m > [22m[2mState Machine[2m > [22m[2mexecutePipeline[2m > [22m[2mshould execute full pipeline successfully
[22m[39m{"level":"info","message":"Starting discovery with budget constraints","timestamp":"2026-05-11T10:23:11.753Z","context":{"component":"discovery","globalBudget":1000,"sourceCount":1}}
{"level":"info","message":"Allocating budget for test.com","timestamp":"2026-05-11T10:23:11.754Z","context":{"component":"discovery","trust":0.7,"budget":100,"remainingGlobal":1000}}

[90mstdout[2m | tests/unit/state-machine.test.ts[2m > [22m[2mState Machine[2m > [22m[2mexecutePipeline[2m > [22m[2mshould execute full pipeline successfully
[22m[39m[INFO] [notify] [ntf-1778494991789] Created GitHub issue #0 for publish_incomplete { event_type: [32m'publish_incomplete'[39m, issue_number: [33m0[39m }

[90mstdout[2m | tests/unit/state-machine.test.ts[2m > [22m[2mState Machine[2m > [22m[2mexecutePipeline[2m > [22m[2mshould handle no deals found
[22m[39m{"level":"info","message":"Starting discovery with budget constraints","timestamp":"2026-05-11T10:23:11.794Z","context":{"component":"discovery","globalBudget":1000,"sourceCount":1}}
{"level":"info","message":"Allocating budget for empty.com","timestamp":"2026-05-11T10:23:11.795Z","context":{"component":"discovery","trust":0.7,"budget":100,"remainingGlobal":1000}}

[90mstdout[2m | tests/unit/state-machine.test.ts[2m > [22m[2mState Machine[2m > [22m[2mexecutePipeline[2m > [22m[2mshould acquire and release lock
[22m[39m{"level":"info","message":"Starting discovery with budget constraints","timestamp":"2026-05-11T10:23:11.797Z","context":{"component":"discovery","globalBudget":1000,"sourceCount":1}}
{"level":"info","message":"Allocating budget for test.com","timestamp":"2026-05-11T10:23:11.797Z","context":{"component":"discovery","trust":0.7,"budget":100,"remainingGlobal":1000}}

[90mstdout[2m | tests/unit/state-machine.test.ts[2m > [22m[2mState Machine[2m > [22m[2mexecutePipeline[2m > [22m[2mshould extend lock during long operations
[22m[39m{"level":"info","message":"Starting discovery with budget constraints","timestamp":"2026-05-11T10:23:11.801Z","context":{"component":"discovery","globalBudget":1000,"sourceCount":1}}
{"level":"info","message":"Allocating budget for test.com","timestamp":"2026-05-11T10:23:11.801Z","context":{"component":"discovery","trust":0.7,"budget":100,"remainingGlobal":1000}}

[90mstdout[2m | tests/unit/state-machine.test.ts[2m > [22m[2mState Machine[2m > [22m[2mexecutePipeline[2m > [22m[2mshould extend lock during long operations
[22m[39m[INFO] [notify] [ntf-1778494991808] Created GitHub issue #0 for publish_incomplete { event_type: [32m'publish_incomplete'[39m, issue_number: [33m0[39m }

[90mstdout[2m | tests/unit/state-machine.test.ts[2m > [22m[2mState Machine[2m > [22m[2mexecutePipeline[2m > [22m[2mshould revert on validation failure
[22m[39m{"level":"info","message":"Starting discovery with budget constraints","timestamp":"2026-05-11T10:23:11.810Z","context":{"component":"discovery","globalBudget":1000,"sourceCount":1}}
{"level":"info","message":"Allocating budget for bad.com","timestamp":"2026-05-11T10:23:11.810Z","context":{"component":"discovery","trust":0.7,"budget":100,"remainingGlobal":1000}}

[90mstdout[2m | tests/unit/state-machine.test.ts[2m > [22m[2mState Machine[2m > [22m[2mexecutePipeline[2m > [22m[2mshould revert on validation failure
[22m[39m[INFO] [notify] [ntf-1778494991819] Created GitHub issue #0 for publish_incomplete { event_type: [32m'publish_incomplete'[39m, issue_number: [33m0[39m }

[90mstdout[2m | tests/unit/state-machine.test.ts[2m > [22m[2mState Machine[2m > [22m[2mexecutePipeline[2m > [22m[2mshould handle retryable errors
[22m[39m{"level":"info","message":"Starting discovery with budget constraints","timestamp":"2026-05-11T10:23:11.821Z","context":{"component":"discovery","globalBudget":1000,"sourceCount":1}}
{"level":"info","message":"Allocating budget for test.com","timestamp":"2026-05-11T10:23:11.821Z","context":{"component":"discovery","trust":0.7,"budget":100,"remainingGlobal":1000}}

[90mstdout[2m | tests/unit/state-machine.test.ts[2m > [22m[2mState Machine[2m > [22m[2mexecutePipeline[2m > [22m[2mshould revert when no valid deals after validation
[22m[39m{"level":"info","message":"Starting discovery with budget constraints","timestamp":"2026-05-11T10:23:11.823Z","context":{"component":"discovery","globalBudget":1000,"sourceCount":1}}
{"level":"info","message":"Allocating budget for lowtrust.com","timestamp":"2026-05-11T10:23:11.823Z","context":{"component":"discovery","trust":0.7,"budget":100,"remainingGlobal":1000}}

[90mstdout[2m | tests/unit/state-machine.test.ts[2m > [22m[2mState Machine[2m > [22m[2mexecutePipeline[2m > [22m[2mshould revert when no valid deals after validation
[22m[39m[INFO] [notify] [ntf-1778494991829] Created GitHub issue #0 for publish_incomplete { event_type: [32m'publish_incomplete'[39m, issue_number: [33m0[39m }

[90mstdout[2m | tests/unit/state-machine.test.ts[2m > [22m[2mState Machine[2m > [22m[2mexecutePipeline[2m > [22m[2mshould log phase completion
[22m[39m{"level":"info","message":"Starting discovery with budget constraints","timestamp":"2026-05-11T10:23:11.831Z","context":{"component":"discovery","globalBudget":1000,"sourceCount":1}}
{"level":"info","message":"Allocating budget for test.com","timestamp":"2026-05-11T10:23:11.831Z","context":{"component":"discovery","trust":0.7,"budget":100,"remainingGlobal":1000}}

[90mstdout[2m | tests/unit/state-machine.test.ts[2m > [22m[2mState Machine[2m > [22m[2mexecutePipeline[2m > [22m[2mshould handle non-retryable errors
[22m[39m{"level":"info","message":"Starting discovery with budget constraints","timestamp":"2026-05-11T10:23:11.833Z","context":{"component":"discovery","globalBudget":1000,"sourceCount":1}}
{"level":"info","message":"Allocating budget for test.com","timestamp":"2026-05-11T10:23:11.833Z","context":{"component":"discovery","trust":0.7,"budget":100,"remainingGlobal":1000}}

[90mstdout[2m | tests/unit/state-machine.test.ts[2m > [22m[2mState Machine[2m > [22m[2mState transitions[2m > [22m[2mshould transition through all phases
[22m[39m{"level":"info","message":"Starting discovery with budget constraints","timestamp":"2026-05-11T10:23:11.836Z","context":{"component":"discovery","globalBudget":1000,"sourceCount":1}}
{"level":"info","message":"Allocating budget for test.com","timestamp":"2026-05-11T10:23:11.836Z","context":{"component":"discovery","trust":0.7,"budget":100,"remainingGlobal":1000}}

[90mstdout[2m | tests/unit/state-machine.test.ts[2m > [22m[2mState Machine[2m > [22m[2mState transitions[2m > [22m[2mshould transition through all phases
[22m[39m[INFO] [notify] [ntf-1778494991841] Created GitHub issue #0 for publish_incomplete { event_type: [32m'publish_incomplete'[39m, issue_number: [33m0[39m }

[90mstdout[2m | tests/unit/state-machine.test.ts[2m > [22m[2mState Machine[2m > [22m[2mState transitions[2m > [22m[2mshould skip to finalize when no deals discovered
[22m[39m{"level":"info","message":"Starting discovery with budget constraints","timestamp":"2026-05-11T10:23:11.843Z","context":{"component":"discovery","globalBudget":1000,"sourceCount":1}}
{"level":"info","message":"Allocating budget for test.com","timestamp":"2026-05-11T10:23:11.843Z","context":{"component":"discovery","trust":0.7,"budget":100,"remainingGlobal":1000}}

[90mstdout[2m | tests/unit/state-machine.test.ts[2m > [22m[2mState Machine[2m > [22m[2mState transitions[2m > [22m[2mshould skip to finalize when all deals are duplicates
[22m[39m{"level":"info","message":"Starting discovery with budget constraints","timestamp":"2026-05-11T10:23:11.846Z","context":{"component":"discovery","globalBudget":1000,"sourceCount":1}}
{"level":"info","message":"Allocating budget for test.com","timestamp":"2026-05-11T10:23:11.846Z","context":{"component":"discovery","trust":0.7,"budget":100,"remainingGlobal":1000}}

[90mstdout[2m | tests/unit/state-machine.test.ts[2m > [22m[2mState Machine[2m > [22m[2mState transitions[2m > [22m[2mshould skip to finalize when all deals are duplicates
[22m[39m[INFO] [notify] [ntf-1778494991854] Created GitHub issue #0 for publish_incomplete { event_type: [32m'publish_incomplete'[39m, issue_number: [33m0[39m }

[90mstdout[2m | tests/unit/state-machine.test.ts[2m > [22m[2mState Machine[2m > [22m[2mFailure paths[2m > [22m[2mshould handle revert path
[22m[39m{"level":"info","message":"Starting discovery with budget constraints","timestamp":"2026-05-11T10:23:11.856Z","context":{"component":"discovery","globalBudget":1000,"sourceCount":1}}
{"level":"info","message":"Allocating budget for bad.com","timestamp":"2026-05-11T10:23:11.856Z","context":{"component":"discovery","trust":0.7,"budget":100,"remainingGlobal":1000}}

[90mstdout[2m | tests/unit/state-machine.test.ts[2m > [22m[2mState Machine[2m > [22m[2mFailure paths[2m > [22m[2mshould handle revert path
[22m[39m[INFO] [notify] [ntf-1778494991860] Created GitHub issue #0 for publish_incomplete { event_type: [32m'publish_incomplete'[39m, issue_number: [33m0[39m }

[90mstdout[2m | tests/unit/state-machine.test.ts[2m > [22m[2mState Machine[2m > [22m[2mFailure paths[2m > [22m[2mshould handle quarantine path for trust anomalies
[22m[39m{"level":"info","message":"Skipping source anomaly.com - trust below threshold","timestamp":"2026-05-11T10:23:11.861Z","context":{"component":"discovery","trust":0.2,"threshold":0.3}}
{"level":"info","message":"Starting discovery with budget constraints","timestamp":"2026-05-11T10:23:11.861Z","context":{"component":"discovery","globalBudget":1000,"sourceCount":0}}

[90mstdout[2m | tests/unit/state-machine.test.ts[2m > [22m[2mState Machine[2m > [22m[2mFailure paths[2m > [22m[2mshould release lock even on error
[22m[39m{"level":"info","message":"Starting discovery with budget constraints","timestamp":"2026-05-11T10:23:11.863Z","context":{"component":"discovery","globalBudget":1000,"sourceCount":1}}
{"level":"info","message":"Allocating budget for test.com","timestamp":"2026-05-11T10:23:11.863Z","context":{"component":"discovery","trust":0.7,"budget":100,"remainingGlobal":1000}}

[90mstdout[2m | tests/unit/state-machine.test.ts[2m > [22m[2mState Machine[2m > [22m[2mGuard rails[2m > [22m[2mshould enforce guard rails on discovery input
[22m[39m{"level":"info","message":"Starting discovery with budget constraints","timestamp":"2026-05-11T10:23:11.866Z","context":{"component":"discovery","globalBudget":1000,"sourceCount":1}}
{"level":"info","message":"Allocating budget for massive.com","timestamp":"2026-05-11T10:23:11.866Z","context":{"component":"discovery","trust":0.7,"budget":100,"remainingGlobal":1000}}

[90mstdout[2m | tests/unit/state-machine.test.ts[2m > [22m[2mState Machine[2m > [22m[2mGuard rails[2m > [22m[2mshould check output guard rails before publish
[22m[39m{"level":"info","message":"Starting discovery with budget constraints","timestamp":"2026-05-11T10:23:11.868Z","context":{"component":"discovery","globalBudget":1000,"sourceCount":1}}
{"level":"info","message":"Allocating budget for test.com","timestamp":"2026-05-11T10:23:11.868Z","context":{"component":"discovery","trust":0.7,"budget":100,"remainingGlobal":1000}}

[90mstdout[2m | tests/unit/state-machine.test.ts[2m > [22m[2mState Machine[2m > [22m[2mGuard rails[2m > [22m[2mshould check output guard rails before publish
[22m[39m[INFO] [notify] [ntf-1778494991872] Created GitHub issue #0 for publish_incomplete { event_type: [32m'publish_incomplete'[39m, issue_number: [33m0[39m }

[90mstdout[2m | tests/unit/state-machine.test.ts[2m > [22m[2mState Machine[2m > [22m[2mPipeline notifications[2m > [22m[2mshould send notification on successful completion
[22m[39m{"level":"info","message":"Starting discovery with budget constraints","timestamp":"2026-05-11T10:23:11.878Z","context":{"component":"discovery","globalBudget":1000,"sourceCount":1}}
{"level":"info","message":"Allocating budget for test.com","timestamp":"2026-05-11T10:23:11.878Z","context":{"component":"discovery","trust":0.7,"budget":100,"remainingGlobal":1000}}

[90mstdout[2m | tests/unit/state-machine.test.ts[2m > [22m[2mState Machine[2m > [22m[2mPipeline notifications[2m > [22m[2mshould send notification on successful completion
[22m[39m[INFO] [notify] [ntf-1778494991883] Created GitHub issue #0 for publish_incomplete { event_type: [32m'publish_incomplete'[39m, issue_number: [33m0[39m }

[90mstdout[2m | tests/unit/state-machine.test.ts[2m > [22m[2mState Machine[2m > [22m[2mPipeline notifications[2m > [22m[2mshould send notification on failure
[22m[39m{"level":"info","message":"Starting discovery with budget constraints","timestamp":"2026-05-11T10:23:11.885Z","context":{"component":"discovery","globalBudget":1000,"sourceCount":1}}
{"level":"info","message":"Allocating budget for test.com","timestamp":"2026-05-11T10:23:11.885Z","context":{"component":"discovery","trust":0.7,"budget":100,"remainingGlobal":1000}}

 [32m✓[39m tests/unit/state-machine.test.ts [2m([22m[2m25 tests[22m[2m)[22m[32m 173[2mms[22m[39m
[90mstderr[2m | tests/unit/mcp-tools.test.ts[2m > [22m[2mMCP Tools - Execution[2m > [22m[2mget_stats[2m > [22m[2mshould return statistics object
[22m[39mFailed to get production snapshot: TypeError: Cannot read properties of undefined (reading 'get')
    at getProductionSnapshot [90m(/app/[39mworker/lib/storage.ts:18:39[90m)[39m
    at generateAnalyticsSummary [90m(/app/[39mworker/lib/analytics/index.ts:51:5[90m)[39m
    at handleGetStats [90m(/app/[39mworker/lib/mcp/handlers/stats.ts:15:25[90m)[39m
    at get_stats [90m(/app/[39mworker/lib/mcp/tools/system.ts:171:29[90m)[39m
    at executeTool [90m(/app/[39mworker/lib/mcp/tools/index.ts:67:18[90m)[39m
    at [90m/app/[39mtests/unit/mcp-tools.test.ts:558:28
    at [90mfile:///app/[39mnode_modules/[4m@vitest/runner[24m/dist/chunk-artifact.js:302:11
    at [90mfile:///app/[39mnode_modules/[4m@vitest/runner[24m/dist/chunk-artifact.js:1903:26
    at [90mfile:///app/[39mnode_modules/[4m@vitest/runner[24m/dist/chunk-artifact.js:2326:20
    at new Promise (<anonymous>)
Failed to get recent logs: TypeError: Cannot read properties of undefined (reading 'get')
    at getRecentLogs [90m(/app/[39mworker/lib/logger/query.ts:104:39[90m)[39m
    at generateAnalyticsSummary [90m(/app/[39mworker/lib/analytics/index.ts:52:5[90m)[39m
    at handleGetStats [90m(/app/[39mworker/lib/mcp/handlers/stats.ts:15:25[90m)[39m
    at get_stats [90m(/app/[39mworker/lib/mcp/tools/system.ts:171:29[90m)[39m
    at executeTool [90m(/app/[39mworker/lib/mcp/tools/index.ts:67:18[90m)[39m
    at [90m/app/[39mtests/unit/mcp-tools.test.ts:558:28
    at [90mfile:///app/[39mnode_modules/[4m@vitest/runner[24m/dist/chunk-artifact.js:302:11
    at [90mfile:///app/[39mnode_modules/[4m@vitest/runner[24m/dist/chunk-artifact.js:1903:26
    at [90mfile:///app/[39mnode_modules/[4m@vitest/runner[24m/dist/chunk-artifact.js:2326:20
    at new Promise (<anonymous>)

[90mstderr[2m | tests/unit/mcp-tools.test.ts[2m > [22m[2mMCP Tools - Execution[2m > [22m[2mget_stats[2m > [22m[2mshould handle errors gracefully
[22m[39mFailed to get production snapshot: TypeError: Cannot read properties of undefined (reading 'get')
    at getProductionSnapshot [90m(/app/[39mworker/lib/storage.ts:18:39[90m)[39m
    at generateAnalyticsSummary [90m(/app/[39mworker/lib/analytics/index.ts:51:5[90m)[39m
    at handleGetStats [90m(/app/[39mworker/lib/mcp/handlers/stats.ts:15:25[90m)[39m
    at get_stats [90m(/app/[39mworker/lib/mcp/tools/system.ts:171:29[90m)[39m
    at executeTool [90m(/app/[39mworker/lib/mcp/tools/index.ts:67:18[90m)[39m
    at [90m/app/[39mtests/unit/mcp-tools.test.ts:574:28
    at [90mfile:///app/[39mnode_modules/[4m@vitest/runner[24m/dist/chunk-artifact.js:302:11
    at [90mfile:///app/[39mnode_modules/[4m@vitest/runner[24m/dist/chunk-artifact.js:1903:26
    at [90mfile:///app/[39mnode_modules/[4m@vitest/runner[24m/dist/chunk-artifact.js:2326:20
    at new Promise (<anonymous>)
Failed to get recent logs: TypeError: Cannot read properties of undefined (reading 'get')
    at getRecentLogs [90m(/app/[39mworker/lib/logger/query.ts:104:39[90m)[39m
    at generateAnalyticsSummary [90m(/app/[39mworker/lib/analytics/index.ts:52:5[90m)[39m
    at handleGetStats [90m(/app/[39mworker/lib/mcp/handlers/stats.ts:15:25[90m)[39m
    at get_stats [90m(/app/[39mworker/lib/mcp/tools/system.ts:171:29[90m)[39m
    at executeTool [90m(/app/[39mworker/lib/mcp/tools/index.ts:67:18[90m)[39m
    at [90m/app/[39mtests/unit/mcp-tools.test.ts:574:28
    at [90mfile:///app/[39mnode_modules/[4m@vitest/runner[24m/dist/chunk-artifact.js:302:11
    at [90mfile:///app/[39mnode_modules/[4m@vitest/runner[24m/dist/chunk-artifact.js:1903:26
    at [90mfile:///app/[39mnode_modules/[4m@vitest/runner[24m/dist/chunk-artifact.js:2326:20
    at new Promise (<anonymous>)

[90mstderr[2m | tests/unit/mcp-tools.test.ts[2m > [22m[2mMCP Route Handler - Pagination[2m > [22m[2mtools/list should support cursor pagination
[22m[39mRate limit check failed: TypeError: Cannot read properties of undefined (reading 'get')
    at checkRateLimit [90m(/app/[39mworker/lib/rate-limit.ts:114:40[90m)[39m
    at checkMCPRateLimit [90m(/app/[39mworker/routes/mcp/utils.ts:195:10[90m)[39m
    at handleMCPRequest [90m(/app/[39mworker/routes/mcp/index.ts:74:33[90m)[39m
    at [90m/app/[39mtests/unit/mcp-tools.test.ts:664:33
[90m    at processTicksAndRejections (node:internal/process/task_queues:103:5)[39m
    at [90mfile:///app/[39mnode_modules/[4m@vitest/runner[24m/dist/chunk-artifact.js:1903:20

[90mstderr[2m | tests/unit/mcp-tools.test.ts[2m > [22m[2mMCP Route Handler - Pagination[2m > [22m[2mtools/list should support cursor pagination
[22m[39mRate limit check failed: TypeError: Cannot read properties of undefined (reading 'get')
    at checkRateLimit [90m(/app/[39mworker/lib/rate-limit.ts:114:40[90m)[39m
    at checkMCPRateLimit [90m(/app/[39mworker/routes/mcp/utils.ts:195:10[90m)[39m
    at handleMCPRequest [90m(/app/[39mworker/routes/mcp/index.ts:74:33[90m)[39m
    at [90m/app/[39mtests/unit/mcp-tools.test.ts:682:34
[90m    at processTicksAndRejections (node:internal/process/task_queues:103:5)[39m
    at [90mfile:///app/[39mnode_modules/[4m@vitest/runner[24m/dist/chunk-artifact.js:1903:20

[90mstderr[2m | tests/unit/mcp-tools.test.ts[2m > [22m[2mMCP Route Handler - Pagination[2m > [22m[2mresources/list should support cursor pagination
[22m[39mRate limit check failed: TypeError: Cannot read properties of undefined (reading 'get')
    at checkRateLimit [90m(/app/[39mworker/lib/rate-limit.ts:114:40[90m)[39m
    at checkMCPRateLimit [90m(/app/[39mworker/routes/mcp/utils.ts:195:10[90m)[39m
    at handleMCPRequest [90m(/app/[39mworker/routes/mcp/index.ts:74:33[90m)[39m
    at [90m/app/[39mtests/unit/mcp-tools.test.ts:703:28
[90m    at processTicksAndRejections (node:internal/process/task_queues:103:5)[39m
    at [90mfile:///app/[39mnode_modules/[4m@vitest/runner[24m/dist/chunk-artifact.js:1903:20

[90mstderr[2m | tests/unit/mcp-tools.test.ts[2m > [22m[2mMCP Route Handler - Progress Notifications[2m > [22m[2mtools/call should include progress when progressToken provided
[22m[39mRate limit check failed: TypeError: Cannot read properties of undefined (reading 'get')
    at checkRateLimit [90m(/app/[39mworker/lib/rate-limit.ts:114:40[90m)[39m
    at checkMCPRateLimit [90m(/app/[39mworker/routes/mcp/utils.ts:195:10[90m)[39m
    at handleMCPRequest [90m(/app/[39mworker/routes/mcp/index.ts:74:33[90m)[39m
    at [90m/app/[39mtests/unit/mcp-tools.test.ts:732:28
[90m    at processTicksAndRejections (node:internal/process/task_queues:103:5)[39m
    at [90mfile:///app/[39mnode_modules/[4m@vitest/runner[24m/dist/chunk-artifact.js:1903:20

[90mstderr[2m | tests/unit/mcp-tools.test.ts[2m > [22m[2mMCP Route Handler - Progress Notifications[2m > [22m[2mtools/call should work without progressToken
[22m[39mRate limit check failed: TypeError: Cannot read properties of undefined (reading 'get')
    at checkRateLimit [90m(/app/[39mworker/lib/rate-limit.ts:114:40[90m)[39m
    at checkMCPRateLimit [90m(/app/[39mworker/routes/mcp/utils.ts:195:10[90m)[39m
    at handleMCPRequest [90m(/app/[39mworker/routes/mcp/index.ts:74:33[90m)[39m
    at [90m/app/[39mtests/unit/mcp-tools.test.ts:760:28
[90m    at processTicksAndRejections (node:internal/process/task_queues:103:5)[39m
    at [90mfile:///app/[39mnode_modules/[4m@vitest/runner[24m/dist/chunk-artifact.js:1903:20

 [32m✓[39m tests/unit/mcp-tools.test.ts [2m([22m[2m36 tests[22m[2m)[22m[32m 148[2mms[22m[39m
 [32m✓[39m tests/unit/auth.test.ts [2m([22m[2m77 tests[22m[2m)[22m[32m 130[2mms[22m[39m
[90mstderr[2m | tests/unit/circuit-breaker.test.ts[2m > [22m[2mCircuit Breaker[2m > [22m[2mCircuitBreaker class[2m > [22m[2mconstructor and initialization[2m > [22m[2mshould create circuit breaker with default options
[22m[39mPromise returned by `expect(actual).resolves.toBe(expected)` was not awaited. Vitest currently auto-awaits hanging assertions at the end of the test, but this will cause the test to fail in the next Vitest major. Please remember to await the assertion.
    at /app/tests/unit/circuit-breaker.test.ts:74:30

[90mstderr[2m | tests/unit/circuit-breaker.test.ts[2m > [22m[2mCircuit Breaker[2m > [22m[2mCircuitBreaker class[2m > [22m[2mKV persistence[2m > [22m[2mshould handle KV get errors gracefully
[22m[39m[CircuitBreaker:test-cb] Failed to load state: Error: KV error
    at [90m/app/[39mtests/unit/circuit-breaker.test.ts:850:30
    at [90mfile:///app/[39mnode_modules/[4m@vitest/runner[24m/dist/chunk-artifact.js:302:11
    at [90mfile:///app/[39mnode_modules/[4m@vitest/runner[24m/dist/chunk-artifact.js:1903:26
    at [90mfile:///app/[39mnode_modules/[4m@vitest/runner[24m/dist/chunk-artifact.js:2326:20
    at new Promise (<anonymous>)
    at runWithCancel [90m(file:///app/[39mnode_modules/[4m@vitest/runner[24m/dist/chunk-artifact.js:2323:10[90m)[39m
    at [90mfile:///app/[39mnode_modules/[4m@vitest/runner[24m/dist/chunk-artifact.js:2305:20
    at new Promise (<anonymous>)
    at runWithTimeout [90m(file:///app/[39mnode_modules/[4m@vitest/runner[24m/dist/chunk-artifact.js:2272:10[90m)[39m
    at [90mfile:///app/[39mnode_modules/[4m@vitest/runner[24m/dist/chunk-artifact.js:2955:64

[90mstderr[2m | tests/unit/circuit-breaker.test.ts[2m > [22m[2mCircuit Breaker[2m > [22m[2mCircuitBreaker class[2m > [22m[2mKV persistence[2m > [22m[2mshould handle KV get errors gracefully
[22m[39m[CircuitBreaker:test-cb] Failed to load state: Error: KV error
    at [90m/app/[39mtests/unit/circuit-breaker.test.ts:850:30
    at [90mfile:///app/[39mnode_modules/[4m@vitest/runner[24m/dist/chunk-artifact.js:302:11
    at [90mfile:///app/[39mnode_modules/[4m@vitest/runner[24m/dist/chunk-artifact.js:1903:26
    at [90mfile:///app/[39mnode_modules/[4m@vitest/runner[24m/dist/chunk-artifact.js:2326:20
    at new Promise (<anonymous>)
    at runWithCancel [90m(file:///app/[39mnode_modules/[4m@vitest/runner[24m/dist/chunk-artifact.js:2323:10[90m)[39m
    at [90mfile:///app/[39mnode_modules/[4m@vitest/runner[24m/dist/chunk-artifact.js:2305:20
    at new Promise (<anonymous>)
    at runWithTimeout [90m(file:///app/[39mnode_modules/[4m@vitest/runner[24m/dist/chunk-artifact.js:2272:10[90m)[39m
    at [90mfile:///app/[39mnode_modules/[4m@vitest/runner[24m/dist/chunk-artifact.js:2955:64

 [32m✓[39m tests/unit/circuit-breaker.test.ts [2m([22m[2m62 tests[22m[2m)[22m[32m 117[2mms[22m[39m
[90mstderr[2m | tests/unit/nlq/handlers-post.test.ts[2m > [22m[2mNLQ Handlers - POST[2m > [22m[2mhandleNLQ[2m > [22m[2mshould return 503 when D1 database is not configured
[22m[39mFailed to write structured log: TypeError: this.env.DEALS_LOG.put is not a function
    at StructuredLogger.log [90m(/app/[39mworker/lib/logger/structured.ts:55:32[90m)[39m
    at StructuredLogger.error [90m(/app/[39mworker/lib/logger/structured.ts:107:10[90m)[39m
    at Module.handleNLQ [90m(/app/[39mworker/routes/nlq/handlers.ts:55:12[90m)[39m
    at [90m/app/[39mtests/unit/nlq/handlers-post.test.ts:144:30
    at [90mfile:///app/[39mnode_modules/[4m@vitest/runner[24m/dist/chunk-artifact.js:302:11
    at [90mfile:///app/[39mnode_modules/[4m@vitest/runner[24m/dist/chunk-artifact.js:1903:26
    at [90mfile:///app/[39mnode_modules/[4m@vitest/runner[24m/dist/chunk-artifact.js:2326:20
    at new Promise (<anonymous>)
    at runWithCancel [90m(file:///app/[39mnode_modules/[4m@vitest/runner[24m/dist/chunk-artifact.js:2323:10[90m)[39m
    at [90mfile:///app/[39mnode_modules/[4m@vitest/runner[24m/dist/chunk-artifact.js:2305:20

[90mstderr[2m | tests/unit/nlq/handlers-post.test.ts[2m > [22m[2mNLQ Handlers - POST[2m > [22m[2mhandleNLQ[2m > [22m[2mshould return 429 when rate limit is exceeded
[22m[39mFailed to write structured log: TypeError: this.env.DEALS_LOG.put is not a function
    at StructuredLogger.log [90m(/app/[39mworker/lib/logger/structured.ts:55:32[90m)[39m
    at StructuredLogger.warn [90m(/app/[39mworker/lib/logger/structured.ts:97:10[90m)[39m
    at Module.handleNLQ [90m(/app/[39mworker/routes/nlq/handlers.ts:74:12[90m)[39m
[90m    at processTicksAndRejections (node:internal/process/task_queues:103:5)[39m
    at [90m/app/[39mtests/unit/nlq/handlers-post.test.ts:165:24

[90mstderr[2m | tests/unit/nlq/handlers-post.test.ts[2m > [22m[2mNLQ Handlers - POST[2m > [22m[2mhandleNLQ[2m > [22m[2mshould return 400 for invalid JSON body
[22m[39mFailed to write structured log: TypeError: this.env.DEALS_LOG.put is not a function
    at StructuredLogger.log [90m(/app/[39mworker/lib/logger/structured.ts:55:32[90m)[39m
    at StructuredLogger.error [90m(/app/[39mworker/lib/logger/structured.ts:107:10[90m)[39m
    at Module.handleNLQ [90m(/app/[39mworker/routes/nlq/handlers.ts:135:12[90m)[39m
[90m    at processTicksAndRejections (node:internal/process/task_queues:103:5)[39m
    at [90m/app/[39mtests/unit/nlq/handlers-post.test.ts:180:24
    at [90mfile:///app/[39mnode_modules/[4m@vitest/runner[24m/dist/chunk-artifact.js:1903:20

[90mstderr[2m | tests/unit/nlq/handlers-post.test.ts[2m > [22m[2mNLQ Handlers - POST[2m > [22m[2mhandleNLQ[2m > [22m[2mshould return 400 for empty body
[22m[39mFailed to write structured log: TypeError: this.env.DEALS_LOG.put is not a function
    at StructuredLogger.log [90m(/app/[39mworker/lib/logger/structured.ts:55:32[90m)[39m
    at StructuredLogger.warn [90m(/app/[39mworker/lib/logger/structured.ts:97:10[90m)[39m
    at Module.handleNLQ [90m(/app/[39mworker/routes/nlq/handlers.ts:115:14[90m)[39m
[90m    at processTicksAndRejections (node:internal/process/task_queues:103:5)[39m
    at [90m/app/[39mtests/unit/nlq/handlers-post.test.ts:195:24
    at [90mfile:///app/[39mnode_modules/[4m@vitest/runner[24m/dist/chunk-artifact.js:1903:20

[90mstderr[2m | tests/unit/nlq/handlers-post.test.ts[2m > [22m[2mNLQ Handlers - POST[2m > [22m[2mhandleNLQ[2m > [22m[2mshould return 400 for missing query field
[22m[39mFailed to write structured log: TypeError: this.env.DEALS_LOG.put is not a function
    at StructuredLogger.log [90m(/app/[39mworker/lib/logger/structured.ts:55:32[90m)[39m
    at StructuredLogger.warn [90m(/app/[39mworker/lib/logger/structured.ts:97:10[90m)[39m
    at Module.handleNLQ [90m(/app/[39mworker/routes/nlq/handlers.ts:115:14[90m)[39m
[90m    at processTicksAndRejections (node:internal/process/task_queues:103:5)[39m
    at [90m/app/[39mtests/unit/nlq/handlers-post.test.ts:209:24
    at [90mfile:///app/[39mnode_modules/[4m@vitest/runner[24m/dist/chunk-artifact.js:1903:20

[90mstderr[2m | tests/unit/nlq/handlers-post.test.ts[2m > [22m[2mNLQ Handlers - POST[2m > [22m[2mhandleNLQ[2m > [22m[2mshould return 400 for empty query string
[22m[39mFailed to write structured log: TypeError: this.env.DEALS_LOG.put is not a function
    at StructuredLogger.log [90m(/app/[39mworker/lib/logger/structured.ts:55:32[90m)[39m
    at StructuredLogger.warn [90m(/app/[39mworker/lib/logger/structured.ts:97:10[90m)[39m
    at Module.handleNLQ [90m(/app/[39mworker/routes/nlq/handlers.ts:115:14[90m)[39m
[90m    at processTicksAndRejections (node:internal/process/task_queues:103:5)[39m
    at [90m/app/[39mtests/unit/nlq/handlers-post.test.ts:223:24
    at [90mfile:///app/[39mnode_modules/[4m@vitest/runner[24m/dist/chunk-artifact.js:1903:20

[90mstderr[2m | tests/unit/nlq/handlers-post.test.ts[2m > [22m[2mNLQ Handlers - POST[2m > [22m[2mhandleNLQ[2m > [22m[2mshould return 200 with results for valid query
[22m[39mFailed to write structured log: TypeError: this.env.DEALS_LOG.put is not a function
    at StructuredLogger.log [90m(/app/[39mworker/lib/logger/structured.ts:55:32[90m)[39m
    at StructuredLogger.info [90m(/app/[39mworker/lib/logger/structured.ts:91:10[90m)[39m
    at Module.handleNLQ [90m(/app/[39mworker/routes/nlq/handlers.ts:150:10[90m)[39m
[90m    at processTicksAndRejections (node:internal/process/task_queues:103:5)[39m
    at [90m/app/[39mtests/unit/nlq/handlers-post.test.ts:237:24
    at [90mfile:///app/[39mnode_modules/[4m@vitest/runner[24m/dist/chunk-artifact.js:1903:20
Failed to write structured log: TypeError: this.env.DEALS_LOG.put is not a function
    at StructuredLogger.log [90m(/app/[39mworker/lib/logger/structured.ts:55:32[90m)[39m
    at StructuredLogger.debug [90m(/app/[39mworker/lib/logger/structured.ts:85:10[90m)[39m
    at Module.handleNLQ [90m(/app/[39mworker/routes/nlq/handlers.ts:164:12[90m)[39m
[90m    at processTicksAndRejections (node:internal/process/task_queues:103:5)[39m
    at [90m/app/[39mtests/unit/nlq/handlers-post.test.ts:237:24
    at [90mfile:///app/[39mnode_modules/[4m@vitest/runner[24m/dist/chunk-artifact.js:1903:20

[90mstderr[2m | tests/unit/nlq/handlers-post.test.ts[2m > [22m[2mNLQ Handlers - POST[2m > [22m[2mhandleNLQ[2m > [22m[2mshould return 200 with results for valid query
[22m[39mFailed to write structured log: TypeError: this.env.DEALS_LOG.put is not a function
    at StructuredLogger.log [90m(/app/[39mworker/lib/logger/structured.ts:55:32[90m)[39m
    at StructuredLogger.info [90m(/app/[39mworker/lib/logger/structured.ts:91:10[90m)[39m
    at Module.handleNLQ [90m(/app/[39mworker/routes/nlq/handlers.ts:187:12[90m)[39m
[90m    at processTicksAndRejections (node:internal/process/task_queues:103:5)[39m
    at [90m/app/[39mtests/unit/nlq/handlers-post.test.ts:237:24
    at [90mfile:///app/[39mnode_modules/[4m@vitest/runner[24m/dist/chunk-artifact.js:1903:20

[90mstderr[2m | tests/unit/nlq/handlers-post.test.ts[2m > [22m[2mNLQ Handlers - POST[2m > [22m[2mhandleNLQ[2m > [22m[2mshould include rate limit headers in successful response
[22m[39mFailed to write structured log: TypeError: this.env.DEALS_LOG.put is not a function
    at StructuredLogger.log [90m(/app/[39mworker/lib/logger/structured.ts:55:32[90m)[39m
    at StructuredLogger.info [90m(/app/[39mworker/lib/logger/structured.ts:91:10[90m)[39m
    at Module.handleNLQ [90m(/app/[39mworker/routes/nlq/handlers.ts:150:10[90m)[39m
[90m    at processTicksAndRejections (node:internal/process/task_queues:103:5)[39m
    at [90m/app/[39mtests/unit/nlq/handlers-post.test.ts:256:24
    at [90mfile:///app/[39mnode_modules/[4m@vitest/runner[24m/dist/chunk-artifact.js:1903:20
Failed to write structured log: TypeError: this.env.DEALS_LOG.put is not a function
    at StructuredLogger.log [90m(/app/[39mworker/lib/logger/structured.ts:55:32[90m)[39m
    at StructuredLogger.debug [90m(/app/[39mworker/lib/logger/structured.ts:85:10[90m)[39m
    at Module.handleNLQ [90m(/app/[39mworker/routes/nlq/handlers.ts:164:12[90m)[39m
[90m    at processTicksAndRejections (node:internal/process/task_queues:103:5)[39m
    at [90m/app/[39mtests/unit/nlq/handlers-post.test.ts:256:24
    at [90mfile:///app/[39mnode_modules/[4m@vitest/runner[24m/dist/chunk-artifact.js:1903:20

[90mstderr[2m | tests/unit/nlq/handlers-post.test.ts[2m > [22m[2mNLQ Handlers - POST[2m > [22m[2mhandleNLQ[2m > [22m[2mshould include rate limit headers in successful response
[22m[39mFailed to write structured log: TypeError: this.env.DEALS_LOG.put is not a function
    at StructuredLogger.log [90m(/app/[39mworker/lib/logger/structured.ts:55:32[90m)[39m
    at StructuredLogger.info [90m(/app/[39mworker/lib/logger/structured.ts:91:10[90m)[39m
    at Module.handleNLQ [90m(/app/[39mworker/routes/nlq/handlers.ts:187:12[90m)[39m
[90m    at processTicksAndRejections (node:internal/process/task_queues:103:5)[39m
    at [90m/app/[39mtests/unit/nlq/handlers-post.test.ts:256:24
    at [90mfile:///app/[39mnode_modules/[4m@vitest/runner[24m/dist/chunk-artifact.js:1903:20

[90mstderr[2m | tests/unit/nlq/handlers-post.test.ts[2m > [22m[2mNLQ Handlers - POST[2m > [22m[2mhandleNLQ[2m > [22m[2mshould respect custom limit parameter
[22m[39mFailed to write structured log: TypeError: this.env.DEALS_LOG.put is not a function
    at StructuredLogger.log [90m(/app/[39mworker/lib/logger/structured.ts:55:32[90m)[39m
    at StructuredLogger.info [90m(/app/[39mworker/lib/logger/structured.ts:91:10[90m)[39m
    at Module.handleNLQ [90m(/app/[39mworker/routes/nlq/handlers.ts:150:10[90m)[39m
[90m    at processTicksAndRejections (node:internal/process/task_queues:103:5)[39m
    at [90m/app/[39mtests/unit/nlq/handlers-post.test.ts:269:7
    at [90mfile:///app/[39mnode_modules/[4m@vitest/runner[24m/dist/chunk-artifact.js:1903:20
Failed to write structured log: TypeError: this.env.DEALS_LOG.put is not a function
    at StructuredLogger.log [90m(/app/[39mworker/lib/logger/structured.ts:55:32[90m)[39m
    at StructuredLogger.debug [90m(/app/[39mworker/lib/logger/structured.ts:85:10[90m)[39m
    at Module.handleNLQ [90m(/app/[39mworker/routes/nlq/handlers.ts:164:12[90m)[39m
[90m    at processTicksAndRejections (node:internal/process/task_queues:103:5)[39m
    at [90m/app/[39mtests/unit/nlq/handlers-post.test.ts:269:7
    at [90mfile:///app/[39mnode_modules/[4m@vitest/runner[24m/dist/chunk-artifact.js:1903:20

[90mstderr[2m | tests/unit/nlq/handlers-post.test.ts[2m > [22m[2mNLQ Handlers - POST[2m > [22m[2mhandleNLQ[2m > [22m[2mshould respect custom limit parameter
[22m[39mFailed to write structured log: TypeError: this.env.DEALS_LOG.put is not a function
    at StructuredLogger.log [90m(/app/[39mworker/lib/logger/structured.ts:55:32[90m)[39m
    at StructuredLogger.info [90m(/app/[39mworker/lib/logger/structured.ts:91:10[90m)[39m
    at Module.handleNLQ [90m(/app/[39mworker/routes/nlq/handlers.ts:187:12[90m)[39m
[90m    at processTicksAndRejections (node:internal/process/task_queues:103:5)[39m
    at [90m/app/[39mtests/unit/nlq/handlers-post.test.ts:269:7
    at [90mfile:///app/[39mnode_modules/[4m@vitest/runner[24m/dist/chunk-artifact.js:1903:20

[90mstderr[2m | tests/unit/nlq/handlers-post.test.ts[2m > [22m[2mNLQ Handlers - POST[2m > [22m[2mhandleNLQ[2m > [22m[2mshould respect include_expired parameter
[22m[39mFailed to write structured log: TypeError: this.env.DEALS_LOG.put is not a function
    at StructuredLogger.log [90m(/app/[39mworker/lib/logger/structured.ts:55:32[90m)[39m
    at StructuredLogger.info [90m(/app/[39mworker/lib/logger/structured.ts:91:10[90m)[39m
    at Module.handleNLQ [90m(/app/[39mworker/routes/nlq/handlers.ts:150:10[90m)[39m
[90m    at processTicksAndRejections (node:internal/process/task_queues:103:5)[39m
    at [90m/app/[39mtests/unit/nlq/handlers-post.test.ts:282:7
    at [90mfile:///app/[39mnode_modules/[4m@vitest/runner[24m/dist/chunk-artifact.js:1903:20
Failed to write structured log: TypeError: this.env.DEALS_LOG.put is not a function
    at StructuredLogger.log [90m(/app/[39mworker/lib/logger/structured.ts:55:32[90m)[39m
    at StructuredLogger.debug [90m(/app/[39mworker/lib/logger/structured.ts:85:10[90m)[39m
    at Module.handleNLQ [90m(/app/[39mworker/routes/nlq/handlers.ts:164:12[90m)[39m
[90m    at processTicksAndRejections (node:internal/process/task_queues:103:5)[39m
    at [90m/app/[39mtests/unit/nlq/handlers-post.test.ts:282:7
    at [90mfile:///app/[39mnode_modules/[4m@vitest/runner[24m/dist/chunk-artifact.js:1903:20

[90mstderr[2m | tests/unit/nlq/handlers-post.test.ts[2m > [22m[2mNLQ Handlers - POST[2m > [22m[2mhandleNLQ[2m > [22m[2mshould respect include_expired parameter
[22m[39mFailed to write structured log: TypeError: this.env.DEALS_LOG.put is not a function
    at StructuredLogger.log [90m(/app/[39mworker/lib/logger/structured.ts:55:32[90m)[39m
    at StructuredLogger.info [90m(/app/[39mworker/lib/logger/structured.ts:91:10[90m)[39m
    at Module.handleNLQ [90m(/app/[39mworker/routes/nlq/handlers.ts:187:12[90m)[39m
[90m    at processTicksAndRejections (node:internal/process/task_queues:103:5)[39m
    at [90m/app/[39mtests/unit/nlq/handlers-post.test.ts:282:7
    at [90mfile:///app/[39mnode_modules/[4m@vitest/runner[24m/dist/chunk-artifact.js:1903:20

[90mstderr[2m | tests/unit/nlq/handlers-post.test.ts[2m > [22m[2mNLQ Handlers - POST[2m > [22m[2mhandleNLQ[2m > [22m[2mshould respect offset parameter
[22m[39mFailed to write structured log: TypeError: this.env.DEALS_LOG.put is not a function
    at StructuredLogger.log [90m(/app/[39mworker/lib/logger/structured.ts:55:32[90m)[39m
    at StructuredLogger.info [90m(/app/[39mworker/lib/logger/structured.ts:91:10[90m)[39m
    at Module.handleNLQ [90m(/app/[39mworker/routes/nlq/handlers.ts:150:10[90m)[39m
[90m    at processTicksAndRejections (node:internal/process/task_queues:103:5)[39m
    at [90m/app/[39mtests/unit/nlq/handlers-post.test.ts:295:7
    at [90mfile:///app/[39mnode_modules/[4m@vitest/runner[24m/dist/chunk-artifact.js:1903:20
Failed to write structured log: TypeError: this.env.DEALS_LOG.put is not a function
    at StructuredLogger.log [90m(/app/[39mworker/lib/logger/structured.ts:55:32[90m)[39m
    at StructuredLogger.debug [90m(/app/[39mworker/lib/logger/structured.ts:85:10[90m)[39m
    at Module.handleNLQ [90m(/app/[39mworker/routes/nlq/handlers.ts:164:12[90m)[39m
[90m    at processTicksAndRejections (node:internal/process/task_queues:103:5)[39m
    at [90m/app/[39mtests/unit/nlq/handlers-post.test.ts:295:7
    at [90mfile:///app/[39mnode_modules/[4m@vitest/runner[24m/dist/chunk-artifact.js:1903:20

[90mstderr[2m | tests/unit/nlq/handlers-post.test.ts[2m > [22m[2mNLQ Handlers - POST[2m > [22m[2mhandleNLQ[2m > [22m[2mshould respect offset parameter
[22m[39mFailed to write structured log: TypeError: this.env.DEALS_LOG.put is not a function
    at StructuredLogger.log [90m(/app/[39mworker/lib/logger/structured.ts:55:32[90m)[39m
    at StructuredLogger.info [90m(/app/[39mworker/lib/logger/structured.ts:91:10[90m)[39m
    at Module.handleNLQ [90m(/app/[39mworker/routes/nlq/handlers.ts:187:12[90m)[39m
[90m    at processTicksAndRejections (node:internal/process/task_queues:103:5)[39m
    at [90m/app/[39mtests/unit/nlq/handlers-post.test.ts:295:7
    at [90mfile:///app/[39mnode_modules/[4m@vitest/runner[24m/dist/chunk-artifact.js:1903:20

[90mstderr[2m | tests/unit/nlq/handlers-post.test.ts[2m > [22m[2mNLQ Handlers - POST[2m > [22m[2mhandleNLQ[2m > [22m[2mshould handle query execution errors gracefully
[22m[39mFailed to write structured log: TypeError: this.env.DEALS_LOG.put is not a function
    at StructuredLogger.log [90m(/app/[39mworker/lib/logger/structured.ts:55:32[90m)[39m
    at StructuredLogger.info [90m(/app/[39mworker/lib/logger/structured.ts:91:10[90m)[39m
    at Module.handleNLQ [90m(/app/[39mworker/routes/nlq/handlers.ts:150:10[90m)[39m
[90m    at processTicksAndRejections (node:internal/process/task_queues:103:5)[39m
    at [90m/app/[39mtests/unit/nlq/handlers-post.test.ts:312:24
    at [90mfile:///app/[39mnode_modules/[4m@vitest/runner[24m/dist/chunk-artifact.js:1903:20
Failed to write structured log: TypeError: this.env.DEALS_LOG.put is not a function
    at StructuredLogger.log [90m(/app/[39mworker/lib/logger/structured.ts:55:32[90m)[39m
    at StructuredLogger.debug [90m(/app/[39mworker/lib/logger/structured.ts:85:10[90m)[39m
    at Module.handleNLQ [90m(/app/[39mworker/routes/nlq/handlers.ts:164:12[90m)[39m
[90m    at processTicksAndRejections (node:internal/process/task_queues:103:5)[39m
    at [90m/app/[39mtests/unit/nlq/handlers-post.test.ts:312:24
    at [90mfile:///app/[39mnode_modules/[4m@vitest/runner[24m/dist/chunk-artifact.js:1903:20

[90mstderr[2m | tests/unit/nlq/handlers-post.test.ts[2m > [22m[2mNLQ Handlers - POST[2m > [22m[2mhandleNLQ[2m > [22m[2mshould handle query execution errors gracefully
[22m[39mFailed to write structured log: TypeError: this.env.DEALS_LOG.put is not a function
    at StructuredLogger.log [90m(/app/[39mworker/lib/logger/structured.ts:55:32[90m)[39m
    at StructuredLogger.error [90m(/app/[39mworker/lib/logger/structured.ts:107:10[90m)[39m
    at Module.handleNLQ [90m(/app/[39mworker/routes/nlq/handlers.ts:212:12[90m)[39m
[90m    at processTicksAndRejections (node:internal/process/task_queues:103:5)[39m
    at [90m/app/[39mtests/unit/nlq/handlers-post.test.ts:312:24
    at [90mfile:///app/[39mnode_modules/[4m@vitest/runner[24m/dist/chunk-artifact.js:1903:20

[90mstderr[2m | tests/unit/nlq/handlers-post.test.ts[2m > [22m[2mNLQ Handlers - POST[2m > [22m[2mhandleNLQ[2m > [22m[2mshould handle non-Error throwables
[22m[39mFailed to write structured log: TypeError: this.env.DEALS_LOG.put is not a function
    at StructuredLogger.log [90m(/app/[39mworker/lib/logger/structured.ts:55:32[90m)[39m
    at StructuredLogger.info [90m(/app/[39mworker/lib/logger/structured.ts:91:10[90m)[39m
    at Module.handleNLQ [90m(/app/[39mworker/routes/nlq/handlers.ts:150:10[90m)[39m
[90m    at processTicksAndRejections (node:internal/process/task_queues:103:5)[39m
    at [90m/app/[39mtests/unit/nlq/handlers-post.test.ts:330:24
    at [90mfile:///app/[39mnode_modules/[4m@vitest/runner[24m/dist/chunk-artifact.js:1903:20
Failed to write structured log: TypeError: this.env.DEALS_LOG.put is not a function
    at StructuredLogger.log [90m(/app/[39mworker/lib/logger/structured.ts:55:32[90m)[39m
    at StructuredLogger.debug [90m(/app/[39mworker/lib/logger/structured.ts:85:10[90m)[39m
    at Module.handleNLQ [90m(/app/[39mworker/routes/nlq/handlers.ts:164:12[90m)[39m
[90m    at processTicksAndRejections (node:internal/process/task_queues:103:5)[39m
    at [90m/app/[39mtests/unit/nlq/handlers-post.test.ts:330:24
    at [90mfile:///app/[39mnode_modules/[4m@vitest/runner[24m/dist/chunk-artifact.js:1903:20

[90mstderr[2m | tests/unit/nlq/handlers-post.test.ts[2m > [22m[2mNLQ Handlers - POST[2m > [22m[2mhandleNLQ[2m > [22m[2mshould handle non-Error throwables
[22m[39mFailed to write structured log: TypeError: this.env.DEALS_LOG.put is not a function
    at StructuredLogger.log [90m(/app/[39mworker/lib/logger/structured.ts:55:32[90m)[39m
    at StructuredLogger.error [90m(/app/[39mworker/lib/logger/structured.ts:107:10[90m)[39m
    at Module.handleNLQ [90m(/app/[39mworker/routes/nlq/handlers.ts:212:12[90m)[39m
[90m    at processTicksAndRejections (node:internal/process/task_queues:103:5)[39m
    at [90m/app/[39mtests/unit/nlq/handlers-post.test.ts:330:24
    at [90mfile:///app/[39mnode_modules/[4m@vitest/runner[24m/dist/chunk-artifact.js:1903:20

[90mstderr[2m | tests/unit/nlq/handlers-post.test.ts[2m > [22m[2mNLQ Handlers - POST[2m > [22m[2mhandleNLQ[2m > [22m[2mshould return empty results array when no deals match
[22m[39mFailed to write structured log: TypeError: this.env.DEALS_LOG.put is not a function
    at StructuredLogger.log [90m(/app/[39mworker/lib/logger/structured.ts:55:32[90m)[39m
    at StructuredLogger.info [90m(/app/[39mworker/lib/logger/structured.ts:91:10[90m)[39m
    at Module.handleNLQ [90m(/app/[39mworker/routes/nlq/handlers.ts:150:10[90m)[39m
[90m    at processTicksAndRejections (node:internal/process/task_queues:103:5)[39m
    at [90m/app/[39mtests/unit/nlq/handlers-post.test.ts:346:24
    at [90mfile:///app/[39mnode_modules/[4m@vitest/runner[24m/dist/chunk-artifact.js:1903:20
Failed to write structured log: TypeError: this.env.DEALS_LOG.put is not a function
    at StructuredLogger.log [90m(/app/[39mworker/lib/logger/structured.ts:55:32[90m)[39m
    at StructuredLogger.debug [90m(/app/[39mworker/lib/logger/structured.ts:85:10[90m)[39m
    at Module.handleNLQ [90m(/app/[39mworker/routes/nlq/handlers.ts:164:12[90m)[39m
[90m    at processTicksAndRejections (node:internal/process/task_queues:103:5)[39m
    at [90m/app/[39mtests/unit/nlq/handlers-post.test.ts:346:24
    at [90mfile:///app/[39mnode_modules/[4m@vitest/runner[24m/dist/chunk-artifact.js:1903:20

[90mstderr[2m | tests/unit/nlq/handlers-post.test.ts[2m > [22m[2mNLQ Handlers - POST[2m > [22m[2mhandleNLQ[2m > [22m[2mshould return empty results array when no deals match
[22m[39mFailed to write structured log: TypeError: this.env.DEALS_LOG.put is not a function
    at StructuredLogger.log [90m(/app/[39mworker/lib/logger/structured.ts:55:32[90m)[39m
    at StructuredLogger.info [90m(/app/[39mworker/lib/logger/structured.ts:91:10[90m)[39m
    at Module.handleNLQ [90m(/app/[39mworker/routes/nlq/handlers.ts:187:12[90m)[39m
[90m    at processTicksAndRejections (node:internal/process/task_queues:103:5)[39m
    at [90m/app/[39mtests/unit/nlq/handlers-post.test.ts:346:24
    at [90mfile:///app/[39mnode_modules/[4m@vitest/runner[24m/dist/chunk-artifact.js:1903:20

[90mstderr[2m | tests/unit/nlq/handlers-post.test.ts[2m > [22m[2mNLQ Handlers - POST[2m > [22m[2mhandleNLQ[2m > [22m[2mshould use client identifier from request headers
[22m[39mFailed to write structured log: TypeError: this.env.DEALS_LOG.put is not a function
    at StructuredLogger.log [90m(/app/[39mworker/lib/logger/structured.ts:55:32[90m)[39m
    at StructuredLogger.info [90m(/app/[39mworker/lib/logger/structured.ts:91:10[90m)[39m
    at Module.handleNLQ [90m(/app/[39mworker/routes/nlq/handlers.ts:150:10[90m)[39m
[90m    at processTicksAndRejections (node:internal/process/task_queues:103:5)[39m
    at [90m/app/[39mtests/unit/nlq/handlers-post.test.ts:365:7
    at [90mfile:///app/[39mnode_modules/[4m@vitest/runner[24m/dist/chunk-artifact.js:1903:20
Failed to write structured log: TypeError: this.env.DEALS_LOG.put is not a function
    at StructuredLogger.log [90m(/app/[39mworker/lib/logger/structured.ts:55:32[90m)[39m
    at StructuredLogger.debug [90m(/app/[39mworker/lib/logger/structured.ts:85:10[90m)[39m
    at Module.handleNLQ [90m(/app/[39mworker/routes/nlq/handlers.ts:164:12[90m)[39m
[90m    at processTicksAndRejections (node:internal/process/task_queues:103:5)[39m
    at [90m/app/[39mtests/unit/nlq/handlers-post.test.ts:365:7
    at [90mfile:///app/[39mnode_modules/[4m@vitest/runner[24m/dist/chunk-artifact.js:1903:20

[90mstderr[2m | tests/unit/nlq/handlers-post.test.ts[2m > [22m[2mNLQ Handlers - POST[2m > [22m[2mhandleNLQ[2m > [22m[2mshould use client identifier from request headers
[22m[39mFailed to write structured log: TypeError: this.env.DEALS_LOG.put is not a function
    at StructuredLogger.log [90m(/app/[39mworker/lib/logger/structured.ts:55:32[90m)[39m
    at StructuredLogger.info [90m(/app/[39mworker/lib/logger/structured.ts:91:10[90m)[39m
    at Module.handleNLQ [90m(/app/[39mworker/routes/nlq/handlers.ts:187:12[90m)[39m
[90m    at processTicksAndRejections (node:internal/process/task_queues:103:5)[39m
    at [90m/app/[39mtests/unit/nlq/handlers-post.test.ts:365:7
    at [90mfile:///app/[39mnode_modules/[4m@vitest/runner[24m/dist/chunk-artifact.js:1903:20

 [32m✓[39m tests/unit/nlq/handlers-post.test.ts [2m([22m[2m15 tests[22m[2m)[22m[32m 118[2mms[22m[39m
 [32m✓[39m tests/unit/bulk/export.test.ts [2m([22m[2m9 tests[22m[2m)[22m[32m 145[2mms[22m[39m
[90mstderr[2m | tests/unit/discover.test.ts[2m > [22m[2mDiscovery Engine[2m > [22m[2mdiscover[2m > [22m[2mshould return empty result when no active sources
[22m[39m{"level":"warn","message":"No active sources configured","timestamp":"2026-05-11T10:23:14.555Z","context":{"component":"discovery"}}

[90mstdout[2m | tests/unit/discover.test.ts[2m > [22m[2mDiscovery Engine[2m > [22m[2mdiscover[2m > [22m[2mshould skip blocked sources
[22m[39m{"level":"info","message":"Starting discovery with budget constraints","timestamp":"2026-05-11T10:23:14.594Z","context":{"component":"discovery","globalBudget":1000,"sourceCount":1}}
{"level":"info","message":"Allocating budget for active.com","timestamp":"2026-05-11T10:23:14.594Z","context":{"component":"discovery","trust":0.7,"budget":100,"remainingGlobal":1000}}

[90mstdout[2m | tests/unit/discover.test.ts[2m > [22m[2mDiscovery Engine[2m > [22m[2mdiscover[2m > [22m[2mshould handle HTTP errors from sources
[22m[39m{"level":"info","message":"Starting discovery with budget constraints","timestamp":"2026-05-11T10:23:14.603Z","context":{"component":"discovery","globalBudget":1000,"sourceCount":1}}
{"level":"info","message":"Allocating budget for error.com","timestamp":"2026-05-11T10:23:14.603Z","context":{"component":"discovery","trust":0.7,"budget":100,"remainingGlobal":1000}}

[90mstdout[2m | tests/unit/discover.test.ts[2m > [22m[2mDiscovery Engine[2m > [22m[2mdiscover[2m > [22m[2mshould handle fetch timeout
[22m[39m{"level":"info","message":"Starting discovery with budget constraints","timestamp":"2026-05-11T10:23:14.604Z","context":{"component":"discovery","globalBudget":1000,"sourceCount":1}}
{"level":"info","message":"Allocating budget for timeout.com","timestamp":"2026-05-11T10:23:14.604Z","context":{"component":"discovery","trust":0.7,"budget":100,"remainingGlobal":1000}}

[90mstdout[2m | tests/unit/discover.test.ts[2m > [22m[2mDiscovery Engine[2m > [22m[2mdiscover[2m > [22m[2mshould update source discovery metadata on success
[22m[39m{"level":"info","message":"Starting discovery with budget constraints","timestamp":"2026-05-11T10:23:14.606Z","context":{"component":"discovery","globalBudget":1000,"sourceCount":1}}
{"level":"info","message":"Allocating budget for test.com","timestamp":"2026-05-11T10:23:14.606Z","context":{"component":"discovery","trust":0.7,"budget":100,"remainingGlobal":1000}}

[90mstdout[2m | tests/unit/discover.test.ts[2m > [22m[2mDiscovery Engine[2m > [22m[2mdiscover[2m > [22m[2mshould record validation failure on fetch error
[22m[39m{"level":"info","message":"Starting discovery with budget constraints","timestamp":"2026-05-11T10:23:14.608Z","context":{"component":"discovery","globalBudget":1000,"sourceCount":1}}
{"level":"info","message":"Allocating budget for fail.com","timestamp":"2026-05-11T10:23:14.609Z","context":{"component":"discovery","trust":0.7,"budget":100,"remainingGlobal":1000}}

[90mstdout[2m | tests/unit/discover.test.ts[2m > [22m[2mDiscovery Engine[2m > [22m[2mdiscover[2m > [22m[2mshould collect deals from multiple sources
[22m[39m{"level":"info","message":"Starting discovery with budget constraints","timestamp":"2026-05-11T10:23:14.610Z","context":{"component":"discovery","globalBudget":1000,"sourceCount":2}}
{"level":"info","message":"Allocating budget for source1.com","timestamp":"2026-05-11T10:23:14.610Z","context":{"component":"discovery","trust":0.7,"budget":100,"remainingGlobal":1000}}

[90mstdout[2m | tests/unit/discover.test.ts[2m > [22m[2mDiscovery Engine[2m > [22m[2mdiscover[2m > [22m[2mshould collect deals from multiple sources
[22m[39m{"level":"info","message":"Allocating budget for source2.com","timestamp":"2026-05-11T10:23:14.618Z","context":{"component":"discovery","trust":0.7,"budget":100,"remainingGlobal":999}}

[90mstdout[2m | tests/unit/discover.test.ts[2m > [22m[2mDiscovery Engine[2m > [22m[2mHTML content parsing[2m > [22m[2mshould extract referral codes from HTML
[22m[39m{"level":"info","message":"Starting discovery with budget constraints","timestamp":"2026-05-11T10:23:14.621Z","context":{"component":"discovery","globalBudget":1000,"sourceCount":1}}
{"level":"info","message":"Allocating budget for htmlsource.com","timestamp":"2026-05-11T10:23:14.622Z","context":{"component":"discovery","trust":0.7,"budget":100,"remainingGlobal":1000}}

[90mstdout[2m | tests/unit/discover.test.ts[2m > [22m[2mDiscovery Engine[2m > [22m[2mHTML content parsing[2m > [22m[2mshould handle HTML without referral codes
[22m[39m{"level":"info","message":"Starting discovery with budget constraints","timestamp":"2026-05-11T10:23:14.623Z","context":{"component":"discovery","globalBudget":1000,"sourceCount":1}}
{"level":"info","message":"Allocating budget for nocodes.com","timestamp":"2026-05-11T10:23:14.624Z","context":{"component":"discovery","trust":0.7,"budget":100,"remainingGlobal":1000}}

[90mstdout[2m | tests/unit/discover.test.ts[2m > [22m[2mDiscovery Engine[2m > [22m[2mHTML content parsing[2m > [22m[2mshould deduplicate codes found in same page
[22m[39m{"level":"info","message":"Starting discovery with budget constraints","timestamp":"2026-05-11T10:23:14.625Z","context":{"component":"discovery","globalBudget":1000,"sourceCount":1}}
{"level":"info","message":"Allocating budget for dupes.com","timestamp":"2026-05-11T10:23:14.625Z","context":{"component":"discovery","trust":0.7,"budget":100,"remainingGlobal":1000}}

[90mstdout[2m | tests/unit/discover.test.ts[2m > [22m[2mDiscovery Engine[2m > [22m[2mHTML content parsing[2m > [22m[2mshould extract reward information from HTML
[22m[39m{"level":"info","message":"Starting discovery with budget constraints","timestamp":"2026-05-11T10:23:14.626Z","context":{"component":"discovery","globalBudget":1000,"sourceCount":1}}
{"level":"info","message":"Allocating budget for rewards.com","timestamp":"2026-05-11T10:23:14.626Z","context":{"component":"discovery","trust":0.7,"budget":100,"remainingGlobal":1000}}

[90mstdout[2m | tests/unit/discover.test.ts[2m > [22m[2mDiscovery Engine[2m > [22m[2mHTML content parsing[2m > [22m[2mshould handle percent rewards in HTML
[22m[39m{"level":"info","message":"Starting discovery with budget constraints","timestamp":"2026-05-11T10:23:14.627Z","context":{"component":"discovery","globalBudget":1000,"sourceCount":1}}
{"level":"info","message":"Allocating budget for percent.com","timestamp":"2026-05-11T10:23:14.627Z","context":{"component":"discovery","trust":0.7,"budget":100,"remainingGlobal":1000}}

[90mstdout[2m | tests/unit/discover.test.ts[2m > [22m[2mDiscovery Engine[2m > [22m[2mHTML content parsing[2m > [22m[2mshould respect payload size limits
[22m[39m{"level":"info","message":"Starting discovery with budget constraints","timestamp":"2026-05-11T10:23:14.628Z","context":{"component":"discovery","globalBudget":1000,"sourceCount":1}}
{"level":"info","message":"Allocating budget for large.com","timestamp":"2026-05-11T10:23:14.628Z","context":{"component":"discovery","trust":0.7,"budget":100,"remainingGlobal":1000}}

[90mstdout[2m | tests/unit/discover.test.ts[2m > [22m[2mDiscovery Engine[2m > [22m[2mJSON content parsing[2m > [22m[2mshould parse array of deals
[22m[39m{"level":"info","message":"Starting discovery with budget constraints","timestamp":"2026-05-11T10:23:14.629Z","context":{"component":"discovery","globalBudget":1000,"sourceCount":1}}
{"level":"info","message":"Allocating budget for array.com","timestamp":"2026-05-11T10:23:14.629Z","context":{"component":"discovery","trust":0.7,"budget":100,"remainingGlobal":1000}}

[90mstdout[2m | tests/unit/discover.test.ts[2m > [22m[2mDiscovery Engine[2m > [22m[2mJSON content parsing[2m > [22m[2mshould parse nested deals object
[22m[39m{"level":"info","message":"Starting discovery with budget constraints","timestamp":"2026-05-11T10:23:14.631Z","context":{"component":"discovery","globalBudget":1000,"sourceCount":1}}
{"level":"info","message":"Allocating budget for nested.com","timestamp":"2026-05-11T10:23:14.631Z","context":{"component":"discovery","trust":0.7,"budget":100,"remainingGlobal":1000}}

[90mstdout[2m | tests/unit/discover.test.ts[2m > [22m[2mDiscovery Engine[2m > [22m[2mJSON content parsing[2m > [22m[2mshould handle single deal object
[22m[39m{"level":"info","message":"Starting discovery with budget constraints","timestamp":"2026-05-11T10:23:14.633Z","context":{"component":"discovery","globalBudget":1000,"sourceCount":1}}
{"level":"info","message":"Allocating budget for single.com","timestamp":"2026-05-11T10:23:14.633Z","context":{"component":"discovery","trust":0.7,"budget":100,"remainingGlobal":1000}}

[90mstdout[2m | tests/unit/discover.test.ts[2m > [22m[2mDiscovery Engine[2m > [22m[2mJSON content parsing[2m > [22m[2mshould handle alternate field names
[22m[39m{"level":"info","message":"Starting discovery with budget constraints","timestamp":"2026-05-11T10:23:14.635Z","context":{"component":"discovery","globalBudget":1000,"sourceCount":1}}
{"level":"info","message":"Allocating budget for alt.com","timestamp":"2026-05-11T10:23:14.635Z","context":{"component":"discovery","trust":0.7,"budget":100,"remainingGlobal":1000}}

[90mstdout[2m | tests/unit/discover.test.ts[2m > [22m[2mDiscovery Engine[2m > [22m[2mJSON content parsing[2m > [22m[2mshould handle items array field
[22m[39m{"level":"info","message":"Starting discovery with budget constraints","timestamp":"2026-05-11T10:23:14.637Z","context":{"component":"discovery","globalBudget":1000,"sourceCount":1}}
{"level":"info","message":"Allocating budget for items.com","timestamp":"2026-05-11T10:23:14.637Z","context":{"component":"discovery","trust":0.7,"budget":100,"remainingGlobal":1000}}

[90mstdout[2m | tests/unit/discover.test.ts[2m > [22m[2mDiscovery Engine[2m > [22m[2mJSON content parsing[2m > [22m[2mshould return empty array for invalid JSON
[22m[39m{"level":"info","message":"Starting discovery with budget constraints","timestamp":"2026-05-11T10:23:14.638Z","context":{"component":"discovery","globalBudget":1000,"sourceCount":1}}
{"level":"info","message":"Allocating budget for badjson.com","timestamp":"2026-05-11T10:23:14.638Z","context":{"component":"discovery","trust":0.7,"budget":100,"remainingGlobal":1000}}

[90mstdout[2m | tests/unit/discover.test.ts[2m > [22m[2mDiscovery Engine[2m > [22m[2mJSON content parsing[2m > [22m[2mshould extract expiry dates when present
[22m[39m{"level":"info","message":"Starting discovery with budget constraints","timestamp":"2026-05-11T10:23:14.639Z","context":{"component":"discovery","globalBudget":1000,"sourceCount":1}}
{"level":"info","message":"Allocating budget for expiry.com","timestamp":"2026-05-11T10:23:14.639Z","context":{"component":"discovery","trust":0.7,"budget":100,"remainingGlobal":1000}}

[90mstdout[2m | tests/unit/discover.test.ts[2m > [22m[2mDiscovery Engine[2m > [22m[2mURL building[2m > [22m[2mshould construct URLs from source patterns
[22m[39m{"level":"info","message":"Starting discovery with budget constraints","timestamp":"2026-05-11T10:23:14.641Z","context":{"component":"discovery","globalBudget":1000,"sourceCount":1}}
{"level":"info","message":"Allocating budget for test.com","timestamp":"2026-05-11T10:23:14.641Z","context":{"component":"discovery","trust":0.7,"budget":100,"remainingGlobal":1000}}

[90mstdout[2m | tests/unit/discover.test.ts[2m > [22m[2mDiscovery Engine[2m > [22m[2mURL building[2m > [22m[2mshould include proper headers in fetch
[22m[39m{"level":"info","message":"Starting discovery with budget constraints","timestamp":"2026-05-11T10:23:14.643Z","context":{"component":"discovery","globalBudget":1000,"sourceCount":1}}
{"level":"info","message":"Allocating budget for headers.com","timestamp":"2026-05-11T10:23:14.643Z","context":{"component":"discovery","trust":0.7,"budget":100,"remainingGlobal":1000}}

[90mstdout[2m | tests/unit/discover.test.ts[2m > [22m[2mDiscovery Engine[2m > [22m[2mDeal building[2m > [22m[2mshould build complete deal objects
[22m[39m{"level":"info","message":"Starting discovery with budget constraints","timestamp":"2026-05-11T10:23:14.645Z","context":{"component":"discovery","globalBudget":1000,"sourceCount":1}}
{"level":"info","message":"Allocating budget for build.com","timestamp":"2026-05-11T10:23:14.645Z","context":{"component":"discovery","trust":0.7,"budget":100,"remainingGlobal":1000}}

[90mstdout[2m | tests/unit/discover.test.ts[2m > [22m[2mDiscovery Engine[2m > [22m[2mDeal building[2m > [22m[2mshould track build errors
[22m[39m{"level":"info","message":"Starting discovery with budget constraints","timestamp":"2026-05-11T10:23:14.647Z","context":{"component":"discovery","globalBudget":1000,"sourceCount":1}}
{"level":"info","message":"Allocating budget for badbuild.com","timestamp":"2026-05-11T10:23:14.647Z","context":{"component":"discovery","trust":0.7,"budget":100,"remainingGlobal":1000}}

 [32m✓[39m tests/unit/discover.test.ts [2m([22m[2m24 tests[22m[2m)[22m[32m 100[2mms[22m[39m
[90mstdout[2m | tests/unit/budget-allocation.test.ts[2m > [22m[2mBudget Allocation[2m > [22m[2mshould sort sources by trust score descending
[22m[39m{"level":"info","message":"Starting discovery with budget constraints","timestamp":"2026-05-11T10:23:14.994Z","context":{"component":"discovery","globalBudget":1000,"sourceCount":3}}
{"level":"info","message":"Allocating budget for high.com","timestamp":"2026-05-11T10:23:14.995Z","context":{"component":"discovery","trust":0.9,"budget":300,"remainingGlobal":1000}}

[90mstdout[2m | tests/unit/budget-allocation.test.ts[2m > [22m[2mBudget Allocation[2m > [22m[2mshould sort sources by trust score descending
[22m[39m{"level":"info","message":"Allocating budget for mid.com","timestamp":"2026-05-11T10:23:14.997Z","context":{"component":"discovery","trust":0.6,"budget":100,"remainingGlobal":1000}}

[90mstdout[2m | tests/unit/budget-allocation.test.ts[2m > [22m[2mBudget Allocation[2m > [22m[2mshould sort sources by trust score descending
[22m[39m{"level":"info","message":"Allocating budget for low.com","timestamp":"2026-05-11T10:23:14.997Z","context":{"component":"discovery","trust":0.4,"budget":100,"remainingGlobal":1000}}

[90mstdout[2m | tests/unit/budget-allocation.test.ts[2m > [22m[2mBudget Allocation[2m > [22m[2mshould skip sources with trust below 0.3
[22m[39m{"level":"info","message":"Skipping source untrusted.com - trust below threshold","timestamp":"2026-05-11T10:23:15.001Z","context":{"component":"discovery","trust":0.2,"threshold":0.3}}
{"level":"info","message":"Starting discovery with budget constraints","timestamp":"2026-05-11T10:23:15.001Z","context":{"component":"discovery","globalBudget":1000,"sourceCount":1}}
{"level":"info","message":"Allocating budget for trusted.com","timestamp":"2026-05-11T10:23:15.001Z","context":{"component":"discovery","trust":0.5,"budget":100,"remainingGlobal":1000}}

[90mstdout[2m | tests/unit/budget-allocation.test.ts[2m > [22m[2mBudget Allocation[2m > [22m[2mshould respect per-source budget and high-trust bonus
[22m[39m{"level":"info","message":"Starting discovery with budget constraints","timestamp":"2026-05-11T10:23:15.006Z","context":{"component":"discovery","globalBudget":100,"sourceCount":2}}
{"level":"info","message":"Allocating budget for high-trust.com","timestamp":"2026-05-11T10:23:15.006Z","context":{"component":"discovery","trust":0.8,"budget":15,"remainingGlobal":100}}

[90mstdout[2m | tests/unit/budget-allocation.test.ts[2m > [22m[2mBudget Allocation[2m > [22m[2mshould respect per-source budget and high-trust bonus
[22m[39m{"level":"info","message":"Allocating budget for mid-trust.com","timestamp":"2026-05-11T10:23:15.026Z","context":{"component":"discovery","trust":0.5,"budget":10,"remainingGlobal":85}}

[90mstdout[2m | tests/unit/budget-allocation.test.ts[2m > [22m[2mBudget Allocation[2m > [22m[2mshould respect global budget
[22m[39m{"level":"info","message":"Starting discovery with budget constraints","timestamp":"2026-05-11T10:23:15.033Z","context":{"component":"discovery","globalBudget":15,"sourceCount":3}}
{"level":"info","message":"Allocating budget for s1.com","timestamp":"2026-05-11T10:23:15.033Z","context":{"component":"discovery","trust":0.9,"budget":15,"remainingGlobal":15}}

[90mstdout[2m | tests/unit/budget-allocation.test.ts[2m > [22m[2mBudget Allocation[2m > [22m[2mshould respect global budget
[22m[39m{"level":"info","message":"Global discovery budget exhausted","timestamp":"2026-05-11T10:23:15.037Z","context":{"component":"discovery","dealsFound":15}}

[90mstdout[2m | tests/unit/budget-allocation.test.ts[2m > [22m[2mBudget Allocation[2m > [22m[2mshould use default budget values when env vars are missing
[22m[39m{"level":"info","message":"Starting discovery with budget constraints","timestamp":"2026-05-11T10:23:15.038Z","context":{"component":"discovery","globalBudget":1000,"sourceCount":1}}
{"level":"info","message":"Allocating budget for default.com","timestamp":"2026-05-11T10:23:15.038Z","context":{"component":"discovery","trust":0.5,"budget":100,"remainingGlobal":1000}}

 [32m✓[39m tests/unit/budget-allocation.test.ts [2m([22m[2m5 tests[22m[2m)[22m[32m 112[2mms[22m[39m
 [32m✓[39m tests/unit/bulk/import.test.ts [2m([22m[2m8 tests[22m[2m)[22m[32m 92[2mms[22m[39m
 [32m✓[39m tests/integration/mcp-tools.test.ts [2m([22m[2m12 tests[22m[2m)[22m[32m 88[2mms[22m[39m
[90mstderr[2m | tests/unit/nlq/handlers-get-explain.test.ts[2m > [22m[2mNLQ Handlers - GET & Explain[2m > [22m[2mhandleNLQGet[2m > [22m[2mshould handle GET query execution errors
[22m[39mFailed to write structured log: TypeError: this.env.DEALS_LOG.put is not a function
    at StructuredLogger.log [90m(/app/[39mworker/lib/logger/structured.ts:55:32[90m)[39m
    at StructuredLogger.error [90m(/app/[39mworker/lib/logger/structured.ts:107:10[90m)[39m
    at Module.handleNLQGet [90m(/app/[39mworker/routes/nlq/handlers.ts:317:12[90m)[39m
[90m    at processTicksAndRejections (node:internal/process/task_queues:103:5)[39m
    at [90m/app/[39mtests/unit/nlq/handlers-get-explain.test.ts:227:24

 [32m✓[39m tests/unit/nlq/handlers-get-explain.test.ts [2m([22m[2m18 tests[22m[2m)[22m[32m 89[2mms[22m[39m
 [32m✓[39m tests/unit/research-agent.test.ts [2m([22m[2m15 tests[22m[2m)[22m[32m 69[2mms[22m[39m
 [32m✓[39m tests/unit/storage.test.ts [2m([22m[2m36 tests[22m[2m)[22m[32m 67[2mms[22m[39m
 [32m✓[39m tests/unit/stage.test.ts [2m([22m[2m14 tests[22m[2m)[22m[32m 69[2mms[22m[39m
 [32m✓[39m tests/unit/experience-api.test.ts [2m([22m[2m9 tests[22m[2m)[22m[32m 69[2mms[22m[39m
[90mstderr[2m | tests/unit/mcp-resources.test.ts[2m > [22m[2mMCP Resources - readResource[2m > [22m[2manalytics:// protocol[2m > [22m[2mshould return analytics summary
[22m[39mFailed to get production snapshot: TypeError: Cannot read properties of undefined (reading 'get')
    at getProductionSnapshot [90m(/app/[39mworker/lib/storage.ts:18:39[90m)[39m
    at generateAnalyticsSummary [90m(/app/[39mworker/lib/analytics/index.ts:51:5[90m)[39m
    at handleAnalyticsSummaryResource [90m(/app/[39mworker/lib/mcp/resources.ts:194:25[90m)[39m
    at readResource [90m(/app/[39mworker/lib/mcp/resources.ts:307:24[90m)[39m
    at [90m/app/[39mtests/unit/mcp-resources.test.ts:377:28
    at [90mfile:///app/[39mnode_modules/[4m@vitest/runner[24m/dist/chunk-artifact.js:302:11
    at [90mfile:///app/[39mnode_modules/[4m@vitest/runner[24m/dist/chunk-artifact.js:1903:26
    at [90mfile:///app/[39mnode_modules/[4m@vitest/runner[24m/dist/chunk-artifact.js:2326:20
    at new Promise (<anonymous>)
    at runWithCancel [90m(file:///app/[39mnode_modules/[4m@vitest/runner[24m/dist/chunk-artifact.js:2323:10[90m)[39m
Failed to get recent logs: TypeError: Cannot read properties of undefined (reading 'get')
    at getRecentLogs [90m(/app/[39mworker/lib/logger/query.ts:104:39[90m)[39m
    at generateAnalyticsSummary [90m(/app/[39mworker/lib/analytics/index.ts:52:5[90m)[39m
    at handleAnalyticsSummaryResource [90m(/app/[39mworker/lib/mcp/resources.ts:194:25[90m)[39m
    at readResource [90m(/app/[39mworker/lib/mcp/resources.ts:307:24[90m)[39m
    at [90m/app/[39mtests/unit/mcp-resources.test.ts:377:28
    at [90mfile:///app/[39mnode_modules/[4m@vitest/runner[24m/dist/chunk-artifact.js:302:11
    at [90mfile:///app/[39mnode_modules/[4m@vitest/runner[24m/dist/chunk-artifact.js:1903:26
    at [90mfile:///app/[39mnode_modules/[4m@vitest/runner[24m/dist/chunk-artifact.js:2326:20
    at new Promise (<anonymous>)
    at runWithCancel [90m(file:///app/[39mnode_modules/[4m@vitest/runner[24m/dist/chunk-artifact.js:2323:10[90m)[39m

[90mstderr[2m | tests/unit/mcp-resources.test.ts[2m > [22m[2mMCP Resources - readResource[2m > [22m[2manalytics:// protocol[2m > [22m[2mshould return full analytics
[22m[39mFailed to get production snapshot: TypeError: Cannot read properties of undefined (reading 'get')
    at getProductionSnapshot [90m(/app/[39mworker/lib/storage.ts:18:39[90m)[39m
    at generateDealAnalytics [90m(/app/[39mworker/lib/analytics/index.ts:28:5[90m)[39m
    at handleAnalyticsDetailResource [90m(/app/[39mworker/lib/mcp/resources.ts:226:31[90m)[39m
    at readResource [90m(/app/[39mworker/lib/mcp/resources.ts:309:22[90m)[39m
    at [90m/app/[39mtests/unit/mcp-resources.test.ts:388:28
    at [90mfile:///app/[39mnode_modules/[4m@vitest/runner[24m/dist/chunk-artifact.js:302:11
    at [90mfile:///app/[39mnode_modules/[4m@vitest/runner[24m/dist/chunk-artifact.js:1903:26
    at [90mfile:///app/[39mnode_modules/[4m@vitest/runner[24m/dist/chunk-artifact.js:2326:20
    at new Promise (<anonymous>)
    at runWithCancel [90m(file:///app/[39mnode_modules/[4m@vitest/runner[24m/dist/chunk-artifact.js:2323:10[90m)[39m
Failed to get recent logs: TypeError: Cannot read properties of undefined (reading 'get')
    at getRecentLogs [90m(/app/[39mworker/lib/logger/query.ts:104:39[90m)[39m
    at generateDealAnalytics [90m(/app/[39mworker/lib/analytics/index.ts:30:5[90m)[39m
    at handleAnalyticsDetailResource [90m(/app/[39mworker/lib/mcp/resources.ts:226:31[90m)[39m
    at readResource [90m(/app/[39mworker/lib/mcp/resources.ts:309:22[90m)[39m
    at [90m/app/[39mtests/unit/mcp-resources.test.ts:388:28
    at [90mfile:///app/[39mnode_modules/[4m@vitest/runner[24m/dist/chunk-artifact.js:302:11
    at [90mfile:///app/[39mnode_modules/[4m@vitest/runner[24m/dist/chunk-artifact.js:1903:26
    at [90mfile:///app/[39mnode_modules/[4m@vitest/runner[24m/dist/chunk-artifact.js:2326:20
    at new Promise (<anonymous>)
    at runWithCancel [90m(file:///app/[39mnode_modules/[4m@vitest/runner[24m/dist/chunk-artifact.js:2323:10[90m)[39m

[90mstderr[2m | tests/unit/mcp-resources.test.ts[2m > [22m[2mMCP Resources - readResource[2m > [22m[2manalytics:// protocol[2m > [22m[2mshould return detailed analytics
[22m[39mFailed to get production snapshot: TypeError: Cannot read properties of undefined (reading 'get')
    at getProductionSnapshot [90m(/app/[39mworker/lib/storage.ts:18:39[90m)[39m
    at generateDealAnalytics [90m(/app/[39mworker/lib/analytics/index.ts:28:5[90m)[39m
    at handleAnalyticsDetailResource [90m(/app/[39mworker/lib/mcp/resources.ts:226:31[90m)[39m
    at readResource [90m(/app/[39mworker/lib/mcp/resources.ts:309:22[90m)[39m
    at [90m/app/[39mtests/unit/mcp-resources.test.ts:402:28
    at [90mfile:///app/[39mnode_modules/[4m@vitest/runner[24m/dist/chunk-artifact.js:302:11
    at [90mfile:///app/[39mnode_modules/[4m@vitest/runner[24m/dist/chunk-artifact.js:1903:26
    at [90mfile:///app/[39mnode_modules/[4m@vitest/runner[24m/dist/chunk-artifact.js:2326:20
    at new Promise (<anonymous>)
    at runWithCancel [90m(file:///app/[39mnode_modules/[4m@vitest/runner[24m/dist/chunk-artifact.js:2323:10[90m)[39m
Failed to get recent logs: TypeError: Cannot read properties of undefined (reading 'get')
    at getRecentLogs [90m(/app/[39mworker/lib/logger/query.ts:104:39[90m)[39m
    at generateDealAnalytics [90m(/app/[39mworker/lib/analytics/index.ts:30:5[90m)[39m
    at handleAnalyticsDetailResource [90m(/app/[39mworker/lib/mcp/resources.ts:226:31[90m)[39m
    at readResource [90m(/app/[39mworker/lib/mcp/resources.ts:309:22[90m)[39m
    at [90m/app/[39mtests/unit/mcp-resources.test.ts:402:28
    at [90mfile:///app/[39mnode_modules/[4m@vitest/runner[24m/dist/chunk-artifact.js:302:11
    at [90mfile:///app/[39mnode_modules/[4m@vitest/runner[24m/dist/chunk-artifact.js:1903:26
    at [90mfile:///app/[39mnode_modules/[4m@vitest/runner[24m/dist/chunk-artifact.js:2326:20
    at new Promise (<anonymous>)
    at runWithCancel [90m(file:///app/[39mnode_modules/[4m@vitest/runner[24m/dist/chunk-artifact.js:2323:10[90m)[39m

[90mstderr[2m | tests/unit/mcp-resources.test.ts[2m > [22m[2mMCP Resources - readResource[2m > [22m[2manalytics:// protocol[2m > [22m[2mshould return trends analytics
[22m[39mFailed to get production snapshot: TypeError: Cannot read properties of undefined (reading 'get')
    at getProductionSnapshot [90m(/app/[39mworker/lib/storage.ts:18:39[90m)[39m
    at generateDealAnalytics [90m(/app/[39mworker/lib/analytics/index.ts:28:5[90m)[39m
    at handleAnalyticsDetailResource [90m(/app/[39mworker/lib/mcp/resources.ts:243:31[90m)[39m
    at readResource [90m(/app/[39mworker/lib/mcp/resources.ts:309:22[90m)[39m
    at [90m/app/[39mtests/unit/mcp-resources.test.ts:414:28
    at [90mfile:///app/[39mnode_modules/[4m@vitest/runner[24m/dist/chunk-artifact.js:302:11
    at [90mfile:///app/[39mnode_modules/[4m@vitest/runner[24m/dist/chunk-artifact.js:1903:26
    at [90mfile:///app/[39mnode_modules/[4m@vitest/runner[24m/dist/chunk-artifact.js:2326:20
    at new Promise (<anonymous>)
    at runWithCancel [90m(file:///app/[39mnode_modules/[4m@vitest/runner[24m/dist/chunk-artifact.js:2323:10[90m)[39m
Failed to get recent logs: TypeError: Cannot read properties of undefined (reading 'get')
    at getRecentLogs [90m(/app/[39mworker/lib/logger/query.ts:104:39[90m)[39m
    at generateDealAnalytics [90m(/app/[39mworker/lib/analytics/index.ts:30:5[90m)[39m
    at handleAnalyticsDetailResource [90m(/app/[39mworker/lib/mcp/resources.ts:243:31[90m)[39m
    at readResource [90m(/app/[39mworker/lib/mcp/resources.ts:309:22[90m)[39m
    at [90m/app/[39mtests/unit/mcp-resources.test.ts:414:28
    at [90mfile:///app/[39mnode_modules/[4m@vitest/runner[24m/dist/chunk-artifact.js:302:11
    at [90mfile:///app/[39mnode_modules/[4m@vitest/runner[24m/dist/chunk-artifact.js:1903:26
    at [90mfile:///app/[39mnode_modules/[4m@vitest/runner[24m/dist/chunk-artifact.js:2326:20
    at new Promise (<anonymous>)
    at runWithCancel [90m(file:///app/[39mnode_modules/[4m@vitest/runner[24m/dist/chunk-artifact.js:2323:10[90m)[39m

[90mstderr[2m | tests/unit/mcp-resources.test.ts[2m > [22m[2mMCP Resources - readResource[2m > [22m[2mResource metadata[2m > [22m[2mshould use correct mimeType for all resources
[22m[39mFailed to get production snapshot: TypeError: Cannot read properties of undefined (reading 'get')
    at getProductionSnapshot [90m(/app/[39mworker/lib/storage.ts:18:39[90m)[39m
    at generateAnalyticsSummary [90m(/app/[39mworker/lib/analytics/index.ts:51:5[90m)[39m
    at handleAnalyticsSummaryResource [90m(/app/[39mworker/lib/mcp/resources.ts:194:25[90m)[39m
    at readResource [90m(/app/[39mworker/lib/mcp/resources.ts:307:24[90m)[39m
    at [90m/app/[39mtests/unit/mcp-resources.test.ts:467:37
[90m    at processTicksAndRejections (node:internal/process/task_queues:103:5)[39m
    at [90mfile:///app/[39mnode_modules/[4m@vitest/runner[24m/dist/chunk-artifact.js:1903:20
Failed to get recent logs: TypeError: Cannot read properties of undefined (reading 'get')
    at getRecentLogs [90m(/app/[39mworker/lib/logger/query.ts:104:39[90m)[39m
    at generateAnalyticsSummary [90m(/app/[39mworker/lib/analytics/index.ts:52:5[90m)[39m
    at handleAnalyticsSummaryResource [90m(/app/[39mworker/lib/mcp/resources.ts:194:25[90m)[39m
    at readResource [90m(/app/[39mworker/lib/mcp/resources.ts:307:24[90m)[39m
    at [90m/app/[39mtests/unit/mcp-resources.test.ts:467:37
[90m    at processTicksAndRejections (node:internal/process/task_queues:103:5)[39m
    at [90mfile:///app/[39mnode_modules/[4m@vitest/runner[24m/dist/chunk-artifact.js:1903:20

 [32m✓[39m tests/unit/mcp-resources.test.ts [2m([22m[2m30 tests[22m[2m)[22m[32m 62[2mms[22m[39m
 [32m✓[39m tests/unit/feature-flags/crud.test.ts [2m([22m[2m30 tests[22m[2m)[22m[32m 64[2mms[22m[39m
[90mstderr[2m | tests/unit/worker-init.test.ts[2m > [22m[2mWorker Initialization[2m > [22m[2mfetch handler[2m > [22m[2mshould return 500 when TRUST_THRESHOLD is invalid
[22m[39mConfiguration error: Error: TRUST_THRESHOLD must be a number between 0 and 1
    at validateConfig [90m(/app/[39mworker/lib/config-utils.ts:43:11[90m)[39m
    at Object.fetch [90m(/app/[39mworker/index.ts:74:7[90m)[39m
    at [90m/app/[39mtests/unit/worker-init.test.ts:36:37
    at [90mfile:///app/[39mnode_modules/[4m@vitest/runner[24m/dist/chunk-artifact.js:302:11
    at [90mfile:///app/[39mnode_modules/[4m@vitest/runner[24m/dist/chunk-artifact.js:1903:26
    at [90mfile:///app/[39mnode_modules/[4m@vitest/runner[24m/dist/chunk-artifact.js:2326:20
    at new Promise (<anonymous>)
    at runWithCancel [90m(file:///app/[39mnode_modules/[4m@vitest/runner[24m/dist/chunk-artifact.js:2323:10[90m)[39m
    at [90mfile:///app/[39mnode_modules/[4m@vitest/runner[24m/dist/chunk-artifact.js:2305:20
    at new Promise (<anonymous>)

[90mstderr[2m | tests/unit/worker-init.test.ts[2m > [22m[2mWorker Initialization[2m > [22m[2mfetch handler[2m > [22m[2mshould return 500 when TRUST_THRESHOLD is out of range
[22m[39mConfiguration error: Error: TRUST_THRESHOLD must be a number between 0 and 1
    at validateConfig [90m(/app/[39mworker/lib/config-utils.ts:43:11[90m)[39m
    at Object.fetch [90m(/app/[39mworker/index.ts:74:7[90m)[39m
    at [90m/app/[39mtests/unit/worker-init.test.ts:48:37
    at [90mfile:///app/[39mnode_modules/[4m@vitest/runner[24m/dist/chunk-artifact.js:302:11
    at [90mfile:///app/[39mnode_modules/[4m@vitest/runner[24m/dist/chunk-artifact.js:1903:26
    at [90mfile:///app/[39mnode_modules/[4m@vitest/runner[24m/dist/chunk-artifact.js:2326:20
    at new Promise (<anonymous>)
    at runWithCancel [90m(file:///app/[39mnode_modules/[4m@vitest/runner[24m/dist/chunk-artifact.js:2323:10[90m)[39m
    at [90mfile:///app/[39mnode_modules/[4m@vitest/runner[24m/dist/chunk-artifact.js:2305:20
    at new Promise (<anonymous>)

[90mstderr[2m | tests/unit/worker-init.test.ts[2m > [22m[2mWorker Initialization[2m > [22m[2mscheduled handler[2m > [22m[2mshould send critical notification when TRUST_THRESHOLD is invalid
[22m[39mScheduled execution configuration error: Error: TRUST_THRESHOLD must be a number between 0 and 1
    at validateConfig [90m(/app/[39mworker/lib/config-utils.ts:43:11[90m)[39m
    at Object.scheduled [90m(/app/[39mworker/index.ts:268:7[90m)[39m
    at [90m/app/[39mtests/unit/worker-init.test.ts:65:20
    at [90mfile:///app/[39mnode_modules/[4m@vitest/runner[24m/dist/chunk-artifact.js:302:11
    at [90mfile:///app/[39mnode_modules/[4m@vitest/runner[24m/dist/chunk-artifact.js:1903:26
    at [90mfile:///app/[39mnode_modules/[4m@vitest/runner[24m/dist/chunk-artifact.js:2326:20
    at new Promise (<anonymous>)
    at runWithCancel [90m(file:///app/[39mnode_modules/[4m@vitest/runner[24m/dist/chunk-artifact.js:2323:10[90m)[39m
    at [90mfile:///app/[39mnode_modules/[4m@vitest/runner[24m/dist/chunk-artifact.js:2305:20
    at new Promise (<anonymous>)

 [32m✓[39m tests/unit/worker-init.test.ts [2m([22m[2m3 tests[22m[2m)[22m[32m 61[2mms[22m[39m
 [32m✓[39m tests/unit/security-gatekeeper.test.ts [2m([22m[2m15 tests[22m[2m)[22m[32m 69[2mms[22m[39m
 [32m✓[39m tests/unit/cache.test.ts [2m([22m[2m52 tests[22m[2m | [22m[33m1 skipped[39m[2m)[22m[32m 62[2mms[22m[39m
 [32m✓[39m tests/unit/nlq/index.test.ts [2m([22m[2m10 tests[22m[2m)[22m[32m 58[2mms[22m[39m
 [32m✓[39m tests/unit/rate-limit-kv/middleware.test.ts [2m([22m[2m13 tests[22m[2m)[22m[32m 58[2mms[22m[39m
[90mstderr[2m | tests/unit/rate-limit.test.ts[2m > [22m[2mRate Limiting[2m > [22m[2mcheckRateLimit[2m > [22m[2mshould fail open if KV throws error
[22m[39mRate limit check failed: Error: KV error
    at [90m/app/[39mtests/unit/rate-limit.test.ts:108:40
    at [90mfile:///app/[39mnode_modules/[4m@vitest/runner[24m/dist/chunk-artifact.js:302:11
    at [90mfile:///app/[39mnode_modules/[4m@vitest/runner[24m/dist/chunk-artifact.js:1903:26
    at [90mfile:///app/[39mnode_modules/[4m@vitest/runner[24m/dist/chunk-artifact.js:2326:20
    at new Promise (<anonymous>)
    at runWithCancel [90m(file:///app/[39mnode_modules/[4m@vitest/runner[24m/dist/chunk-artifact.js:2323:10[90m)[39m
    at [90mfile:///app/[39mnode_modules/[4m@vitest/runner[24m/dist/chunk-artifact.js:2305:20
    at new Promise (<anonymous>)
    at runWithTimeout [90m(file:///app/[39mnode_modules/[4m@vitest/runner[24m/dist/chunk-artifact.js:2272:10[90m)[39m
    at [90mfile:///app/[39mnode_modules/[4m@vitest/runner[24m/dist/chunk-artifact.js:2955:64

 [32m✓[39m tests/unit/rate-limit.test.ts [2m([22m[2m14 tests[22m[2m)[22m[32m 61[2mms[22m[39m
[90mstderr[2m | tests/unit/logger.test.ts[2m > [22m[2mLogger[2m > [22m[2mappendLog[2m > [22m[2mshould validate log entry before storing
[22m[39mInvalid log entry: ZodError: [
  {
    "received": "invalid_phase",
    "code": "invalid_enum_value",
    "options": [
      "init",
      "discover",
      "normalize",
      "dedupe",
      "validate",
      "score",
      "stage",
      "publish",
      "verify",
      "finalize",
      "revert",
      "quarantine"
    ],
    "path": [
      "phase"
    ],
    "message": "Invalid enum value. Expected 'init' | 'discover' | 'normalize' | 'dedupe' | 'validate' | 'score' | 'stage' | 'publish' | 'verify' | 'finalize' | 'revert' | 'quarantine', received 'invalid_phase'"
  }
]
    at Object.get error [as error] [90m(file:///app/[39mnode_modules/[4mzod[24m/v3/types.js:39:31[90m)[39m
    at appendLog [90m(/app/[39mworker/lib/logger/legacy.ts:16:48[90m)[39m
    at [90m/app/[39mtests/unit/logger.test.ts:76:20
    at [90mfile:///app/[39mnode_modules/[4m@vitest/runner[24m/dist/chunk-artifact.js:302:11
    at [90mfile:///app/[39mnode_modules/[4m@vitest/runner[24m/dist/chunk-artifact.js:1903:26
    at [90mfile:///app/[39mnode_modules/[4m@vitest/runner[24m/dist/chunk-artifact.js:2326:20
    at new Promise (<anonymous>)
    at runWithCancel [90m(file:///app/[39mnode_modules/[4m@vitest/runner[24m/dist/chunk-artifact.js:2323:10[90m)[39m
    at [90mfile:///app/[39mnode_modules/[4m@vitest/runner[24m/dist/chunk-artifact.js:2305:20
    at new Promise (<anonymous>) {
  issues: [
    {
      received: [32m'invalid_phase'[39m,
      code: [32m'invalid_enum_value'[39m,
      options: [36m[Array][39m,
      path: [36m[Array][39m,
      message: [32m"Invalid enum value. Expected 'init' | 'discover' | 'normalize' | 'dedupe' | 'validate' | 'score' | 'stage' | 'publish' | 'verify' | 'finalize' | 'revert' | 'quarantine', received 'invalid_phase'"[39m
    }
  ],
  addIssue: [36m[Function (anonymous)][39m,
  addIssues: [36m[Function (anonymous)][39m
}

[90mstderr[2m | tests/unit/logger.test.ts[2m > [22m[2mLogger[2m > [22m[2mappendLog[2m > [22m[2mshould handle errors gracefully
[22m[39mFailed to append log: Error: KV error
    at Object.<anonymous> [90m(/app/[39mtests/unit/logger.test.ts:115:15[90m)[39m
    at Object.Mock [as put] [90m(file:///app/[39mnode_modules/[4m@vitest/spy[24m/dist/index.js:332:34[90m)[39m
    at appendLog [90m(/app/[39mworker/lib/logger/legacy.ts:33:25[90m)[39m
[90m    at processTicksAndRejections (node:internal/process/task_queues:103:5)[39m

 [32m✓[39m tests/unit/logger.test.ts [2m([22m[2m22 tests[22m[2m)[22m[32m 45[2mms[22m[39m
 [32m✓[39m tests/unit/feature-flags/middleware.test.ts [2m([22m[2m5 tests[22m[2m)[22m[32m 50[2mms[22m[39m
 [32m✓[39m tests/unit/publish.test.ts [2m([22m[2m13 tests[22m[2m)[22m[32m 48[2mms[22m[39m
[90mstderr[2m | tests/unit/notify.test.ts[2m > [22m[2mNotification System[2m > [22m[2mnotify[2m > [22m[2mshould deduplicate notifications within cooldown
[22m[39m[ERROR] [github] [gh-1778495002960] Failed to create notification issue { repo: [32m'test/repo'[39m, type: [32m'system_error'[39m, run_id: [32m'test-run'[39m } TypeError: Cannot read properties of undefined (reading 'ok')
    at execute [90m(/app/[39mworker/lib/github/core.ts:211:19[90m)[39m
[90m    at processTicksAndRejections (node:internal/process/task_queues:103:5)[39m
    at createGitHubIssue [90m(/app/[39mworker/lib/github/core.ts:217:45[90m)[39m

[90mstderr[2m | tests/unit/notify.test.ts[2m > [22m[2mNotification System[2m > [22m[2mnotify[2m > [22m[2mshould deduplicate notifications within cooldown
[22m[39m[ERROR] [notify] [ntf-1778495002959] GitHub notification failed { event_type: [32m'system_error'[39m } TypeError: Cannot read properties of undefined (reading 'ok')
    at execute [90m(/app/[39mworker/lib/github/core.ts:211:19[90m)[39m
[90m    at processTicksAndRejections (node:internal/process/task_queues:103:5)[39m
    at createGitHubIssue [90m(/app/[39mworker/lib/github/core.ts:217:45[90m)[39m

[90mstderr[2m | tests/unit/notify.test.ts[2m > [22m[2mNotification System[2m > [22m[2mnotify[2m > [22m[2mshould handle Telegram API failure
[22m[39m[ERROR] [notify] [ntf-1778495002977] Telegram notification failed { event_type: [32m'system_error'[39m } Error: Telegram API error: 400
    at execute [90m(/app/[39mworker/notify.ts:206:13[90m)[39m
[90m    at processTicksAndRejections (node:internal/process/task_queues:103:5)[39m
    at CircuitBreaker.execute [90m(/app/[39mworker/lib/circuit-breaker.ts:214:22[90m)[39m
    at sendTelegramNotification [90m(/app/[39mworker/notify.ts:214:12[90m)[39m
    at notify [90m(/app/[39mworker/notify.ts:55:23[90m)[39m
    at [90m/app/[39mtests/unit/notify.test.ts:114:22
    at [90mfile:///app/[39mnode_modules/[4m@vitest/runner[24m/dist/chunk-artifact.js:1903:20

[90mstderr[2m | tests/unit/notify.test.ts[2m > [22m[2mNotification System[2m > [22m[2mnotify[2m > [22m[2mshould handle Telegram API failure
[22m[39m[ERROR] [github] [gh-1778495002986] Failed to create notification issue { repo: [32m'test/repo'[39m, type: [32m'system_error'[39m, run_id: [32m'test-run'[39m } Error: Failed to create issue: 400
    at execute [90m(/app/[39mworker/lib/github/core.ts:212:13[90m)[39m
[90m    at processTicksAndRejections (node:internal/process/task_queues:103:5)[39m
    at createGitHubIssue [90m(/app/[39mworker/lib/github/core.ts:217:45[90m)[39m

[90mstderr[2m | tests/unit/notify.test.ts[2m > [22m[2mNotification System[2m > [22m[2mnotify[2m > [22m[2mshould handle Telegram API failure
[22m[39m[ERROR] [notify] [ntf-1778495002977] GitHub notification failed { event_type: [32m'system_error'[39m } Error: Failed to create issue: 400
    at execute [90m(/app/[39mworker/lib/github/core.ts:212:13[90m)[39m
[90m    at processTicksAndRejections (node:internal/process/task_queues:103:5)[39m
    at createGitHubIssue [90m(/app/[39mworker/lib/github/core.ts:217:45[90m)[39m

[90mstdout[2m | tests/unit/notify.test.ts[2m > [22m[2mNotification System[2m > [22m[2mnotify[2m > [22m[2mshould fallback to GitHub when Telegram not configured
[22m[39m[INFO] [notify] [ntf-1778495002988] Created GitHub issue #123 for checks_failed { event_type: [32m'checks_failed'[39m, issue_number: [33m123[39m }

[90mstderr[2m | tests/unit/notify.test.ts[2m > [22m[2mNotification System[2m > [22m[2mnotify[2m > [22m[2mshould handle notification failure
[22m[39m[ERROR] [github] [gh-1778495002990] Failed to create notification issue { repo: [32m'test/repo'[39m, type: [32m'system_error'[39m, run_id: [32m'test-run'[39m } Error: Network error
    at [90m/app/[39mtests/unit/notify.test.ts:143:35
    at [90mfile:///app/[39mnode_modules/[4m@vitest/runner[24m/dist/chunk-artifact.js:302:11
    at [90mfile:///app/[39mnode_modules/[4m@vitest/runner[24m/dist/chunk-artifact.js:1903:26
    at [90mfile:///app/[39mnode_modules/[4m@vitest/runner[24m/dist/chunk-artifact.js:2326:20
    at new Promise (<anonymous>)
    at runWithCancel [90m(file:///app/[39mnode_modules/[4m@vitest/runner[24m/dist/chunk-artifact.js:2323:10[90m)[39m
    at [90mfile:///app/[39mnode_modules/[4m@vitest/runner[24m/dist/chunk-artifact.js:2305:20
    at new Promise (<anonymous>)
    at runWithTimeout [90m(file:///app/[39mnode_modules/[4m@vitest/runner[24m/dist/chunk-artifact.js:2272:10[90m)[39m
    at [90mfile:///app/[39mnode_modules/[4m@vitest/runner[24m/dist/chunk-artifact.js:2955:64

[90mstderr[2m | tests/unit/notify.test.ts[2m > [22m[2mNotification System[2m > [22m[2mnotify[2m > [22m[2mshould handle notification failure
[22m[39m[ERROR] [notify] [ntf-1778495002990] GitHub notification failed { event_type: [32m'system_error'[39m } Error: Network error
    at [90m/app/[39mtests/unit/notify.test.ts:143:35
    at [90mfile:///app/[39mnode_modules/[4m@vitest/runner[24m/dist/chunk-artifact.js:302:11
    at [90mfile:///app/[39mnode_modules/[4m@vitest/runner[24m/dist/chunk-artifact.js:1903:26
    at [90mfile:///app/[39mnode_modules/[4m@vitest/runner[24m/dist/chunk-artifact.js:2326:20
    at new Promise (<anonymous>)
    at runWithCancel [90m(file:///app/[39mnode_modules/[4m@vitest/runner[24m/dist/chunk-artifact.js:2323:10[90m)[39m
    at [90mfile:///app/[39mnode_modules/[4m@vitest/runner[24m/dist/chunk-artifact.js:2305:20
    at new Promise (<anonymous>)
    at runWithTimeout [90m(file:///app/[39mnode_modules/[4m@vitest/runner[24m/dist/chunk-artifact.js:2272:10[90m)[39m
    at [90mfile:///app/[39mnode_modules/[4m@vitest/runner[24m/dist/chunk-artifact.js:2955:64

[90mstdout[2m | tests/unit/notify.test.ts[2m > [22m[2mNotification System[2m > [22m[2mnotifyHighValueDeals[2m > [22m[2mshould send notification for high-value deals
[22m[39m[INFO] [notify] [ntf-1778495002996] Notification deduped: high_value_deal { event_type: [32m'high_value_deal'[39m }

[90mstderr[2m | tests/unit/notify.test.ts[2m > [22m[2mNotification System[2m > [22m[2mnotifyHighValueDeals[2m > [22m[2mshould handle notification failures gracefully
[22m[39m[ERROR] [github] [gh-1778495002998] Failed to create notification issue { repo: [32m'test/repo'[39m, type: [32m'high_value_deal'[39m, run_id: [32m'test-run'[39m } Error: Network error
    at [90m/app/[39mtests/unit/notify.test.ts:313:35
    at [90mfile:///app/[39mnode_modules/[4m@vitest/runner[24m/dist/chunk-artifact.js:302:11
    at [90mfile:///app/[39mnode_modules/[4m@vitest/runner[24m/dist/chunk-artifact.js:1903:26
    at [90mfile:///app/[39mnode_modules/[4m@vitest/runner[24m/dist/chunk-artifact.js:2326:20
    at new Promise (<anonymous>)
    at runWithCancel [90m(file:///app/[39mnode_modules/[4m@vitest/runner[24m/dist/chunk-artifact.js:2323:10[90m)[39m
    at [90mfile:///app/[39mnode_modules/[4m@vitest/runner[24m/dist/chunk-artifact.js:2305:20
    at new Promise (<anonymous>)
    at runWithTimeout [90m(file:///app/[39mnode_modules/[4m@vitest/runner[24m/dist/chunk-artifact.js:2272:10[90m)[39m
    at [90mfile:///app/[39mnode_modules/[4m@vitest/runner[24m/dist/chunk-artifact.js:2955:64

[90mstderr[2m | tests/unit/notify.test.ts[2m > [22m[2mNotification System[2m > [22m[2mnotifyHighValueDeals[2m > [22m[2mshould handle notification failures gracefully
[22m[39m[ERROR] [notify] [ntf-1778495002997] GitHub notification failed { event_type: [32m'high_value_deal'[39m } Error: Network error
    at [90m/app/[39mtests/unit/notify.test.ts:313:35
    at [90mfile:///app/[39mnode_modules/[4m@vitest/runner[24m/dist/chunk-artifact.js:302:11
    at [90mfile:///app/[39mnode_modules/[4m@vitest/runner[24m/dist/chunk-artifact.js:1903:26
    at [90mfile:///app/[39mnode_modules/[4m@vitest/runner[24m/dist/chunk-artifact.js:2326:20
    at new Promise (<anonymous>)
    at runWithCancel [90m(file:///app/[39mnode_modules/[4m@vitest/runner[24m/dist/chunk-artifact.js:2323:10[90m)[39m
    at [90mfile:///app/[39mnode_modules/[4m@vitest/runner[24m/dist/chunk-artifact.js:2305:20
    at new Promise (<anonymous>)
    at runWithTimeout [90m(file:///app/[39mnode_modules/[4m@vitest/runner[24m/dist/chunk-artifact.js:2272:10[90m)[39m
    at [90mfile:///app/[39mnode_modules/[4m@vitest/runner[24m/dist/chunk-artifact.js:2955:64

 [32m✓[39m tests/unit/notify.test.ts [2m([22m[2m10 tests[22m[2m)[22m[32m 49[2mms[22m[39m
[90mstdout[2m | tests/unit/webhook/subscriptions-mutations.test.ts[2m > [22m[2mWebhook Subscriptions - Mutations & Sync[2m > [22m[2mupdateSubscription()[2m > [22m[2mshould update subscription fields
[22m[39m{"level":"info","message":"Webhook subscription created: sub_mp12077z_4c652f84","timestamp":"2026-05-11T10:23:23.280Z","context":{"component":"webhook","partner_id":"partner_mp12077u_80bfe429","events":["referral.created"]}}

[90mstdout[2m | tests/unit/webhook/subscriptions-mutations.test.ts[2m > [22m[2mWebhook Subscriptions - Mutations & Sync[2m > [22m[2mupdateSubscription()[2m > [22m[2mshould update events list
[22m[39m{"level":"info","message":"Webhook subscription created: sub_mp120789_3bf6e426","timestamp":"2026-05-11T10:23:23.289Z","context":{"component":"webhook","partner_id":"partner_mp120788_e5c5c672","events":["referral.created"]}}

[90mstdout[2m | tests/unit/webhook/subscriptions-mutations.test.ts[2m > [22m[2mWebhook Subscriptions - Mutations & Sync[2m > [22m[2mdeleteSubscription()[2m > [22m[2mshould delete subscription and remove from partner list
[22m[39m{"level":"info","message":"Webhook subscription created: sub_mp12078c_2a5682e5","timestamp":"2026-05-11T10:23:23.292Z","context":{"component":"webhook","partner_id":"partner_mp12078c_64aa7972","events":["referral.created"]}}

[90mstdout[2m | tests/unit/webhook/subscriptions-mutations.test.ts[2m > [22m[2mWebhook Subscriptions - Mutations & Sync[2m > [22m[2mdeleteSubscription()[2m > [22m[2mshould not affect other subscriptions of same partner
[22m[39m{"level":"info","message":"Webhook subscription created: sub_mp12078f_95c60c22","timestamp":"2026-05-11T10:23:23.295Z","context":{"component":"webhook","partner_id":"partner_mp12078f_be0560ab","events":["referral.created"]}}

[90mstdout[2m | tests/unit/webhook/subscriptions-mutations.test.ts[2m > [22m[2mWebhook Subscriptions - Mutations & Sync[2m > [22m[2mdeleteSubscription()[2m > [22m[2mshould not affect other subscriptions of same partner
[22m[39m{"level":"info","message":"Webhook subscription created: sub_mp12078f_127cece8","timestamp":"2026-05-11T10:23:23.295Z","context":{"component":"webhook","partner_id":"partner_mp12078f_be0560ab","events":["referral.updated"]}}

 [32m✓[39m tests/unit/webhook/subscriptions-mutations.test.ts [2m([22m[2m19 tests[22m[2m)[22m[32m 39[2mms[22m[39m
[90mstderr[2m | tests/unit/rate-limit-kv/core.test.ts[2m > [22m[2mRate Limit KV Core[2m > [22m[2mcheckRateLimitKV[2m > [22m[2mshould fail open on KV error
[22m[39mRate limit KV check failed: Error: KV Error
    at [90m/app/[39mtests/unit/rate-limit-kv/core.test.ts:141:42
    at [90mfile:///app/[39mnode_modules/[4m@vitest/runner[24m/dist/chunk-artifact.js:302:11
    at [90mfile:///app/[39mnode_modules/[4m@vitest/runner[24m/dist/chunk-artifact.js:1903:26
    at [90mfile:///app/[39mnode_modules/[4m@vitest/runner[24m/dist/chunk-artifact.js:2326:20
    at new Promise (<anonymous>)
    at runWithCancel [90m(file:///app/[39mnode_modules/[4m@vitest/runner[24m/dist/chunk-artifact.js:2323:10[90m)[39m
    at [90mfile:///app/[39mnode_modules/[4m@vitest/runner[24m/dist/chunk-artifact.js:2305:20
    at new Promise (<anonymous>)
    at runWithTimeout [90m(file:///app/[39mnode_modules/[4m@vitest/runner[24m/dist/chunk-artifact.js:2272:10[90m)[39m
    at [90mfile:///app/[39mnode_modules/[4m@vitest/runner[24m/dist/chunk-artifact.js:2955:64

[90mstderr[2m | tests/unit/rate-limit-kv/core.test.ts[2m > [22m[2mRate Limit KV Core[2m > [22m[2mgetAllRateLimitStates[2m > [22m[2mshould handle KV errors gracefully
[22m[39mFailed to list rate limit states: Error: KV Error
    at [90m/app/[39mtests/unit/rate-limit-kv/core.test.ts:272:43
    at [90mfile:///app/[39mnode_modules/[4m@vitest/runner[24m/dist/chunk-artifact.js:302:11
    at [90mfile:///app/[39mnode_modules/[4m@vitest/runner[24m/dist/chunk-artifact.js:1903:26
    at [90mfile:///app/[39mnode_modules/[4m@vitest/runner[24m/dist/chunk-artifact.js:2326:20
    at new Promise (<anonymous>)
    at runWithCancel [90m(file:///app/[39mnode_modules/[4m@vitest/runner[24m/dist/chunk-artifact.js:2323:10[90m)[39m
    at [90mfile:///app/[39mnode_modules/[4m@vitest/runner[24m/dist/chunk-artifact.js:2305:20
    at new Promise (<anonymous>)
    at runWithTimeout [90m(file:///app/[39mnode_modules/[4m@vitest/runner[24m/dist/chunk-artifact.js:2272:10[90m)[39m
    at [90mfile:///app/[39mnode_modules/[4m@vitest/runner[24m/dist/chunk-artifact.js:2955:64

 [32m✓[39m tests/unit/rate-limit-kv/core.test.ts [2m([22m[2m29 tests[22m[2m)[22m[32m 43[2mms[22m[39m
 [32m✓[39m tests/unit/routes-utils-security.test.ts [2m([22m[2m7 tests[22m[2m)[22m[32m 48[2mms[22m[39m
[90mstderr[2m | tests/unit/github.test.ts[2m > [22m[2mGitHub Integration[2m > [22m[2mgetFileContent[2m > [22m[2mshould throw on API errors
[22m[39m[ERROR] [github] [gh-1778495004226] Failed to get file content { repo: [32m'owner/repo'[39m, path: [32m'file.txt'[39m, branch: [32m'main'[39m } Error: GitHub API error: 500 Internal Server Error
    at execute [90m(/app/[39mworker/lib/github/core.ts:93:13[90m)[39m
[90m    at processTicksAndRejections (node:internal/process/task_queues:103:5)[39m
    at getFileContent [90m(/app/[39mworker/lib/github/core.ts:103:51[90m)[39m

[90mstderr[2m | tests/unit/github.test.ts[2m > [22m[2mGitHub Integration[2m > [22m[2mcreateGitHubIssue[2m > [22m[2mshould throw on API error
[22m[39m[ERROR] [github] [gh-1778495004246] Failed to create notification issue { repo: [32m'owner/repo'[39m, type: [32m'error'[39m, run_id: [32m'run-000'[39m } Error: Failed to create issue: 403
    at execute [90m(/app/[39mworker/lib/github/core.ts:212:13[90m)[39m
[90m    at processTicksAndRejections (node:internal/process/task_queues:103:5)[39m
    at createGitHubIssue [90m(/app/[39mworker/lib/github/core.ts:217:45[90m)[39m

[90mstderr[2m | tests/unit/github.test.ts[2m > [22m[2mGitHub Integration[2m > [22m[2mgetRecentCommits[2m > [22m[2mshould handle errors gracefully
[22m[39m[ERROR] [github] [gh-1778495004250] Failed to get recent commits { repo: [32m'owner/repo'[39m, path: [32m'file.txt'[39m, count: [33m10[39m } Error: Failed to get commits: 500
    at execute [90m(/app/[39mworker/lib/github/core.ts:246:13[90m)[39m
[90m    at processTicksAndRejections (node:internal/process/task_queues:103:5)[39m
    at getRecentCommits [90m(/app/[39mworker/lib/github/core.ts:258:51[90m)[39m
    at [90m/app/[39mtests/unit/github.test.ts:358:23

 [32m✓[39m tests/unit/github.test.ts [2m([22m[2m20 tests[22m[2m)[22m[32m 40[2mms[22m[39m
[90mstdout[2m | tests/unit/webhook/subscriptions-partner.test.ts[2m > [22m[2mWebhook Subscriptions - Partner & Subscription[2m > [22m[2mSubscription Management[2m > [22m[2mcreateSubscription()[2m > [22m[2mshould create subscription with defaults
[22m[39m{"level":"info","message":"Webhook subscription created: sub_mp120873_5cd0baee","timestamp":"2026-05-11T10:23:24.543Z","context":{"component":"webhook","partner_id":"partner_mp120872_02db5751","events":["referral.created"]}}

[90mstdout[2m | tests/unit/webhook/subscriptions-partner.test.ts[2m > [22m[2mWebhook Subscriptions - Partner & Subscription[2m > [22m[2mSubscription Management[2m > [22m[2mcreateSubscription()[2m > [22m[2mshould merge custom retry policy with defaults
[22m[39m{"level":"info","message":"Webhook subscription created: sub_mp120875_b66e82ec","timestamp":"2026-05-11T10:23:24.546Z","context":{"component":"webhook","partner_id":"partner_mp120875_e15c5cff","events":["referral.created"]}}

[90mstdout[2m | tests/unit/webhook/subscriptions-partner.test.ts[2m > [22m[2mWebhook Subscriptions - Partner & Subscription[2m > [22m[2mSubscription Management[2m > [22m[2mcreateSubscription()[2m > [22m[2mshould store filters
[22m[39m{"level":"info","message":"Webhook subscription created: sub_mp120877_e17851e1","timestamp":"2026-05-11T10:23:24.547Z","context":{"component":"webhook","partner_id":"partner_mp120876_74dc2708","events":["referral.created"]}}

[90mstdout[2m | tests/unit/webhook/subscriptions-partner.test.ts[2m > [22m[2mWebhook Subscriptions - Partner & Subscription[2m > [22m[2mSubscription Management[2m > [22m[2mcreateSubscription()[2m > [22m[2mshould store metadata
[22m[39m{"level":"info","message":"Webhook subscription created: sub_mp120878_8a9b2007","timestamp":"2026-05-11T10:23:24.548Z","context":{"component":"webhook","partner_id":"partner_mp120878_6cf4dcce","events":["referral.created"]}}

[90mstdout[2m | tests/unit/webhook/subscriptions-partner.test.ts[2m > [22m[2mWebhook Subscriptions - Partner & Subscription[2m > [22m[2mSubscription Management[2m > [22m[2mgetSubscription()[2m > [22m[2mshould retrieve subscription by ID
[22m[39m{"level":"info","message":"Webhook subscription created: sub_mp12087a_9fe93baf","timestamp":"2026-05-11T10:23:24.550Z","context":{"component":"webhook","partner_id":"partner_mp12087a_4393d866","events":["referral.created"]}}

[90mstdout[2m | tests/unit/webhook/subscriptions-partner.test.ts[2m > [22m[2mWebhook Subscriptions - Partner & Subscription[2m > [22m[2mSubscription Management[2m > [22m[2mgetPartnerSubscriptions()[2m > [22m[2mshould return all subscriptions for a partner
[22m[39m{"level":"info","message":"Webhook subscription created: sub_mp12087c_56dab6aa","timestamp":"2026-05-11T10:23:24.555Z","context":{"component":"webhook","partner_id":"partner_mp12087c_78f610d9","events":["referral.created"]}}

[90mstdout[2m | tests/unit/webhook/subscriptions-partner.test.ts[2m > [22m[2mWebhook Subscriptions - Partner & Subscription[2m > [22m[2mSubscription Management[2m > [22m[2mgetPartnerSubscriptions()[2m > [22m[2mshould return all subscriptions for a partner
[22m[39m{"level":"info","message":"Webhook subscription created: sub_mp12087f_58f24fd7","timestamp":"2026-05-11T10:23:24.555Z","context":{"component":"webhook","partner_id":"partner_mp12087c_78f610d9","events":["referral.updated"]}}

 [32m✓[39m tests/unit/webhook/subscriptions-partner.test.ts [2m([22m[2m25 tests[22m[2m)[22m[32m 42[2mms[22m[39m
[90mstdout[2m | tests/unit/webhook/incoming-auth.test.ts[2m > [22m[2mWebhook Incoming - Auth & Validation[2m > [22m[2mPartner Validation[2m > [22m[2mshould return 401 when partner not found
[22m[39m{"level":"info","message":"Incoming webhook received: wh_test123","timestamp":"2026-05-11T10:23:24.872Z","context":{"component":"webhook","partner_id":"nonexistent","request_id":"mp1208g5_2c18bfd7"}}

[90mstdout[2m | tests/unit/webhook/incoming-auth.test.ts[2m > [22m[2mWebhook Incoming - Auth & Validation[2m > [22m[2mPartner Validation[2m > [22m[2mshould return 403 when partner is inactive
[22m[39m{"level":"info","message":"Incoming webhook received: wh_test123","timestamp":"2026-05-11T10:23:24.876Z","context":{"component":"webhook","partner_id":"partner_test","request_id":"mp1208gc_445d588c"}}

[90mstdout[2m | tests/unit/webhook/incoming-auth.test.ts[2m > [22m[2mWebhook Incoming - Auth & Validation[2m > [22m[2mRate Limiting[2m > [22m[2mshould allow request within rate limit
[22m[39m{"level":"info","message":"Incoming webhook received: wh_test123","timestamp":"2026-05-11T10:23:24.878Z","context":{"component":"webhook","partner_id":"partner_test","request_id":"mp1208ge_920be4c4"}}

[90mstderr[2m | tests/unit/webhook/incoming-auth.test.ts[2m > [22m[2mWebhook Incoming - Auth & Validation[2m > [22m[2mRate Limiting[2m > [22m[2mshould allow request within rate limit
[22m[39m{"level":"warn","message":"Invalid webhook signature from partner_test: test","timestamp":"2026-05-11T10:23:24.878Z","context":{"component":"webhook","partner_id":"partner_test"}}

[90mstdout[2m | tests/unit/webhook/incoming-auth.test.ts[2m > [22m[2mWebhook Incoming - Auth & Validation[2m > [22m[2mRate Limiting[2m > [22m[2mshould return 429 when rate limit exceeded
[22m[39m{"level":"info","message":"Incoming webhook received: wh_test123","timestamp":"2026-05-11T10:23:24.880Z","context":{"component":"webhook","partner_id":"partner_test","request_id":"mp1208gg_4636ec81"}}

[90mstdout[2m | tests/unit/webhook/incoming-auth.test.ts[2m > [22m[2mWebhook Incoming - Auth & Validation[2m > [22m[2mRate Limiting[2m > [22m[2mshould reset rate limit in new window
[22m[39m{"level":"info","message":"Incoming webhook received: wh_test123","timestamp":"2026-05-11T10:23:24.881Z","context":{"component":"webhook","partner_id":"partner_test","request_id":"mp1208gh_5648cfe9"}}

[90mstderr[2m | tests/unit/webhook/incoming-auth.test.ts[2m > [22m[2mWebhook Incoming - Auth & Validation[2m > [22m[2mRate Limiting[2m > [22m[2mshould reset rate limit in new window
[22m[39m{"level":"warn","message":"Invalid webhook signature from partner_test: test","timestamp":"2026-05-11T10:23:24.881Z","context":{"component":"webhook","partner_id":"partner_test"}}

[90mstdout[2m | tests/unit/webhook/incoming-auth.test.ts[2m > [22m[2mWebhook Incoming - Auth & Validation[2m > [22m[2mIdempotency[2m > [22m[2mshould return cached result for duplicate event
[22m[39m{"level":"info","message":"Incoming webhook received: wh_test123","timestamp":"2026-05-11T10:23:24.890Z","context":{"component":"webhook","partner_id":"partner_test","request_id":"mp1208gq_83d89afb"}}

[90mstdout[2m | tests/unit/webhook/incoming-auth.test.ts[2m > [22m[2mWebhook Incoming - Auth & Validation[2m > [22m[2mIdempotency[2m > [22m[2mshould process new event when idempotency key not found
[22m[39m{"level":"info","message":"Incoming webhook received: wh_test123","timestamp":"2026-05-11T10:23:24.897Z","context":{"component":"webhook","partner_id":"partner_test","request_id":"mp1208gx_cb5ee3d9"}}

[90mstderr[2m | tests/unit/webhook/incoming-auth.test.ts[2m > [22m[2mWebhook Incoming - Auth & Validation[2m > [22m[2mIdempotency[2m > [22m[2mshould process new event when idempotency key not found
[22m[39m{"level":"warn","message":"Invalid webhook signature from partner_test: test","timestamp":"2026-05-11T10:23:24.897Z","context":{"component":"webhook","partner_id":"partner_test"}}

[90mstdout[2m | tests/unit/webhook/incoming-auth.test.ts[2m > [22m[2mWebhook Incoming - Auth & Validation[2m > [22m[2mIdempotency[2m > [22m[2mshould throw on idempotency key conflict
[22m[39m{"level":"info","message":"Incoming webhook received: wh_test123","timestamp":"2026-05-11T10:23:24.899Z","context":{"component":"webhook","partner_id":"partner_test","request_id":"mp1208gz_406c26a9"}}

[90mstderr[2m | tests/unit/webhook/incoming-auth.test.ts[2m > [22m[2mWebhook Incoming - Auth & Validation[2m > [22m[2mIdempotency[2m > [22m[2mshould throw on idempotency key conflict
[22m[39m{"level":"error","message":"Idempotency key conflict: different payload","timestamp":"2026-05-11T10:23:24.900Z","context":{"component":"webhook","error_class":"SystemError","phase":"init","retryable":false,"handler":"handleIncomingWebhook","partner_id":"partner_test"}}

[90mstdout[2m | tests/unit/webhook/incoming-auth.test.ts[2m > [22m[2mWebhook Incoming - Auth & Validation[2m > [22m[2mIdempotency[2m > [22m[2mshould ignore expired idempotency record
[22m[39m{"level":"info","message":"Incoming webhook received: wh_test123","timestamp":"2026-05-11T10:23:24.901Z","context":{"component":"webhook","partner_id":"partner_test","request_id":"mp1208h1_95344b86"}}

[90mstderr[2m | tests/unit/webhook/incoming-auth.test.ts[2m > [22m[2mWebhook Incoming - Auth & Validation[2m > [22m[2mIdempotency[2m > [22m[2mshould ignore expired idempotency record
[22m[39m{"level":"warn","message":"Invalid webhook signature from partner_test: test","timestamp":"2026-05-11T10:23:24.901Z","context":{"component":"webhook","partner_id":"partner_test"}}

[90mstdout[2m | tests/unit/webhook/incoming-auth.test.ts[2m > [22m[2mWebhook Incoming - Auth & Validation[2m > [22m[2mSignature Verification[2m > [22m[2mshould return 401 for invalid signature
[22m[39m{"level":"info","message":"Incoming webhook received: wh_test123","timestamp":"2026-05-11T10:23:24.902Z","context":{"component":"webhook","partner_id":"partner_test","request_id":"mp1208h2_66d91dfc"}}

[90mstderr[2m | tests/unit/webhook/incoming-auth.test.ts[2m > [22m[2mWebhook Incoming - Auth & Validation[2m > [22m[2mSignature Verification[2m > [22m[2mshould return 401 for invalid signature
[22m[39m{"level":"warn","message":"Invalid webhook signature from partner_test: Invalid signature","timestamp":"2026-05-11T10:23:24.902Z","context":{"component":"webhook","partner_id":"partner_test"}}

[90mstdout[2m | tests/unit/webhook/incoming-auth.test.ts[2m > [22m[2mWebhook Incoming - Auth & Validation[2m > [22m[2mSignature Verification[2m > [22m[2mshould return 401 for expired timestamp
[22m[39m{"level":"info","message":"Incoming webhook received: wh_test123","timestamp":"2026-05-11T10:23:24.903Z","context":{"component":"webhook","partner_id":"partner_test","request_id":"mp1208h3_95096054"}}

[90mstderr[2m | tests/unit/webhook/incoming-auth.test.ts[2m > [22m[2mWebhook Incoming - Auth & Validation[2m > [22m[2mSignature Verification[2m > [22m[2mshould return 401 for expired timestamp
[22m[39m{"level":"warn","message":"Invalid webhook signature from partner_test: Webhook timestamp too old","timestamp":"2026-05-11T10:23:24.903Z","context":{"component":"webhook","partner_id":"partner_test"}}

[90mstdout[2m | tests/unit/webhook/incoming-auth.test.ts[2m > [22m[2mWebhook Incoming - Auth & Validation[2m > [22m[2mPayload Validation[2m > [22m[2mshould return 400 for invalid JSON
[22m[39m{"level":"info","message":"Incoming webhook received: wh_test123","timestamp":"2026-05-11T10:23:24.904Z","context":{"component":"webhook","partner_id":"partner_test","request_id":"mp1208h4_616587c7"}}

[90mstdout[2m | tests/unit/webhook/incoming-auth.test.ts[2m > [22m[2mWebhook Incoming - Auth & Validation[2m > [22m[2mPayload Validation[2m > [22m[2mshould return 400 for disallowed event type
[22m[39m{"level":"info","message":"Incoming webhook received: wh_test123","timestamp":"2026-05-11T10:23:24.905Z","context":{"component":"webhook","partner_id":"partner_test","request_id":"mp1208h5_4bac4d51"}}

 [32m✓[39m tests/unit/webhook/incoming-auth.test.ts [2m([22m[2m13 tests[22m[2m)[22m[32m 42[2mms[22m[39m
 [32m✓[39m tests/unit/security-auth.test.ts [2m([22m[2m3 tests[22m[2m)[22m[32m 40[2mms[22m[39m
 [32m✓[39m tests/unit/validation.test.ts [2m([22m[2m45 tests[22m[2m)[22m[32m 41[2mms[22m[39m
 [32m✓[39m tests/unit/analytics/dashboard.test.ts [2m([22m[2m25 tests[22m[2m)[22m[32m 57[2mms[22m[39m
 [32m✓[39m tests/unit/validate.test.ts [2m([22m[2m5 tests[22m[2m)[22m[32m 29[2mms[22m[39m
 [32m✓[39m tests/unit/validation_gates_metrics.test.ts [2m([22m[2m3 tests[22m[2m)[22m[32m 29[2mms[22m[39m
 [32m✓[39m tests/unit/email/patterns-generic-services.test.ts [2m([22m[2m48 tests[22m[2m)[22m[32m 32[2mms[22m[39m
 [32m✓[39m tests/unit/feature-flags/rollouts.test.ts [2m([22m[2m23 tests[22m[2m)[22m[32m 30[2mms[22m[39m
 [32m✓[39m tests/unit/mcp-utils.test.ts [2m([22m[2m22 tests[22m[2m)[22m[32m 29[2mms[22m[39m
 [32m✓[39m tests/unit/nlq/service.test.ts [2m([22m[2m34 tests[22m[2m)[22m[32m 27[2mms[22m[39m
 [32m✓[39m tests/unit/email/extraction-fields-types.test.ts [2m([22m[2m42 tests[22m[2m)[22m[32m 26[2mms[22m[39m
 [32m✓[39m tests/unit/nlq/utils.test.ts [2m([22m[2m29 tests[22m[2m)[22m[32m 37[2mms[22m[39m
 [32m✓[39m tests/unit/categorization/definitions.test.ts [2m([22m[2m32 tests[22m[2m)[22m[32m 24[2mms[22m[39m
 [32m✓[39m tests/unit/email/security-spam-utils.test.ts [2m([22m[2m36 tests[22m[2m)[22m[32m 25[2mms[22m[39m
 [32m✓[39m tests/integration/validation-fast-path.test.ts [2m([22m[2m4 tests[22m[2m)[22m[32m 19[2mms[22m[39m
[90mstdout[2m | tests/unit/webhook/incoming-events.test.ts[2m > [22m[2mWebhook Incoming - Event Processing[2m > [22m[2mEvent Processing[2m > [22m[2mshould handle ping event
[22m[39m{"level":"info","message":"Incoming webhook received: wh_test123","timestamp":"2026-05-11T10:23:29.562Z","context":{"component":"webhook","partner_id":"partner_test","request_id":"mp120c2f_34eaa6dd"}}

[90mstdout[2m | tests/unit/webhook/incoming-events.test.ts[2m > [22m[2mWebhook Incoming - Event Processing[2m > [22m[2mEvent Processing[2m > [22m[2mshould return 400 for missing required fields in referral.created
[22m[39m{"level":"info","message":"Incoming webhook received: wh_test123","timestamp":"2026-05-11T10:23:29.567Z","context":{"component":"webhook","partner_id":"partner_test","request_id":"mp120c2m_f4bccab3"}}

[90mstdout[2m | tests/unit/webhook/incoming-events.test.ts[2m > [22m[2mWebhook Incoming - Event Processing[2m > [22m[2mEvent Processing[2m > [22m[2mshould return 400 for invalid URL
[22m[39m{"level":"info","message":"Incoming webhook received: wh_test123","timestamp":"2026-05-11T10:23:29.568Z","context":{"component":"webhook","partner_id":"partner_test","request_id":"mp120c2o_1fbf056f"}}

[90mstdout[2m | tests/unit/webhook/incoming-events.test.ts[2m > [22m[2mWebhook Incoming - Event Processing[2m > [22m[2mEvent Processing[2m > [22m[2mshould return 400 for missing code in deactivation
[22m[39m{"level":"info","message":"Incoming webhook received: wh_test123","timestamp":"2026-05-11T10:23:29.569Z","context":{"component":"webhook","partner_id":"partner_test","request_id":"mp120c2p_48c479fd"}}

[90mstdout[2m | tests/unit/webhook/incoming-events.test.ts[2m > [22m[2mWebhook Incoming - Event Processing[2m > [22m[2mEvent Processing[2m > [22m[2mshould return 400 for missing code in expiration
[22m[39m{"level":"info","message":"Incoming webhook received: wh_test123","timestamp":"2026-05-11T10:23:29.570Z","context":{"component":"webhook","partner_id":"partner_test","request_id":"mp120c2q_f1756450"}}

[90mstdout[2m | tests/unit/webhook/incoming-events.test.ts[2m > [22m[2mWebhook Incoming - Event Processing[2m > [22m[2mEvent Processing[2m > [22m[2mshould return 400 for unknown event type
[22m[39m{"level":"info","message":"Incoming webhook received: wh_test123","timestamp":"2026-05-11T10:23:29.571Z","context":{"component":"webhook","partner_id":"partner_test","request_id":"mp120c2r_e6ab2aa2"}}

[90mstdout[2m | tests/unit/webhook/incoming-events.test.ts[2m > [22m[2mWebhook Incoming - Event Processing[2m > [22m[2mError Handling[2m > [22m[2mshould return 500 on unexpected errors
[22m[39m{"level":"info","message":"Incoming webhook received: wh_test123","timestamp":"2026-05-11T10:23:29.572Z","context":{"component":"webhook","partner_id":"partner_test","request_id":"mp120c2s_9b555ce6"}}

[90mstderr[2m | tests/unit/webhook/incoming-events.test.ts[2m > [22m[2mWebhook Incoming - Event Processing[2m > [22m[2mError Handling[2m > [22m[2mshould return 500 on unexpected errors
[22m[39m{"level":"error","message":"Crypto unavailable","timestamp":"2026-05-11T10:23:29.573Z","context":{"component":"webhook","error_class":"SystemError","phase":"init","retryable":false,"handler":"handleIncomingWebhook","partner_id":"partner_test"}}

[90mstdout[2m | tests/unit/webhook/incoming-events.test.ts[2m > [22m[2mWebhook Incoming - Event Processing[2m > [22m[2mNo KV Available[2m > [22m[2mshould allow rate limit check to pass when KV unavailable
[22m[39m{"level":"info","message":"Incoming webhook received: wh_test123","timestamp":"2026-05-11T10:23:29.574Z","context":{"component":"webhook","partner_id":"partner_test","request_id":"mp120c2u_47d9d3be"}}

[90mstdout[2m | tests/unit/webhook/incoming-events.test.ts[2m > [22m[2mWebhook Incoming - Event Processing[2m > [22m[2mNo KV Available[2m > [22m[2mshould allow idempotency check to pass when KV unavailable
[22m[39m{"level":"info","message":"Incoming webhook received: wh_test123","timestamp":"2026-05-11T10:23:29.576Z","context":{"component":"webhook","partner_id":"partner_test","request_id":"mp120c2w_ee80dfae"}}

 [32m✓[39m tests/unit/webhook/incoming-events.test.ts [2m([22m[2m9 tests[22m[2m)[22m[32m 23[2mms[22m[39m
 [32m✓[39m tests/unit/email/security-validation.test.ts [2m([22m[2m24 tests[22m[2m)[22m[32m 20[2mms[22m[39m
 [32m✓[39m tests/unit/guard-rails.test.ts [2m([22m[2m7 tests[22m[2m)[22m[32m 24[2mms[22m[39m
 [32m✓[39m tests/unit/email/extraction-urls-service.test.ts [2m([22m[2m28 tests[22m[2m)[22m[32m 18[2mms[22m[39m
 [32m✓[39m tests/unit/email/patterns-commands.test.ts [2m([22m[2m28 tests[22m[2m)[22m[32m 17[2mms[22m[39m
 [32m✓[39m tests/unit/email/templates-commands.test.ts [2m([22m[2m24 tests[22m[2m)[22m[32m 15[2mms[22m[39m
 [32m✓[39m tests/unit/crypto.test.ts [2m([22m[2m9 tests[22m[2m)[22m[32m 18[2mms[22m[39m
 [32m✓[39m tests/unit/webhook/types.test.ts [2m([22m[2m18 tests[22m[2m)[22m[32m 18[2mms[22m[39m
 [32m✓[39m tests/unit/categorization/batch-stats.test.ts [2m([22m[2m11 tests[22m[2m)[22m[32m 15[2mms[22m[39m
 [32m✓[39m tests/unit/analytics/calculators-value-expiry-quality.test.ts [2m([22m[2m17 tests[22m[2m)[22m[32m 16[2mms[22m[39m
 [32m✓[39m tests/unit/webhook-delivery-parallel.test.ts [2m([22m[2m4 tests[22m[2m)[22m[32m 14[2mms[22m[39m
 [32m✓[39m tests/unit/categorization/auto-categorize.test.ts [2m([22m[2m15 tests[22m[2m)[22m[32m 15[2mms[22m[39m
 [32m✓[39m tests/unit/email/templates-responses.test.ts [2m([22m[2m21 tests[22m[2m)[22m[32m 13[2mms[22m[39m
 [32m✓[39m tests/unit/analytics/calculators-categories-sources.test.ts [2m([22m[2m12 tests[22m[2m)[22m[32m 14[2mms[22m[39m
 [32m✓[39m tests/unit/categorization/tag-scores.test.ts [2m([22m[2m17 tests[22m[2m)[22m[32m 12[2mms[22m[39m
 [32m✓[39m tests/unit/normalize.test.ts [2m([22m[2m6 tests[22m[2m)[22m[32m 12[2mms[22m[39m
 [32m✓[39m tests/unit/analytics/calculators-deals-over-time.test.ts [2m([22m[2m9 tests[22m[2m)[22m[32m 11[2mms[22m[39m
 [32m✓[39m tests/unit/metrics_latency.test.ts [2m([22m[2m3 tests[22m[2m)[22m[32m 10[2mms[22m[39m
 [32m✓[39m tests/unit/config-validation-enhanced.test.ts [2m([22m[2m11 tests[22m[2m)[22m[32m 12[2mms[22m[39m
 [32m✓[39m tests/unit/categorization/category-scores.test.ts [2m([22m[2m12 tests[22m[2m)[22m[32m 11[2mms[22m[39m
 [32m✓[39m tests/unit/validation-cache.test.ts [2m([22m[2m3 tests[22m[2m)[22m[32m 11[2mms[22m[39m
 [32m✓[39m tests/unit/config-threshold.test.ts [2m([22m[2m10 tests[22m[2m)[22m[32m 10[2mms[22m[39m
 [32m✓[39m tests/unit/ranking.test.ts [2m([22m[2m5 tests[22m[2m)[22m[32m 10[2mms[22m[39m
 [32m✓[39m tests/unit/dedupe.test.ts [2m([22m[2m4 tests[22m[2m)[22m[32m 10[2mms[22m[39m
 [32m✓[39m tests/unit/score.test.ts [2m([22m[2m2 tests[22m[2m)[22m[32m 8[2mms[22m[39m
 [32m✓[39m tests/unit/nlq/threshold-config.test.ts [2m([22m[2m3 tests[22m[2m)[22m[32m 7[2mms[22m[39m

[31m⎯⎯⎯⎯⎯⎯[39m[1m[41m Failed Tests 29 [49m[22m[31m⎯⎯⎯⎯⎯⎯⎯[39m

[41m[1m FAIL [22m[49m tests/integration/api.test.ts[2m > [22mAPI Endpoints[2m > [22mPOST /api/discover[2m > [22mshould handle pipeline errors gracefully
[41m[1m FAIL [22m[49m tests/integration/api.test.ts[2m > [22mAPI Endpoints[2m > [22mPOST /api/discover[2m > [22mshould handle pipeline errors gracefully
[31m[1mAssertionError[22m: expected { error: 'Missing API key' } to have property "success"[39m
[36m [2m❯[22m tests/integration/api.test.ts:[2m479:20[22m[39m
    [90m477|[39m       [34mexpect[39m(response[33m.[39mstatus)[33m.[39m[34mtoBeGreaterThanOrEqual[39m([34m200[39m)[33m;[39m
    [90m478|[39m       [35mconst[39m body [33m=[39m [35mawait[39m response[33m.[39m[34mjson[39m()[33m;[39m
    [90m479|[39m       [34mexpect[39m(body)[33m.[39m[34mtoHaveProperty[39m([32m"success"[39m)[33m;[39m
    [90m   |[39m                    [31m^[39m
    [90m480|[39m     })[33m;[39m
    [90m481|[39m   })[33m;[39m

[31m[2m⎯⎯⎯⎯⎯⎯⎯⎯⎯⎯⎯⎯⎯⎯⎯⎯⎯⎯⎯⎯⎯⎯⎯[1/58]⎯[22m[39m

[41m[1m FAIL [22m[49m tests/integration/api.test.ts[2m > [22mAPI Endpoints[2m > [22mPOST /api/submit[2m > [22mshould submit a new deal
[41m[1m FAIL [22m[49m tests/integration/api.test.ts[2m > [22mAPI Endpoints[2m > [22mPOST /api/submit[2m > [22mshould submit a new deal
[31m[1mAssertionError[22m: expected 401 to be 201 // Object.is equality[39m

[32m- Expected[39m
[31m+ Received[39m

[32m- 201[39m
[31m+ 401[39m

[36m [2m❯[22m tests/integration/api.test.ts:[2m589:31[22m[39m
    [90m587|[39m       [35mconst[39m response [33m=[39m [35mawait[39m worker[33m.[39m[34mfetch[39m(request[33m,[39m mockEnv)[33m;[39m
    [90m588|[39m
    [90m589|[39m       [34mexpect[39m(response[33m.[39mstatus)[33m.[39m[34mtoBe[39m([34m201[39m)[33m;[39m
    [90m   |[39m                               [31m^[39m
    [90m590|[39m       [35mconst[39m body [33m=[39m [35mawait[39m response[33m.[39m[34mjson[39m()[33m;[39m
    [90m591|[39m       [34mexpect[39m(body[33m.[39msuccess)[33m.[39m[34mtoBe[39m([35mtrue[39m)[33m;[39m

[31m[2m⎯⎯⎯⎯⎯⎯⎯⎯⎯⎯⎯⎯⎯⎯⎯⎯⎯⎯⎯⎯⎯⎯⎯[2/58]⎯[22m[39m

[41m[1m FAIL [22m[49m tests/integration/api.test.ts[2m > [22mAPI Endpoints[2m > [22mPOST /api/submit[2m > [22mshould return 415 for non-JSON content type
[41m[1m FAIL [22m[49m tests/integration/api.test.ts[2m > [22mAPI Endpoints[2m > [22mPOST /api/submit[2m > [22mshould return 415 for non-JSON content type
[31m[1mAssertionError[22m: expected 401 to be 415 // Object.is equality[39m

[32m- Expected[39m
[31m+ Received[39m

[32m- 415[39m
[31m+ 401[39m

[36m [2m❯[22m tests/integration/api.test.ts:[2m606:31[22m[39m
    [90m604|[39m       [35mconst[39m response [33m=[39m [35mawait[39m worker[33m.[39m[34mfetch[39m(request[33m,[39m mockEnv)[33m;[39m
    [90m605|[39m
    [90m606|[39m       [34mexpect[39m(response[33m.[39mstatus)[33m.[39m[34mtoBe[39m([34m415[39m)[33m;[39m
    [90m   |[39m                               [31m^[39m
    [90m607|[39m       [34mexpect[39m([35mawait[39m response[33m.[39m[34mjson[39m())[33m.[39m[34mtoHaveProperty[39m([32m"error"[39m)[33m;[39m
    [90m608|[39m     })[33m;[39m

[31m[2m⎯⎯⎯⎯⎯⎯⎯⎯⎯⎯⎯⎯⎯⎯⎯⎯⎯⎯⎯⎯⎯⎯⎯[3/58]⎯[22m[39m

[41m[1m FAIL [22m[49m tests/integration/api.test.ts[2m > [22mAPI Endpoints[2m > [22mPOST /api/submit[2m > [22mshould return 400 for invalid body
[41m[1m FAIL [22m[49m tests/integration/api.test.ts[2m > [22mAPI Endpoints[2m > [22mPOST /api/submit[2m > [22mshould return 400 for invalid body
[31m[1mAssertionError[22m: expected 401 to be 400 // Object.is equality[39m

[32m- Expected[39m
[31m+ Received[39m

[32m- 400[39m
[31m+ 401[39m

[36m [2m❯[22m tests/integration/api.test.ts:[2m619:31[22m[39m
    [90m617|[39m       [35mconst[39m response [33m=[39m [35mawait[39m worker[33m.[39m[34mfetch[39m(request[33m,[39m mockEnv)[33m;[39m
    [90m618|[39m
    [90m619|[39m       [34mexpect[39m(response[33m.[39mstatus)[33m.[39m[34mtoBe[39m([34m400[39m)[33m;[39m
    [90m   |[39m                               [31m^[39m
    [90m620|[39m       [34mexpect[39m([35mawait[39m response[33m.[39m[34mjson[39m())[33m.[39m[34mtoHaveProperty[39m([32m"error"[39m)[33m;[39m
    [90m621|[39m     })[33m;[39m

[31m[2m⎯⎯⎯⎯⎯⎯⎯⎯⎯⎯⎯⎯⎯⎯⎯⎯⎯⎯⎯⎯⎯⎯⎯[4/58]⎯[22m[39m

[41m[1m FAIL [22m[49m tests/integration/api.test.ts[2m > [22mAPI Endpoints[2m > [22mPOST /api/submit[2m > [22mshould return 409 for duplicate deal code
[41m[1m FAIL [22m[49m tests/integration/api.test.ts[2m > [22mAPI Endpoints[2m > [22mPOST /api/submit[2m > [22mshould return 409 for duplicate deal code
[31m[1mAssertionError[22m: expected 401 to be 409 // Object.is equality[39m

[32m- Expected[39m
[31m+ Received[39m

[32m- 409[39m
[31m+ 401[39m

[36m [2m❯[22m tests/integration/api.test.ts:[2m641:31[22m[39m
    [90m639|[39m       [35mconst[39m response [33m=[39m [35mawait[39m worker[33m.[39m[34mfetch[39m(request[33m,[39m mockEnv)[33m;[39m
    [90m640|[39m
    [90m641|[39m       [34mexpect[39m(response[33m.[39mstatus)[33m.[39m[34mtoBe[39m([34m409[39m)[33m;[39m
    [90m   |[39m                               [31m^[39m
    [90m642|[39m       [35mconst[39m body [33m=[39m [35mawait[39m response[33m.[39m[34mjson[39m()[33m;[39m
    [90m643|[39m       [34mexpect[39m(body[33m.[39merror)[33m.[39m[34mtoContain[39m([32m"already exists"[39m)[33m;[39m

[31m[2m⎯⎯⎯⎯⎯⎯⎯⎯⎯⎯⎯⎯⎯⎯⎯⎯⎯⎯⎯⎯⎯⎯⎯[5/58]⎯[22m[39m

[41m[1m FAIL [22m[49m tests/integration/api.test.ts[2m > [22mAPI Endpoints[2m > [22mPOST /api/submit[2m > [22mshould return 413 for body too large
[41m[1m FAIL [22m[49m tests/integration/api.test.ts[2m > [22mAPI Endpoints[2m > [22mPOST /api/submit[2m > [22mshould return 413 for body too large
[31m[1mAssertionError[22m: expected 401 to be 413 // Object.is equality[39m

[32m- Expected[39m
[31m+ Received[39m

[32m- 413[39m
[31m+ 401[39m

[36m [2m❯[22m tests/integration/api.test.ts:[2m658:31[22m[39m
    [90m656|[39m       [35mconst[39m response [33m=[39m [35mawait[39m worker[33m.[39m[34mfetch[39m(request[33m,[39m mockEnv)[33m;[39m
    [90m657|[39m
    [90m658|[39m       [34mexpect[39m(response[33m.[39mstatus)[33m.[39m[34mtoBe[39m([34m413[39m)[33m;[39m
    [90m   |[39m                               [31m^[39m
    [90m659|[39m     })[33m;[39m
    [90m660|[39m   })[33m;[39m

[31m[2m⎯⎯⎯⎯⎯⎯⎯⎯⎯⎯⎯⎯⎯⎯⎯⎯⎯⎯⎯⎯⎯⎯⎯[6/58]⎯[22m[39m

[41m[1m FAIL [22m[49m tests/smoke/endpoints.test.ts[2m > [22mSmoke Tests - HTTP Endpoints[2m > [22mGET /health[2m > [22mreturns 200 or 503 with status property
[41m[1m FAIL [22m[49m tests/smoke/endpoints.test.ts[2m > [22mSmoke Tests - HTTP Endpoints[2m > [22mGET /health[2m > [22mreturns 200 or 503 with status property
[31m[1mTypeError[22m: fetch failed[39m
[36m [2m❯[22m tests/smoke/endpoints.test.ts:[2m13:19[22m[39m
    [90m 11|[39m   [34mdescribe[39m([32m"GET /health"[39m[33m,[39m () [33m=>[39m {
    [90m 12|[39m     [34mit[39m([32m"returns 200 or 503 with status property"[39m[33m,[39m [35masync[39m () [33m=>[39m {
    [90m 13|[39m       [35mconst[39m res [33m=[39m [35mawait[39m [34mfetch[39m([32m`[39m[36m${[39m[33mBASE_URL[39m[36m}[39m[32m/health`[39m)[33m;[39m
    [90m   |[39m                   [31m^[39m
    [90m 14|[39m       [90m// 200 if healthy, 503 if degraded (e.g. no snapshot in KV)[39m
    [90m 15|[39m       [34mexpect[39m([[34m200[39m[33m,[39m [34m503[39m])[33m.[39m[34mtoContain[39m(res[33m.[39mstatus)[33m;[39m

{
  stack: 'AggregateError: \n' +
    '    at internalConnectMultiple (node:net:1134:18)\n' +
    '    at afterConnectMultiple (node:net:1715:7)',
  errors: [
    {
      stack: 'Error: connect ECONNREFUSED ::1:8787\n' +
        '    at createConnectionError (node:net:1678:14)\n' +
        '    at afterConnectMultiple (node:net:1708:16)',
      message: 'connect ECONNREFUSED ::1:8787',
      errno: -111,
      code: 'ECONNREFUSED',
      syscall: 'connect',
      address: '::1',
      port: 8787,
      constructor: 'Function<Error>',
      name: 'Error',
      toString: 'Function<toString>'
    },
    {
      stack: 'Error: connect ECONNREFUSED 127.0.0.1:8787\n' +
        '    at createConnectionError (node:net:1678:14)\n' +
        '    at afterConnectMultiple (node:net:1708:16)',
      message: 'connect ECONNREFUSED 127.0.0.1:8787',
      errno: -111,
      code: 'ECONNREFUSED',
      syscall: 'connect',
      address: '127.0.0.1',
      port: 8787,
      constructor: 'Function<Error>',
      name: 'Error',
      toString: 'Function<toString>'
    }
  ],
  code: 'ECONNREFUSED',
  constructor: 'Function<AggregateError>',
  name: 'Caused by: AggregateError',
  message: '',
  toString: 'Function<toString>',
  stacks: []
}
[31m[2m⎯⎯⎯⎯⎯⎯⎯⎯⎯⎯⎯⎯⎯⎯⎯⎯⎯⎯⎯⎯⎯⎯⎯⎯⎯⎯⎯⎯⎯⎯[22m[39m
[31m[1mSerialized Error:[22m[39m [90m{ errors: [ { stack: 'Error: connect ECONNREFUSED ::1:8787\n    at createConnectionError (node:net:1678:14)\n    at afterConnectMultiple (node:net:1708:16)', message: 'connect ECONNREFUSED ::1:8787', errno: -111, code: 'ECONNREFUSED', syscall: 'connect', address: '::1', port: 8787, constructor: 'Function<Error>', name: 'Error', toString: 'Function<toString>' }, { stack: 'Error: connect ECONNREFUSED 127.0.0.1:8787\n    at createConnectionError (node:net:1678:14)\n    at afterConnectMultiple (node:net:1708:16)', message: 'connect ECONNREFUSED 127.0.0.1:8787', errno: -111, code: 'ECONNREFUSED', syscall: 'connect', address: '127.0.0.1', port: 8787, constructor: 'Function<Error>', name: 'Error', toString: 'Function<toString>' } ], code: 'ECONNREFUSED' }[39m
[31m[2m⎯⎯⎯⎯⎯⎯⎯⎯⎯⎯⎯⎯⎯⎯⎯⎯⎯⎯⎯⎯⎯⎯⎯[7/58]⎯[22m[39m

[41m[1m FAIL [22m[49m tests/smoke/endpoints.test.ts[2m > [22mSmoke Tests - HTTP Endpoints[2m > [22mGET /metrics[2m > [22mreturns 200 with required metric keys (JSON format)
[41m[1m FAIL [22m[49m tests/smoke/endpoints.test.ts[2m > [22mSmoke Tests - HTTP Endpoints[2m > [22mGET /metrics[2m > [22mreturns 200 with required metric keys (JSON format)
[31m[1mTypeError[22m: fetch failed[39m
[36m [2m❯[22m tests/smoke/endpoints.test.ts:[2m24:19[22m[39m
    [90m 22|[39m   [34mdescribe[39m([32m"GET /metrics"[39m[33m,[39m () [33m=>[39m {
    [90m 23|[39m     it("returns 200 with required metric keys (JSON format)", async ()…
    [90m 24|[39m       [35mconst[39m res [33m=[39m [35mawait[39m [34mfetch[39m([32m`[39m[36m${[39m[33mBASE_URL[39m[36m}[39m[32m/metrics?format=json`[39m)[33m;[39m
    [90m   |[39m                   [31m^[39m
    [90m 25|[39m       [34mexpect[39m(res[33m.[39mstatus)[33m.[39m[34mtoBe[39m([34m200[39m)[33m;[39m
    [90m 26|[39m       [35mconst[39m body [33m=[39m ([35mawait[39m res[33m.[39m[34mjson[39m()) [35mas[39m any[33m;[39m

{
  stack: 'AggregateError: \n' +
    '    at internalConnectMultiple (node:net:1134:18)\n' +
    '    at afterConnectMultiple (node:net:1715:7)',
  errors: [
    {
      stack: 'Error: connect ECONNREFUSED ::1:8787\n' +
        '    at createConnectionError (node:net:1678:14)\n' +
        '    at afterConnectMultiple (node:net:1708:16)',
      message: 'connect ECONNREFUSED ::1:8787',
      errno: -111,
      code: 'ECONNREFUSED',
      syscall: 'connect',
      address: '::1',
      port: 8787,
      constructor: 'Function<Error>',
      name: 'Error',
      toString: 'Function<toString>'
    },
    {
      stack: 'Error: connect ECONNREFUSED 127.0.0.1:8787\n' +
        '    at createConnectionError (node:net:1678:14)\n' +
        '    at afterConnectMultiple (node:net:1708:16)',
      message: 'connect ECONNREFUSED 127.0.0.1:8787',
      errno: -111,
      code: 'ECONNREFUSED',
      syscall: 'connect',
      address: '127.0.0.1',
      port: 8787,
      constructor: 'Function<Error>',
      name: 'Error',
      toString: 'Function<toString>'
    }
  ],
  code: 'ECONNREFUSED',
  constructor: 'Function<AggregateError>',
  name: 'Caused by: AggregateError',
  message: '',
  toString: 'Function<toString>',
  stacks: []
}
[31m[2m⎯⎯⎯⎯⎯⎯⎯⎯⎯⎯⎯⎯⎯⎯⎯⎯⎯⎯⎯⎯⎯⎯⎯⎯⎯⎯⎯⎯⎯⎯[22m[39m
[31m[1mSerialized Error:[22m[39m [90m{ errors: [ { stack: 'Error: connect ECONNREFUSED ::1:8787\n    at createConnectionError (node:net:1678:14)\n    at afterConnectMultiple (node:net:1708:16)', message: 'connect ECONNREFUSED ::1:8787', errno: -111, code: 'ECONNREFUSED', syscall: 'connect', address: '::1', port: 8787, constructor: 'Function<Error>', name: 'Error', toString: 'Function<toString>' }, { stack: 'Error: connect ECONNREFUSED 127.0.0.1:8787\n    at createConnectionError (node:net:1678:14)\n    at afterConnectMultiple (node:net:1708:16)', message: 'connect ECONNREFUSED 127.0.0.1:8787', errno: -111, code: 'ECONNREFUSED', syscall: 'connect', address: '127.0.0.1', port: 8787, constructor: 'Function<Error>', name: 'Error', toString: 'Function<toString>' } ], code: 'ECONNREFUSED' }[39m
[31m[2m⎯⎯⎯⎯⎯⎯⎯⎯⎯⎯⎯⎯⎯⎯⎯⎯⎯⎯⎯⎯⎯⎯⎯[8/58]⎯[22m[39m

[41m[1m FAIL [22m[49m tests/smoke/endpoints.test.ts[2m > [22mSmoke Tests - HTTP Endpoints[2m > [22mGET /metrics[2m > [22mreturns 200 with Prometheus text format
[41m[1m FAIL [22m[49m tests/smoke/endpoints.test.ts[2m > [22mSmoke Tests - HTTP Endpoints[2m > [22mGET /metrics[2m > [22mreturns 200 with Prometheus text format
[31m[1mTypeError[22m: fetch failed[39m
[36m [2m❯[22m tests/smoke/endpoints.test.ts:[2m33:19[22m[39m
    [90m 31|[39m
    [90m 32|[39m     [34mit[39m([32m"returns 200 with Prometheus text format"[39m[33m,[39m [35masync[39m () [33m=>[39m {
    [90m 33|[39m       [35mconst[39m res [33m=[39m [35mawait[39m [34mfetch[39m([32m`[39m[36m${[39m[33mBASE_URL[39m[36m}[39m[32m/metrics`[39m)[33m;[39m
    [90m   |[39m                   [31m^[39m
    [90m 34|[39m       [34mexpect[39m(res[33m.[39mstatus)[33m.[39m[34mtoBe[39m([34m200[39m)[33m;[39m
    [90m 35|[39m       [35mconst[39m text [33m=[39m [35mawait[39m res[33m.[39m[34mtext[39m()[33m;[39m

{
  stack: 'AggregateError: \n' +
    '    at internalConnectMultiple (node:net:1134:18)\n' +
    '    at afterConnectMultiple (node:net:1715:7)',
  errors: [
    {
      stack: 'Error: connect ECONNREFUSED ::1:8787\n' +
        '    at createConnectionError (node:net:1678:14)\n' +
        '    at afterConnectMultiple (node:net:1708:16)',
      message: 'connect ECONNREFUSED ::1:8787',
      errno: -111,
      code: 'ECONNREFUSED',
      syscall: 'connect',
      address: '::1',
      port: 8787,
      constructor: 'Function<Error>',
      name: 'Error',
      toString: 'Function<toString>'
    },
    {
      stack: 'Error: connect ECONNREFUSED 127.0.0.1:8787\n' +
        '    at createConnectionError (node:net:1678:14)\n' +
        '    at afterConnectMultiple (node:net:1708:16)',
      message: 'connect ECONNREFUSED 127.0.0.1:8787',
      errno: -111,
      code: 'ECONNREFUSED',
      syscall: 'connect',
      address: '127.0.0.1',
      port: 8787,
      constructor: 'Function<Error>',
      name: 'Error',
      toString: 'Function<toString>'
    }
  ],
  code: 'ECONNREFUSED',
  constructor: 'Function<AggregateError>',
  name: 'Caused by: AggregateError',
  message: '',
  toString: 'Function<toString>',
  stacks: []
}
[31m[2m⎯⎯⎯⎯⎯⎯⎯⎯⎯⎯⎯⎯⎯⎯⎯⎯⎯⎯⎯⎯⎯⎯⎯⎯⎯⎯⎯⎯⎯⎯[22m[39m
[31m[1mSerialized Error:[22m[39m [90m{ errors: [ { stack: 'Error: connect ECONNREFUSED ::1:8787\n    at createConnectionError (node:net:1678:14)\n    at afterConnectMultiple (node:net:1708:16)', message: 'connect ECONNREFUSED ::1:8787', errno: -111, code: 'ECONNREFUSED', syscall: 'connect', address: '::1', port: 8787, constructor: 'Function<Error>', name: 'Error', toString: 'Function<toString>' }, { stack: 'Error: connect ECONNREFUSED 127.0.0.1:8787\n    at createConnectionError (node:net:1678:14)\n    at afterConnectMultiple (node:net:1708:16)', message: 'connect ECONNREFUSED 127.0.0.1:8787', errno: -111, code: 'ECONNREFUSED', syscall: 'connect', address: '127.0.0.1', port: 8787, constructor: 'Function<Error>', name: 'Error', toString: 'Function<toString>' } ], code: 'ECONNREFUSED' }[39m
[31m[2m⎯⎯⎯⎯⎯⎯⎯⎯⎯⎯⎯⎯⎯⎯⎯⎯⎯⎯⎯⎯⎯⎯⎯[9/58]⎯[22m[39m

[41m[1m FAIL [22m[49m tests/smoke/endpoints.test.ts[2m > [22mSmoke Tests - HTTP Endpoints[2m > [22mGET /deals[2m > [22mreturns 200 or 404
[41m[1m FAIL [22m[49m tests/smoke/endpoints.test.ts[2m > [22mSmoke Tests - HTTP Endpoints[2m > [22mGET /deals[2m > [22mreturns 200 or 404
[31m[1mTypeError[22m: fetch failed[39m
[36m [2m❯[22m tests/smoke/endpoints.test.ts:[2m42:19[22m[39m
    [90m 40|[39m   [34mdescribe[39m([32m"GET /deals"[39m[33m,[39m () [33m=>[39m {
    [90m 41|[39m     [34mit[39m([32m"returns 200 or 404"[39m[33m,[39m [35masync[39m () [33m=>[39m {
    [90m 42|[39m       [35mconst[39m res [33m=[39m [35mawait[39m [34mfetch[39m([32m`[39m[36m${[39m[33mBASE_URL[39m[36m}[39m[32m/deals`[39m)[33m;[39m
    [90m   |[39m                   [31m^[39m
    [90m 43|[39m       [34mexpect[39m([[34m200[39m[33m,[39m [34m404[39m])[33m.[39m[34mtoContain[39m(res[33m.[39mstatus)[33m;[39m
    [90m 44|[39m       [35mif[39m (res[33m.[39mstatus [33m===[39m [34m200[39m) {

{
  stack: 'AggregateError: \n' +
    '    at internalConnectMultiple (node:net:1134:18)\n' +
    '    at afterConnectMultiple (node:net:1715:7)',
  errors: [
    {
      stack: 'Error: connect ECONNREFUSED ::1:8787\n' +
        '    at createConnectionError (node:net:1678:14)\n' +
        '    at afterConnectMultiple (node:net:1708:16)',
      message: 'connect ECONNREFUSED ::1:8787',
      errno: -111,
      code: 'ECONNREFUSED',
      syscall: 'connect',
      address: '::1',
      port: 8787,
      constructor: 'Function<Error>',
      name: 'Error',
      toString: 'Function<toString>'
    },
    {
      stack: 'Error: connect ECONNREFUSED 127.0.0.1:8787\n' +
        '    at createConnectionError (node:net:1678:14)\n' +
        '    at afterConnectMultiple (node:net:1708:16)',
      message: 'connect ECONNREFUSED 127.0.0.1:8787',
      errno: -111,
      code: 'ECONNREFUSED',
      syscall: 'connect',
      address: '127.0.0.1',
      port: 8787,
      constructor: 'Function<Error>',
      name: 'Error',
      toString: 'Function<toString>'
    }
  ],
  code: 'ECONNREFUSED',
  constructor: 'Function<AggregateError>',
  name: 'Caused by: AggregateError',
  message: '',
  toString: 'Function<toString>',
  stacks: []
}
[31m[2m⎯⎯⎯⎯⎯⎯⎯⎯⎯⎯⎯⎯⎯⎯⎯⎯⎯⎯⎯⎯⎯⎯⎯⎯⎯⎯⎯⎯⎯⎯[22m[39m
[31m[1mSerialized Error:[22m[39m [90m{ errors: [ { stack: 'Error: connect ECONNREFUSED ::1:8787\n    at createConnectionError (node:net:1678:14)\n    at afterConnectMultiple (node:net:1708:16)', message: 'connect ECONNREFUSED ::1:8787', errno: -111, code: 'ECONNREFUSED', syscall: 'connect', address: '::1', port: 8787, constructor: 'Function<Error>', name: 'Error', toString: 'Function<toString>' }, { stack: 'Error: connect ECONNREFUSED 127.0.0.1:8787\n    at createConnectionError (node:net:1678:14)\n    at afterConnectMultiple (node:net:1708:16)', message: 'connect ECONNREFUSED 127.0.0.1:8787', errno: -111, code: 'ECONNREFUSED', syscall: 'connect', address: '127.0.0.1', port: 8787, constructor: 'Function<Error>', name: 'Error', toString: 'Function<toString>' } ], code: 'ECONNREFUSED' }[39m
[31m[2m⎯⎯⎯⎯⎯⎯⎯⎯⎯⎯⎯⎯⎯⎯⎯⎯⎯⎯⎯⎯⎯⎯[10/58]⎯[22m[39m

[41m[1m FAIL [22m[49m tests/smoke/endpoints.test.ts[2m > [22mSmoke Tests - HTTP Endpoints[2m > [22mUnknown Route[2m > [22mreturns 404 for non-existent routes
[41m[1m FAIL [22m[49m tests/smoke/endpoints.test.ts[2m > [22mSmoke Tests - HTTP Endpoints[2m > [22mUnknown Route[2m > [22mreturns 404 for non-existent routes
[31m[1mTypeError[22m: fetch failed[39m
[36m [2m❯[22m tests/smoke/endpoints.test.ts:[2m56:19[22m[39m
    [90m 54|[39m   [34mdescribe[39m([32m"Unknown Route"[39m[33m,[39m () [33m=>[39m {
    [90m 55|[39m     [34mit[39m([32m"returns 404 for non-existent routes"[39m[33m,[39m [35masync[39m () [33m=>[39m {
    [90m 56|[39m       [35mconst[39m res [33m=[39m [35mawait[39m [34mfetch[39m([32m`[39m[36m${[39m[33mBASE_URL[39m[36m}[39m[32m/invalid-route-123`[39m)[33m;[39m
    [90m   |[39m                   [31m^[39m
    [90m 57|[39m       [34mexpect[39m(res[33m.[39mstatus)[33m.[39m[34mtoBe[39m([34m404[39m)[33m;[39m
    [90m 58|[39m       [35mconst[39m body [33m=[39m ([35mawait[39m res[33m.[39m[34mjson[39m()) [35mas[39m any[33m;[39m

{
  stack: 'AggregateError: \n' +
    '    at internalConnectMultiple (node:net:1134:18)\n' +
    '    at afterConnectMultiple (node:net:1715:7)',
  errors: [
    {
      stack: 'Error: connect ECONNREFUSED ::1:8787\n' +
        '    at createConnectionError (node:net:1678:14)\n' +
        '    at afterConnectMultiple (node:net:1708:16)',
      message: 'connect ECONNREFUSED ::1:8787',
      errno: -111,
      code: 'ECONNREFUSED',
      syscall: 'connect',
      address: '::1',
      port: 8787,
      constructor: 'Function<Error>',
      name: 'Error',
      toString: 'Function<toString>'
    },
    {
      stack: 'Error: connect ECONNREFUSED 127.0.0.1:8787\n' +
        '    at createConnectionError (node:net:1678:14)\n' +
        '    at afterConnectMultiple (node:net:1708:16)',
      message: 'connect ECONNREFUSED 127.0.0.1:8787',
      errno: -111,
      code: 'ECONNREFUSED',
      syscall: 'connect',
      address: '127.0.0.1',
      port: 8787,
      constructor: 'Function<Error>',
      name: 'Error',
      toString: 'Function<toString>'
    }
  ],
  code: 'ECONNREFUSED',
  constructor: 'Function<AggregateError>',
  name: 'Caused by: AggregateError',
  message: '',
  toString: 'Function<toString>',
  stacks: []
}
[31m[2m⎯⎯⎯⎯⎯⎯⎯⎯⎯⎯⎯⎯⎯⎯⎯⎯⎯⎯⎯⎯⎯⎯⎯⎯⎯⎯⎯⎯⎯⎯[22m[39m
[31m[1mSerialized Error:[22m[39m [90m{ errors: [ { stack: 'Error: connect ECONNREFUSED ::1:8787\n    at createConnectionError (node:net:1678:14)\n    at afterConnectMultiple (node:net:1708:16)', message: 'connect ECONNREFUSED ::1:8787', errno: -111, code: 'ECONNREFUSED', syscall: 'connect', address: '::1', port: 8787, constructor: 'Function<Error>', name: 'Error', toString: 'Function<toString>' }, { stack: 'Error: connect ECONNREFUSED 127.0.0.1:8787\n    at createConnectionError (node:net:1678:14)\n    at afterConnectMultiple (node:net:1708:16)', message: 'connect ECONNREFUSED 127.0.0.1:8787', errno: -111, code: 'ECONNREFUSED', syscall: 'connect', address: '127.0.0.1', port: 8787, constructor: 'Function<Error>', name: 'Error', toString: 'Function<toString>' } ], code: 'ECONNREFUSED' }[39m
[31m[2m⎯⎯⎯⎯⎯⎯⎯⎯⎯⎯⎯⎯⎯⎯⎯⎯⎯⎯⎯⎯⎯⎯[11/58]⎯[22m[39m

[41m[1m FAIL [22m[49m tests/unit/webhook/routes-dispatcher.test.ts[2m > [22mWebhook Route Dispatcher[2m > [22mhandleWebhookRoutes()[2m > [22mshould route to list subscriptions handler
[41m[1m FAIL [22m[49m tests/unit/webhook/routes-dispatcher.test.ts[2m > [22mWebhook Route Dispatcher[2m > [22mhandleWebhookRoutes()[2m > [22mshould route to list subscriptions handler
[31m[1mAssertionError[22m: expected 401 to be 200 // Object.is equality[39m

[32m- Expected[39m
[31m+ Received[39m

[32m- 200[39m
[31m+ 401[39m

[36m [2m❯[22m tests/unit/webhook/routes-dispatcher.test.ts:[2m144:30[22m[39m
    [90m142|[39m       )[33m;[39m
    [90m143|[39m       [34mexpect[39m(result)[33m.[39mnot[33m.[39m[34mtoBeNull[39m()[33m;[39m
    [90m144|[39m       [34mexpect[39m(result[33m?.[39mstatus)[33m.[39m[34mtoBe[39m([34m200[39m)[33m;[39m
    [90m   |[39m                              [31m^[39m
    [90m145|[39m     })[33m;[39m
    [90m146|[39m

[31m[2m⎯⎯⎯⎯⎯⎯⎯⎯⎯⎯⎯⎯⎯⎯⎯⎯⎯⎯⎯⎯⎯⎯[12/58]⎯[22m[39m

[41m[1m FAIL [22m[49m tests/unit/webhook/routes-dispatcher.test.ts[2m > [22mWebhook Route Dispatcher[2m > [22mhandleWebhookRoutes()[2m > [22mshould route to DLQ handler
[41m[1m FAIL [22m[49m tests/unit/webhook/routes-dispatcher.test.ts[2m > [22mWebhook Route Dispatcher[2m > [22mhandleWebhookRoutes()[2m > [22mshould route to DLQ handler
[31m[1mAssertionError[22m: expected 401 to be 200 // Object.is equality[39m

[32m- Expected[39m
[31m+ Received[39m

[32m- 200[39m
[31m+ 401[39m

[36m [2m❯[22m tests/unit/webhook/routes-dispatcher.test.ts:[2m180:30[22m[39m
    [90m178|[39m       const result = await handleWebhookRoutes(request, env, "/webhook…
    [90m179|[39m       [34mexpect[39m(result)[33m.[39mnot[33m.[39m[34mtoBeNull[39m()[33m;[39m
    [90m180|[39m       [34mexpect[39m(result[33m?.[39mstatus)[33m.[39m[34mtoBe[39m([34m200[39m)[33m;[39m
    [90m   |[39m                              [31m^[39m
    [90m181|[39m     })[33m;[39m
    [90m182|[39m

[31m[2m⎯⎯⎯⎯⎯⎯⎯⎯⎯⎯⎯⎯⎯⎯⎯⎯⎯⎯⎯⎯⎯⎯[13/58]⎯[22m[39m

[41m[1m FAIL [22m[49m tests/unit/webhook/routes-handlers.test.ts[2m > [22mWebhook Route Handlers[2m > [22mhandleSubscribe()[2m > [22mshould reject missing required fields
[41m[1m FAIL [22m[49m tests/unit/webhook/routes-handlers.test.ts[2m > [22mWebhook Route Handlers[2m > [22mhandleSubscribe()[2m > [22mshould reject missing required fields
[31m[1mAssertionError[22m: expected 500 to be 400 // Object.is equality[39m

[32m- Expected[39m
[31m+ Received[39m

[32m- 400[39m
[31m+ 500[39m

[36m [2m❯[22m tests/unit/webhook/routes-handlers.test.ts:[2m119:31[22m[39m
    [90m117|[39m       )[33m;[39m
    [90m118|[39m       [35mconst[39m response [33m=[39m [35mawait[39m [34mhandleSubscribe[39m(request[33m,[39m env)[33m;[39m
    [90m119|[39m       [34mexpect[39m(response[33m.[39mstatus)[33m.[39m[34mtoBe[39m([34m400[39m)[33m;[39m
    [90m   |[39m                               [31m^[39m
    [90m120|[39m     })[33m;[39m
    [90m121|[39m

[31m[2m⎯⎯⎯⎯⎯⎯⎯⎯⎯⎯⎯⎯⎯⎯⎯⎯⎯⎯⎯⎯⎯⎯[14/58]⎯[22m[39m

[41m[1m FAIL [22m[49m tests/unit/webhook/routes-handlers.test.ts[2m > [22mWebhook Route Handlers[2m > [22mhandleSubscribe()[2m > [22mshould reject invalid URL
[41m[1m FAIL [22m[49m tests/unit/webhook/routes-handlers.test.ts[2m > [22mWebhook Route Handlers[2m > [22mhandleSubscribe()[2m > [22mshould reject invalid URL
[31m[1mAssertionError[22m: expected 500 to be 400 // Object.is equality[39m

[32m- Expected[39m
[31m+ Received[39m

[32m- 400[39m
[31m+ 500[39m

[36m [2m❯[22m tests/unit/webhook/routes-handlers.test.ts:[2m132:31[22m[39m
    [90m130|[39m       )[33m;[39m
    [90m131|[39m       [35mconst[39m response [33m=[39m [35mawait[39m [34mhandleSubscribe[39m(request[33m,[39m env)[33m;[39m
    [90m132|[39m       [34mexpect[39m(response[33m.[39mstatus)[33m.[39m[34mtoBe[39m([34m400[39m)[33m;[39m
    [90m   |[39m                               [31m^[39m
    [90m133|[39m     })[33m;[39m
    [90m134|[39m

[31m[2m⎯⎯⎯⎯⎯⎯⎯⎯⎯⎯⎯⎯⎯⎯⎯⎯⎯⎯⎯⎯⎯⎯[15/58]⎯[22m[39m

[41m[1m FAIL [22m[49m tests/unit/webhook/routes-handlers.test.ts[2m > [22mWebhook Route Handlers[2m > [22mhandleSubscribe()[2m > [22mshould reject invalid event types
[41m[1m FAIL [22m[49m tests/unit/webhook/routes-handlers.test.ts[2m > [22mWebhook Route Handlers[2m > [22mhandleSubscribe()[2m > [22mshould reject invalid event types
[31m[1mAssertionError[22m: expected 500 to be 400 // Object.is equality[39m

[32m- Expected[39m
[31m+ Received[39m

[32m- 400[39m
[31m+ 500[39m

[36m [2m❯[22m tests/unit/webhook/routes-handlers.test.ts:[2m145:31[22m[39m
    [90m143|[39m       )[33m;[39m
    [90m144|[39m       [35mconst[39m response [33m=[39m [35mawait[39m [34mhandleSubscribe[39m(request[33m,[39m env)[33m;[39m
    [90m145|[39m       [34mexpect[39m(response[33m.[39mstatus)[33m.[39m[34mtoBe[39m([34m400[39m)[33m;[39m
    [90m   |[39m                               [31m^[39m
    [90m146|[39m     })[33m;[39m
    [90m147|[39m

[31m[2m⎯⎯⎯⎯⎯⎯⎯⎯⎯⎯⎯⎯⎯⎯⎯⎯⎯⎯⎯⎯⎯⎯[16/58]⎯[22m[39m

[41m[1m FAIL [22m[49m tests/unit/webhook/routes-handlers.test.ts[2m > [22mWebhook Route Handlers[2m > [22mhandleSubscribe()[2m > [22mshould create subscription with valid input
[41m[1m FAIL [22m[49m tests/unit/webhook/routes-handlers.test.ts[2m > [22mWebhook Route Handlers[2m > [22mhandleSubscribe()[2m > [22mshould create subscription with valid input
[31m[1mAssertionError[22m: expected 500 to be 201 // Object.is equality[39m

[32m- Expected[39m
[31m+ Received[39m

[32m- 201[39m
[31m+ 500[39m

[36m [2m❯[22m tests/unit/webhook/routes-handlers.test.ts:[2m158:31[22m[39m
    [90m156|[39m       )[33m;[39m
    [90m157|[39m       [35mconst[39m response [33m=[39m [35mawait[39m [34mhandleSubscribe[39m(request[33m,[39m env)[33m;[39m
    [90m158|[39m       [34mexpect[39m(response[33m.[39mstatus)[33m.[39m[34mtoBe[39m([34m201[39m)[33m;[39m
    [90m   |[39m                               [31m^[39m
    [90m159|[39m     })[33m;[39m
    [90m160|[39m   })[33m;[39m

[31m[2m⎯⎯⎯⎯⎯⎯⎯⎯⎯⎯⎯⎯⎯⎯⎯⎯⎯⎯⎯⎯⎯⎯[17/58]⎯[22m[39m

[41m[1m FAIL [22m[49m tests/unit/webhook/routes-handlers.test.ts[2m > [22mWebhook Route Handlers[2m > [22mhandleUnsubscribe()[2m > [22mshould reject missing subscription_id
[41m[1m FAIL [22m[49m tests/unit/webhook/routes-handlers.test.ts[2m > [22mWebhook Route Handlers[2m > [22mhandleUnsubscribe()[2m > [22mshould reject missing subscription_id
[31m[1mAssertionError[22m: expected 500 to be 400 // Object.is equality[39m

[32m- Expected[39m
[31m+ Received[39m

[32m- 400[39m
[31m+ 500[39m

[36m [2m❯[22m tests/unit/webhook/routes-handlers.test.ts:[2m186:31[22m[39m
    [90m184|[39m       )[33m;[39m
    [90m185|[39m       [35mconst[39m response [33m=[39m [35mawait[39m [34mhandleUnsubscribe[39m(request[33m,[39m env)[33m;[39m
    [90m186|[39m       [34mexpect[39m(response[33m.[39mstatus)[33m.[39m[34mtoBe[39m([34m400[39m)[33m;[39m
    [90m   |[39m                               [31m^[39m
    [90m187|[39m     })[33m;[39m
    [90m188|[39m

[31m[2m⎯⎯⎯⎯⎯⎯⎯⎯⎯⎯⎯⎯⎯⎯⎯⎯⎯⎯⎯⎯⎯⎯[18/58]⎯[22m[39m

[41m[1m FAIL [22m[49m tests/unit/webhook/routes-handlers.test.ts[2m > [22mWebhook Route Handlers[2m > [22mhandleUnsubscribe()[2m > [22mshould return 404 for nonexistent subscription
[41m[1m FAIL [22m[49m tests/unit/webhook/routes-handlers.test.ts[2m > [22mWebhook Route Handlers[2m > [22mhandleUnsubscribe()[2m > [22mshould return 404 for nonexistent subscription
[31m[1mAssertionError[22m: expected 500 to be 404 // Object.is equality[39m

[32m- Expected[39m
[31m+ Received[39m

[32m- 404[39m
[31m+ 500[39m

[36m [2m❯[22m tests/unit/webhook/routes-handlers.test.ts:[2m199:31[22m[39m
    [90m197|[39m       )[33m;[39m
    [90m198|[39m       [35mconst[39m response [33m=[39m [35mawait[39m [34mhandleUnsubscribe[39m(request[33m,[39m env)[33m;[39m
    [90m199|[39m       [34mexpect[39m(response[33m.[39mstatus)[33m.[39m[34mtoBe[39m([34m404[39m)[33m;[39m
    [90m   |[39m                               [31m^[39m
    [90m200|[39m     })[33m;[39m
    [90m201|[39m   })[33m;[39m

[31m[2m⎯⎯⎯⎯⎯⎯⎯⎯⎯⎯⎯⎯⎯⎯⎯⎯⎯⎯⎯⎯⎯⎯[19/58]⎯[22m[39m

[41m[1m FAIL [22m[49m tests/unit/webhook/routes-handlers.test.ts[2m > [22mWebhook Route Handlers[2m > [22mhandleListSubscriptions()[2m > [22mshould return empty list when no subscriptions exist
[41m[1m FAIL [22m[49m tests/unit/webhook/routes-handlers.test.ts[2m > [22mWebhook Route Handlers[2m > [22mhandleListSubscriptions()[2m > [22mshould return empty list when no subscriptions exist
[31m[1mAssertionError[22m: expected 500 to be 200 // Object.is equality[39m

[32m- Expected[39m
[31m+ Received[39m

[32m- 200[39m
[31m+ 500[39m

[36m [2m❯[22m tests/unit/webhook/routes-handlers.test.ts:[2m225:31[22m[39m
    [90m223|[39m       })[33m;[39m
    [90m224|[39m       [35mconst[39m response [33m=[39m [35mawait[39m [34mhandleListSubscriptions[39m(request[33m,[39m env)[33m;[39m
    [90m225|[39m       [34mexpect[39m(response[33m.[39mstatus)[33m.[39m[34mtoBe[39m([34m200[39m)[33m;[39m
    [90m   |[39m                               [31m^[39m
    [90m226|[39m     })[33m;[39m
    [90m227|[39m

[31m[2m⎯⎯⎯⎯⎯⎯⎯⎯⎯⎯⎯⎯⎯⎯⎯⎯⎯⎯⎯⎯⎯⎯[20/58]⎯[22m[39m

[41m[1m FAIL [22m[49m tests/unit/webhook/routes-handlers.test.ts[2m > [22mWebhook Route Handlers[2m > [22mhandleListSubscriptions()[2m > [22mshould use partner_id from query params
[41m[1m FAIL [22m[49m tests/unit/webhook/routes-handlers.test.ts[2m > [22mWebhook Route Handlers[2m > [22mhandleListSubscriptions()[2m > [22mshould use partner_id from query params
[31m[1mAssertionError[22m: expected 500 to be 200 // Object.is equality[39m

[32m- Expected[39m
[31m+ Received[39m

[32m- 200[39m
[31m+ 500[39m

[36m [2m❯[22m tests/unit/webhook/routes-handlers.test.ts:[2m239:31[22m[39m
    [90m237|[39m       )[33m;[39m
    [90m238|[39m       [35mconst[39m response [33m=[39m [35mawait[39m [34mhandleListSubscriptions[39m(request[33m,[39m env)[33m;[39m
    [90m239|[39m       [34mexpect[39m(response[33m.[39mstatus)[33m.[39m[34mtoBe[39m([34m200[39m)[33m;[39m
    [90m   |[39m                               [31m^[39m
    [90m240|[39m     })[33m;[39m
    [90m241|[39m   })[33m;[39m

[31m[2m⎯⎯⎯⎯⎯⎯⎯⎯⎯⎯⎯⎯⎯⎯⎯⎯⎯⎯⎯⎯⎯⎯[21/58]⎯[22m[39m

[41m[1m FAIL [22m[49m tests/unit/webhook/routes-handlers.test.ts[2m > [22mWebhook Route Handlers[2m > [22mhandleCreatePartner()[2m > [22mshould reject missing name
[41m[1m FAIL [22m[49m tests/unit/webhook/routes-handlers.test.ts[2m > [22mWebhook Route Handlers[2m > [22mhandleCreatePartner()[2m > [22mshould reject missing name
[31m[1mAssertionError[22m: expected 500 to be 400 // Object.is equality[39m

[32m- Expected[39m
[31m+ Received[39m

[32m- 400[39m
[31m+ 500[39m

[36m [2m❯[22m tests/unit/webhook/routes-handlers.test.ts:[2m267:31[22m[39m
    [90m265|[39m       )[33m;[39m
    [90m266|[39m       [35mconst[39m response [33m=[39m [35mawait[39m [34mhandleCreatePartner[39m(request[33m,[39m env)[33m;[39m
    [90m267|[39m       [34mexpect[39m(response[33m.[39mstatus)[33m.[39m[34mtoBe[39m([34m400[39m)[33m;[39m
    [90m   |[39m                               [31m^[39m
    [90m268|[39m     })[33m;[39m
    [90m269|[39m

[31m[2m⎯⎯⎯⎯⎯⎯⎯⎯⎯⎯⎯⎯⎯⎯⎯⎯⎯⎯⎯⎯⎯⎯[22/58]⎯[22m[39m

[41m[1m FAIL [22m[49m tests/unit/webhook/routes-handlers.test.ts[2m > [22mWebhook Route Handlers[2m > [22mhandleCreatePartner()[2m > [22mshould create partner with valid input
[41m[1m FAIL [22m[49m tests/unit/webhook/routes-handlers.test.ts[2m > [22mWebhook Route Handlers[2m > [22mhandleCreatePartner()[2m > [22mshould create partner with valid input
[31m[1mAssertionError[22m: expected 500 to be 201 // Object.is equality[39m

[32m- Expected[39m
[31m+ Received[39m

[32m- 201[39m
[31m+ 500[39m

[36m [2m❯[22m tests/unit/webhook/routes-handlers.test.ts:[2m280:31[22m[39m
    [90m278|[39m       )[33m;[39m
    [90m279|[39m       [35mconst[39m response [33m=[39m [35mawait[39m [34mhandleCreatePartner[39m(request[33m,[39m env)[33m;[39m
    [90m280|[39m       [34mexpect[39m(response[33m.[39mstatus)[33m.[39m[34mtoBe[39m([34m201[39m)[33m;[39m
    [90m   |[39m                               [31m^[39m
    [90m281|[39m     })[33m;[39m
    [90m282|[39m   })[33m;[39m

[31m[2m⎯⎯⎯⎯⎯⎯⎯⎯⎯⎯⎯⎯⎯⎯⎯⎯⎯⎯⎯⎯⎯⎯[23/58]⎯[22m[39m

[41m[1m FAIL [22m[49m tests/unit/webhook/routes-handlers.test.ts[2m > [22mWebhook Route Handlers[2m > [22mhandleGetPartner()[2m > [22mshould return 404 for nonexistent partner
[41m[1m FAIL [22m[49m tests/unit/webhook/routes-handlers.test.ts[2m > [22mWebhook Route Handlers[2m > [22mhandleGetPartner()[2m > [22mshould return 404 for nonexistent partner
[31m[1mAssertionError[22m: expected 500 to be 404 // Object.is equality[39m

[32m- Expected[39m
[31m+ Received[39m

[32m- 404[39m
[31m+ 500[39m

[36m [2m❯[22m tests/unit/webhook/routes-handlers.test.ts:[2m303:31[22m[39m
    [90m301|[39m       })[33m;[39m
    [90m302|[39m       const response = await handleGetPartner(request, env, "nonexiste…
    [90m303|[39m       [34mexpect[39m(response[33m.[39mstatus)[33m.[39m[34mtoBe[39m([34m404[39m)[33m;[39m
    [90m   |[39m                               [31m^[39m
    [90m304|[39m     })[33m;[39m
    [90m305|[39m   })[33m;[39m

[31m[2m⎯⎯⎯⎯⎯⎯⎯⎯⎯⎯⎯⎯⎯⎯⎯⎯⎯⎯⎯⎯⎯⎯[24/58]⎯[22m[39m

[41m[1m FAIL [22m[49m tests/unit/webhook/routes-handlers.test.ts[2m > [22mWebhook Route Handlers[2m > [22mhandleGetDeadLetterQueue()[2m > [22mshould return empty DLQ
[41m[1m FAIL [22m[49m tests/unit/webhook/routes-handlers.test.ts[2m > [22mWebhook Route Handlers[2m > [22mhandleGetDeadLetterQueue()[2m > [22mshould return empty DLQ
[31m[1mAssertionError[22m: expected 500 to be 200 // Object.is equality[39m

[32m- Expected[39m
[31m+ Received[39m

[32m- 200[39m
[31m+ 500[39m

[36m [2m❯[22m tests/unit/webhook/routes-handlers.test.ts:[2m326:31[22m[39m
    [90m324|[39m       })[33m;[39m
    [90m325|[39m       [35mconst[39m response [33m=[39m [35mawait[39m [34mhandleGetDeadLetterQueue[39m(request[33m,[39m env)[33m;[39m
    [90m326|[39m       [34mexpect[39m(response[33m.[39mstatus)[33m.[39m[34mtoBe[39m([34m200[39m)[33m;[39m
    [90m   |[39m                               [31m^[39m
    [90m327|[39m     })[33m;[39m
    [90m328|[39m   })[33m;[39m

[31m[2m⎯⎯⎯⎯⎯⎯⎯⎯⎯⎯⎯⎯⎯⎯⎯⎯⎯⎯⎯⎯⎯⎯[25/58]⎯[22m[39m

[41m[1m FAIL [22m[49m tests/unit/webhook/routes-handlers.test.ts[2m > [22mWebhook Route Handlers[2m > [22mhandleRetryDeadLetter()[2m > [22mshould return 404 for nonexistent DLQ entry
[41m[1m FAIL [22m[49m tests/unit/webhook/routes-handlers.test.ts[2m > [22mWebhook Route Handlers[2m > [22mhandleRetryDeadLetter()[2m > [22mshould return 404 for nonexistent DLQ entry
[31m[1mAssertionError[22m: expected 500 to be 404 // Object.is equality[39m

[32m- Expected[39m
[31m+ Received[39m

[32m- 404[39m
[31m+ 500[39m

[36m [2m❯[22m tests/unit/webhook/routes-handlers.test.ts:[2m362:31[22m[39m
    [90m360|[39m         [32m"sub_1"[39m[33m,[39m
    [90m361|[39m       )[33m;[39m
    [90m362|[39m       [34mexpect[39m(response[33m.[39mstatus)[33m.[39m[34mtoBe[39m([34m404[39m)[33m;[39m
    [90m   |[39m                               [31m^[39m
    [90m363|[39m     })[33m;[39m
    [90m364|[39m   })[33m;[39m

[31m[2m⎯⎯⎯⎯⎯⎯⎯⎯⎯⎯⎯⎯⎯⎯⎯⎯⎯⎯⎯⎯⎯⎯[26/58]⎯[22m[39m

[41m[1m FAIL [22m[49m tests/unit/webhook/routes-handlers.test.ts[2m > [22mWebhook Route Handlers[2m > [22mhandleCreateSyncConfig()[2m > [22mshould reject missing required fields
[41m[1m FAIL [22m[49m tests/unit/webhook/routes-handlers.test.ts[2m > [22mWebhook Route Handlers[2m > [22mhandleCreateSyncConfig()[2m > [22mshould reject missing required fields
[31m[1mAssertionError[22m: expected 500 to be 400 // Object.is equality[39m

[32m- Expected[39m
[31m+ Received[39m

[32m- 400[39m
[31m+ 500[39m

[36m [2m❯[22m tests/unit/webhook/routes-handlers.test.ts:[2m390:31[22m[39m
    [90m388|[39m       )[33m;[39m
    [90m389|[39m       [35mconst[39m response [33m=[39m [35mawait[39m [34mhandleCreateSyncConfig[39m(request[33m,[39m env)[33m;[39m
    [90m390|[39m       [34mexpect[39m(response[33m.[39mstatus)[33m.[39m[34mtoBe[39m([34m400[39m)[33m;[39m
    [90m   |[39m                               [31m^[39m
    [90m391|[39m     })[33m;[39m
    [90m392|[39m

[31m[2m⎯⎯⎯⎯⎯⎯⎯⎯⎯⎯⎯⎯⎯⎯⎯⎯⎯⎯⎯⎯⎯⎯[27/58]⎯[22m[39m

[41m[1m FAIL [22m[49m tests/unit/webhook/routes-handlers.test.ts[2m > [22mWebhook Route Handlers[2m > [22mhandleCreateSyncConfig()[2m > [22mshould create sync config with valid input
[41m[1m FAIL [22m[49m tests/unit/webhook/routes-handlers.test.ts[2m > [22mWebhook Route Handlers[2m > [22mhandleCreateSyncConfig()[2m > [22mshould create sync config with valid input
[31m[1mAssertionError[22m: expected 500 to be 201 // Object.is equality[39m

[32m- Expected[39m
[31m+ Received[39m

[32m- 201[39m
[31m+ 500[39m

[36m [2m❯[22m tests/unit/webhook/routes-handlers.test.ts:[2m407:31[22m[39m
    [90m405|[39m       )[33m;[39m
    [90m406|[39m       [35mconst[39m response [33m=[39m [35mawait[39m [34mhandleCreateSyncConfig[39m(request[33m,[39m env)[33m;[39m
    [90m407|[39m       [34mexpect[39m(response[33m.[39mstatus)[33m.[39m[34mtoBe[39m([34m201[39m)[33m;[39m
    [90m   |[39m                               [31m^[39m
    [90m408|[39m     })[33m;[39m
    [90m409|[39m   })[33m;[39m

[31m[2m⎯⎯⎯⎯⎯⎯⎯⎯⎯⎯⎯⎯⎯⎯⎯⎯⎯⎯⎯⎯⎯⎯[28/58]⎯[22m[39m

[41m[1m FAIL [22m[49m tests/unit/webhook/routes-handlers.test.ts[2m > [22mWebhook Route Handlers[2m > [22mhandleGetSyncState()[2m > [22mshould return 404 when no sync state exists
[41m[1m FAIL [22m[49m tests/unit/webhook/routes-handlers.test.ts[2m > [22mWebhook Route Handlers[2m > [22mhandleGetSyncState()[2m > [22mshould return 404 when no sync state exists
[31m[1mAssertionError[22m: expected 500 to be 404 // Object.is equality[39m

[32m- Expected[39m
[31m+ Received[39m

[32m- 404[39m
[31m+ 500[39m

[36m [2m❯[22m tests/unit/webhook/routes-handlers.test.ts:[2m430:31[22m[39m
    [90m428|[39m       })[33m;[39m
    [90m429|[39m       [35mconst[39m response [33m=[39m [35mawait[39m [34mhandleGetSyncState[39m(request[33m,[39m env[33m,[39m [32m"p1"[39m)[33m;[39m
    [90m430|[39m       [34mexpect[39m(response[33m.[39mstatus)[33m.[39m[34mtoBe[39m([34m404[39m)[33m;[39m
    [90m   |[39m                               [31m^[39m
    [90m431|[39m     })[33m;[39m
    [90m432|[39m   })[33m;[39m

[31m[2m⎯⎯⎯⎯⎯⎯⎯⎯⎯⎯⎯⎯⎯⎯⎯⎯⎯⎯⎯⎯⎯⎯[29/58]⎯[22m[39m


[2m Test Files [22m [1m[31m4 failed[39m[22m[2m | [22m[1m[32m80 passed[39m[22m[90m (84)[39m
[2m      Tests [22m [1m[31m29 failed[39m[22m[2m | [22m[1m[32m1573 passed[39m[22m[2m | [22m[33m6 skipped[39m[90m (1608)[39m
[2m   Start at [22m 10:22:53
[2m   Duration [22m 43.99s[2m (transform 2.89s, setup 0ms, import 7.83s, tests 15.75s, environment 14ms)[22m
